# CVS $Revision$ $Author$
SOURCELONG:Ultimate Equipment	SOURCESHORT:UE	SOURCEWEB:http://paizo.com/products/btpy8tmc	SOURCEDATE:2012-08
# ORIGINAL ENTRY: James Dempsey
# ORIGINAL ENTRY DATE: 22 May 2013

# Note: Core items are .MODed to add UE source info, cost and weight. Duplicate items from APG and UC are entered in full. 

# Equipment Name					Type				Cost		Weight	Source Page
Decoy Ring	COST:12000	TYPE:Magic.Ring.LesserMedium	SOURCEPAGE:p.166	WT:0		
Dungeon Ring (Jailers)	OUTPUTNAME:Dungeon Ring, Jailer's	COST:16000	TYPE:Magic.Ring.LesserMedium	SOURCEPAGE:p.166	WT:0		
Dungeon Ring (Prisoners)	OUTPUTNAME:Dungeon Ring, Prisoner's	COST:250	TYPE:Magic.Ring.LesserMinor	SOURCEPAGE:p.166	WT:0		
Ring of Animal Friendship.MOD	COST:10800	TYPE:LesserMedium	SOURCEPAGE:p.166	WT:0	SOURCELONG:Ultimate Equipment	SOURCESHORT:UE	
Ring of Arcane Mastery	COST:20000	TYPE:Magic.Ring.GreaterMedium	SOURCEPAGE:p.167	WT:0		
Ring of Arcane Signets	COST:1000	TYPE:Magic.Ring.LesserMinor	SOURCEPAGE:p.167	WT:0		
Ring of Blinking.MOD	COST:27000	TYPE:GreaterMedium	SOURCEPAGE:p.168	WT:0	SOURCELONG:Ultimate Equipment	SOURCESHORT:UE	
Ring of Chameleon Power.MOD	COST:12700	TYPE:LesserMedium	SOURCEPAGE:p.168	WT:0	SOURCELONG:Ultimate Equipment	SOURCESHORT:UE	
Ring of Climbing (Improved).MOD	COST:10000	TYPE:LesserMedium	SOURCEPAGE:p.168	WT:0	SOURCELONG:Ultimate Equipment	SOURCESHORT:UE	
Ring of Climbing.MOD	COST:2500	TYPE:LesserMinor	SOURCEPAGE:p.168	WT:0	SOURCELONG:Ultimate Equipment	SOURCESHORT:UE	
Ring of Continuation	COST:56000	TYPE:Magic.Ring.GreaterMajor	SOURCEPAGE:p.168	WT:0		
Ring of Counterspells	COST:4000	TYPE:Magic.Ring.GreaterMinor	SOURCEPAGE:p.168	WT:0		
Ring of Craft Magic	COST:12000	TYPE:Magic.Ring.LesserMedium	SOURCEPAGE:p.168	WT:0		
Ring of Curing	COST:10000	TYPE:Magic.Ring.LesserMedium	SOURCEPAGE:p.168	WT:0		
Ring of Delayed Doom	COST:45000	TYPE:Magic.Ring.LesserMajor	SOURCEPAGE:p.169	WT:0		
Ring of Djinni Calling.MOD	COST:125000	TYPE:GreaterMajor	SOURCEPAGE:p.169	WT:0	SOURCELONG:Ultimate Equipment	SOURCESHORT:UE	
Ring of Ectoplasmic Invigoration	COST:12000	TYPE:Magic.Ring.LesserMedium	SOURCEPAGE:p.169	WT:0		
Ring of Elemental Command (Air).MOD	COST:200000	TYPE:GreaterMajor	SOURCEPAGE:p.169	WT:0	SOURCELONG:Ultimate Equipment	SOURCESHORT:UE	
Ring of Elemental Command (Earth).MOD	COST:200000	TYPE:GreaterMajor	SOURCEPAGE:p.169	WT:0	SOURCELONG:Ultimate Equipment	SOURCESHORT:UE	
Ring of Elemental Command (Fire).MOD	COST:200000	TYPE:GreaterMajor	SOURCEPAGE:p.169	WT:0	SOURCELONG:Ultimate Equipment	SOURCESHORT:UE	
Ring of Elemental Command (Water).MOD	COST:200000	TYPE:GreaterMajor	SOURCEPAGE:p.169	WT:0	SOURCELONG:Ultimate Equipment	SOURCESHORT:UE	
Ring of Energy Resistance (Minor/Acid).MOD		COST:12000	TYPE:LesserMedium	SOURCEPAGE:p.170	WT:0	SOURCELONG:Ultimate Equipment	SOURCESHORT:UE
Ring of Energy Resistance (Major/Acid).MOD		COST:28000	TYPE:LesserMajor	SOURCEPAGE:p.170	WT:0	SOURCELONG:Ultimate Equipment	SOURCESHORT:UE
Ring of Energy Resistance (Greater/Acid).MOD	COST:44000	TYPE:LesserMajor	SOURCEPAGE:p.170	WT:0	SOURCELONG:Ultimate Equipment	SOURCESHORT:UE	
Ring of Energy Resistance (Minor/Cold).MOD		COST:12000	TYPE:LesserMedium	SOURCEPAGE:p.170	WT:0	SOURCELONG:Ultimate Equipment	SOURCESHORT:UE
Ring of Energy Resistance (Major/Cold).MOD		COST:28000	TYPE:LesserMajor	SOURCEPAGE:p.170	WT:0	SOURCELONG:Ultimate Equipment	SOURCESHORT:UE
Ring of Energy Resistance (Greater/Cold).MOD	COST:44000	TYPE:LesserMajor	SOURCEPAGE:p.170	WT:0	SOURCELONG:Ultimate Equipment	SOURCESHORT:UE	
Ring of Energy Resistance (Minor/Electricity).MOD	COST:12000	TYPE:LesserMedium	SOURCEPAGE:p.170	WT:0	SOURCELONG:Ultimate Equipment	SOURCESHORT:UE
Ring of Energy Resistance (Major/Electricity).MOD	COST:28000	TYPE:LesserMajor	SOURCEPAGE:p.170	WT:0	SOURCELONG:Ultimate Equipment	SOURCESHORT:UE
Ring of Energy Resistance (Greater/Electricity).MOD	COST:44000	TYPE:LesserMajor	SOURCEPAGE:p.170	WT:0	SOURCELONG:Ultimate Equipment	SOURCESHORT:UE
Ring of Energy Resistance (Minor/Fire).MOD		COST:12000	TYPE:LesserMedium	SOURCEPAGE:p.170	WT:0	SOURCELONG:Ultimate Equipment	SOURCESHORT:UE
Ring of Energy Resistance (Major/Fire).MOD		COST:28000	TYPE:LesserMajor	SOURCEPAGE:p.170	WT:0	SOURCELONG:Ultimate Equipment	SOURCESHORT:UE
Ring of Energy Resistance (Greater/Fire).MOD		COST:44000	TYPE:LesserMajor	SOURCEPAGE:p.170	WT:0	SOURCELONG:Ultimate Equipment	SOURCESHORT:UE
Ring of Energy Resistance (Minor/Sonic).MOD		COST:12000	TYPE:LesserMedium	SOURCEPAGE:p.170	WT:0	SOURCELONG:Ultimate Equipment	SOURCESHORT:UE
Ring of Energy Resistance (Major/Sonic).MOD		COST:28000	TYPE:LesserMajor	SOURCEPAGE:p.170	WT:0	SOURCELONG:Ultimate Equipment	SOURCESHORT:UE
Ring of Energy Resistance (Greater/Sonic).MOD		COST:44000	TYPE:LesserMajor	SOURCEPAGE:p.170	WT:0	SOURCELONG:Ultimate Equipment	SOURCESHORT:UE
Ring of Energy Shroud (Acid)	COST:19500	TYPE:Magic.Ring.GreaterMedium	SOURCEPAGE:p.170	WT:0		SPROP:Grants Acid Resistance 10		SPELLS:Magic Item|Elemental Aura
Ring of Energy Shroud (Cold)	COST:19500	TYPE:Magic.Ring.GreaterMedium	SOURCEPAGE:p.170	WT:0		SPROP:Grants Cold Resistance 10		SPELLS:Magic Item|Elemental Aura
Ring of Energy Shroud (Electricity)	COST:19500	TYPE:Magic.Ring.GreaterMedium	SOURCEPAGE:p.170	WT:0		SPROP:Grants Electricity Resistance 10		SPELLS:Magic Item|Elemental Aura
Ring of Energy Shroud (Fire)	COST:19500	TYPE:Magic.Ring.GreaterMedium	SOURCEPAGE:p.170	WT:0		SPROP:Grants Fire Resistance 10		SPELLS:Magic Item|Elemental Aura
Ring of Energy Shroud (Sonic)	COST:19500	TYPE:Magic.Ring.GreaterMedium	SOURCEPAGE:p.170	WT:0		SPROP:Grants Sonic Resistance 10		SPELLS:Magic Item|Elemental Aura
Ring of Evasion.MOD	COST:25000	TYPE:GreaterMedium	SOURCEPAGE:p.170	WT:0	SOURCELONG:Ultimate Equipment	SOURCESHORT:UE	
Ring of Feather Falling.MOD	COST:2200	TYPE:LesserMinor	SOURCEPAGE:p.170	WT:0	SOURCELONG:Ultimate Equipment	SOURCESHORT:UE	
Ring of Ferocious Action	COST:3000	TYPE:Magic.Ring.LesserMinor	SOURCEPAGE:p.170	WT:0		SPROP:May ignore the Staggered condition up to 5/day
Ring of Foe Focus	COST:10000	TYPE:Magic.Ring.LesserMedium	SOURCEPAGE:p.170	WT:0		SPROP:Grants +2 AC and saving throws against designated opponent.
Ring of Force Shield.MOD	COST:8500	TYPE:LesserMedium	SOURCEPAGE:p.171	WT:0	SOURCELONG:Ultimate Equipment	SOURCESHORT:UE	
Ring of Forcefangs	COST:8000	TYPE:Magic.Ring.LesserMedium	SOURCEPAGE:p.171	WT:0		SPROP:Can absorb force effect spells up to 9 charges. Each charge may be expended as per Magic Missile.
Ring of Freedom of Movement.MOD	COST:40000	TYPE:LesserMajor	SOURCEPAGE:p.171	WT:0	SOURCELONG:Ultimate Equipment	SOURCESHORT:UE	
Ring of Friend Shield.MOD	COST:50000	TYPE:GreaterMajor	SOURCEPAGE:p.171	WT:0	SOURCELONG:Ultimate Equipment	SOURCESHORT:UE	
Ring of Grit Mastery	COST:6840	TYPE:Magic.Ring.GreaterMinor	SOURCEPAGE:p.171	WT:0		SPROP:Stores up to 2 grit points.
Ring of Inner Fortitude (Greater)	OUTPUTNAME:Ring of Inner Fortitude, Greater	COST:66000	TYPE:Magic.Ring.GreaterMajor	SOURCEPAGE:p.171	WT:0		SPROP:Reduces ability damage or penalty by 6, ability drain by 3.
Ring of Inner Fortitude (Major)	OUTPUTNAME:Ring of Inner Fortitude, Major	COST:42000	TYPE:Magic.Ring.LesserMajor	SOURCEPAGE:p.171	WT:0		SPROP:Reduces ability damage or penalty by 4, ability drain by 2.
Ring of Inner Fortitude (Minor)	OUTPUTNAME:Ring of Inner Fortitude, Minor	COST:18000	TYPE:Magic.Ring.GreaterMedium	SOURCEPAGE:p.171	WT:0		SPROP:Reduces ability damage or penalty by 2, ability drain by 1.
Ring of Invisibility.MOD	COST:20000	TYPE:GreaterMedium	SOURCEPAGE:p.171	WT:0	SOURCELONG:Ultimate Equipment	SOURCESHORT:UE	
Ring of Jumping (Improved).MOD	COST:10000	TYPE:LesserMedium	SOURCEPAGE:p.172	WT:0	SOURCELONG:Ultimate Equipment	SOURCESHORT:UE	
Ring of Jumping.MOD	COST:2500	TYPE:LesserMinor	SOURCEPAGE:p.172	WT:0	SOURCELONG:Ultimate Equipment	SOURCESHORT:UE	
Ring of Ki Mastery	COST:10000	TYPE:Magic.Ring.LesserMedium	SOURCEPAGE:p.172	WT:0		SPROP:Can store up to 2 Ki points.
Ring of Maniacal Devices	COST:5000	TYPE:Magic.Ring.GreaterMinor	SOURCEPAGE:p.172	WT:0		BONUS:SKILL|Craft (Traps),Disable Device|5|TYPE=Competence
Ring of Mind Shielding.MOD	COST:8000	TYPE:LesserMedium	SOURCEPAGE:p.172	WT:0	SOURCELONG:Ultimate Equipment	SOURCESHORT:UE	
Ring of Protection +1.MOD	COST:2000	TYPE:LesserMinor	SOURCEPAGE:p.172	WT:0	SOURCELONG:Ultimate Equipment	SOURCESHORT:UE	
Ring of Protection +2.MOD	COST:8000	TYPE:LesserMedium	SOURCEPAGE:p.172	WT:0	SOURCELONG:Ultimate Equipment	SOURCESHORT:UE	
Ring of Protection +3.MOD	COST:18000	TYPE:GreaterMedium	SOURCEPAGE:p.172	WT:0	SOURCELONG:Ultimate Equipment	SOURCESHORT:UE	
Ring of Protection +4.MOD	COST:32000	TYPE:LesserMajor	SOURCEPAGE:p.172	WT:0	SOURCELONG:Ultimate Equipment	SOURCESHORT:UE	
Ring of Protection +5.MOD	COST:50000	TYPE:GreaterMajor	SOURCEPAGE:p.172	WT:0	SOURCELONG:Ultimate Equipment	SOURCESHORT:UE	
Ring of Rat Fangs	COST:5000	TYPE:Magic.Ring.GreaterMinor	SOURCEPAGE:p.172	WT:0		NATURALATTACKS:Bite,Weapon.Natural.Melee.Piercing,*1,1d4
Ring of Regeneration.MOD	COST:90000	TYPE:GreaterMajor	SOURCEPAGE:p.172	WT:0	SOURCELONG:Ultimate Equipment	SOURCESHORT:UE	
Ring of Retribution	COST:15000	TYPE:Magic.Ring.LesserMedium	SOURCEPAGE:p.173	WT:0		SPROP:1/day, ring can detonate dealing 10d6 fire damage to all in 30 ft radius burst including the wearer (Reflex DC 14 half). Ring is not destroyed.
Ring of Return	COST:33600	TYPE:Magic.Ring.LesserMajor	SOURCEPAGE:p.173	WT:0		SPROP:Wearer can form a link with up to 3 5-ft squares. Wearer can teleport to any linked square within 100 ft.
Ring of Revelation (Greater)	OUTPUTNAME:Ring of Revelation, Greater	COST:16000	TYPE:Magic.Ring.LesserMedium	SOURCEPAGE:p.173	WT:0		SPROP:Can only be used by an Oracle. Contains a Revelation that requires the Oracle to be 7th level or higher
Ring of Revelation (Lesser)	OUTPUTNAME:Ring of Revelation, Lesser	COST:10000	TYPE:Magic.Ring.LesserMedium	SOURCEPAGE:p.173	WT:0		SPROP:Can only be used by an Oracle. Contains a Revelation that has no level prerequisite.
Ring of Revelation (Superior)	OUTPUTNAME:Ring of Revelation, Superior	COST:24000	TYPE:Magic.Ring.GreaterMedium	SOURCEPAGE:p.173	WT:0		SPROP:Can only be used by an Oracle. Contains a Revelation that requires the Oracle to be 11th level or higher
Ring of Sacred Mistletoe	COST:6000	TYPE:Magic.Ring.GreaterMinor	SOURCEPAGE:p.173	WT:0		BONUS:SKILL|Handle Animal,Knowledge (Nature)|2|TYPE=Competence		SPROP:+2 Wild Empathy.		SPROP:Wearer can move effortlessly through even magically created or manipulated plants.|PREABILITY:1,Woodland Stride
Ring of Shooting Stars.MOD	COST:50000	TYPE:GreaterMajor	SOURCEPAGE:p.173	WT:0	SOURCELONG:Ultimate Equipment	SOURCESHORT:UE	
Ring of Spell Knowledge I	COST:1500	TYPE:Magic.Ring.LesserMinor	SOURCEPAGE:p.174	WT:0		BONUS:SPELLKNOWN|TYPE=Arcane;LEVEL=1|1
Ring of Spell Knowledge II	COST:6000	TYPE:Magic.Ring.GreaterMinor	SOURCEPAGE:p.174	WT:0		BONUS:SPELLKNOWN|TYPE=Arcane;LEVEL=2|1
Ring of Spell Knowledge III	COST:13500	TYPE:Magic.Ring.LesserMedium	SOURCEPAGE:p.174	WT:0		BONUS:SPELLKNOWN|TYPE=Arcane;LEVEL=3|1
Ring of Spell Knowledge IV	COST:24000	TYPE:Magic.Ring.GreaterMedium	SOURCEPAGE:p.174	WT:0		BONUS:SPELLKNOWN|TYPE=Arcane;LEVEL=4|1
Ring of Spell Storing (Major).MOD	COST:200000	TYPE:GreaterMajor	SOURCEPAGE:p.174	WT:0	SOURCELONG:Ultimate Equipment	SOURCESHORT:UE	
Ring of Spell Storing (Minor).MOD	COST:18000	TYPE:GreaterMedium	SOURCEPAGE:p.174	WT:0	SOURCELONG:Ultimate Equipment	SOURCESHORT:UE	
Ring of Spell Storing.MOD	COST:50000	TYPE:GreaterMajor	SOURCEPAGE:p.174	WT:0	SOURCELONG:Ultimate Equipment	SOURCESHORT:UE	
Ring of Spell Turning.MOD	COST:100000	TYPE:GreaterMajor	SOURCEPAGE:p.174	WT:0	SOURCELONG:Ultimate Equipment	SOURCESHORT:UE	
Ring of Strength Sapping	COST:8000	TYPE:Magic.Ring.LesserMedium	SOURCEPAGE:p.175	WT:0		SPROP:On successful unarmed attack, target takes 1d4 STR damage (DC 20 Fort negates) conferring +2 STR bonus to wearer.
Ring of Sustenance.MOD	COST:2500	TYPE:LesserMinor	SOURCEPAGE:p.175	WT:0	SOURCELONG:Ultimate Equipment	SOURCESHORT:UE	
Ring of Swarming Stabs	COST:6000	TYPE:Magic.Ring.GreaterMinor	SOURCEPAGE:p.175	WT:0		SPROP:Wearer can deal an additional 1d6 flanking sneak attack damage.
Ring of Swimming (Improved).MOD	COST:10000	TYPE:LesserMedium	SOURCEPAGE:p.175	WT:0	SOURCELONG:Ultimate Equipment	SOURCESHORT:UE	
Ring of Swimming.MOD	COST:2500	TYPE:LesserMinor	SOURCEPAGE:p.175	WT:0	SOURCELONG:Ultimate Equipment	SOURCESHORT:UE	
Ring of Tactical Precision	COST:11000	TYPE:Magic.Ring.LesserMedium	SOURCEPAGE:p.175	WT:0		BONUS:SKILL|Profession (Soldier)|5|TYPE=Competence		SPROP:May be imbued with a teamwork feat for 24 hours.
Ring of Telekinesis.MOD	COST:75000	TYPE:GreaterMajor	SOURCEPAGE:p.175	WT:0	SOURCELONG:Ultimate Equipment	SOURCESHORT:UE	
Ring of Three Wishes.MOD	COST:120000	TYPE:GreaterMajor	SOURCEPAGE:p.176	WT:0	SOURCELONG:Ultimate Equipment	SOURCESHORT:UE	
Ring of Transposition	COST:10800	TYPE:Magic.Ring.LesserMedium	SOURCEPAGE:p.176	WT:0		SPROP:Can be bound to any other mundane ring, allowing the wearers of both rings to trade places within 800 ft.
Ring of Water Walking.MOD	COST:15000	TYPE:LesserMedium	SOURCEPAGE:p.177	WT:0	SOURCELONG:Ultimate Equipment	SOURCESHORT:UE	
Ring of Wizardry I.MOD	COST:20000	TYPE:GreaterMedium	SOURCEPAGE:p.177	WT:0	SOURCELONG:Ultimate Equipment	SOURCESHORT:UE	
Ring of Wizardry II.MOD	COST:40000	TYPE:LesserMajor	SOURCEPAGE:p.177	WT:0	SOURCELONG:Ultimate Equipment	SOURCESHORT:UE	
Ring of Wizardry III.MOD	COST:70000	TYPE:GreaterMajor	SOURCEPAGE:p.177	WT:0	SOURCELONG:Ultimate Equipment	SOURCESHORT:UE	
Ring of Wizardry IV.MOD	COST:100000	TYPE:GreaterMajor	SOURCEPAGE:p.177	WT:0	SOURCELONG:Ultimate Equipment	SOURCESHORT:UE	
Ring of X-Ray Vision.MOD	COST:25000	TYPE:GreaterMedium	SOURCEPAGE:p.177	WT:0	SOURCELONG:Ultimate Equipment	SOURCESHORT:UE	
Ring of the Ecclesiarch	COST:28500	TYPE:Magic.Ring.LesserMajor	SOURCEPAGE:p.175	WT:0		BONUS:SKILL|Diplomacy,Knowledge (Religion)|5|TYPE=Competence		SPELLS:Magic Item|TIMES=ATWILL|Arcane Mark		SPROP:Doubles number of followers you can attract.
Ring of the Grasping Grave	COST:2000	TYPE:Magic.Ring.LesserMinor	SOURCEPAGE:p.176	WT:0		SPROP:On successful melee touch attack, undead creature cannot be healed or aided by negative energy for 1d4 rounds.
Ring of the Ram.MOD	COST:8600	TYPE:LesserMedium	SOURCEPAGE:p.176	WT:0	SOURCELONG:Ultimate Equipment	SOURCESHORT:UE	
Ring of the Sea Strider	COST:14000	TYPE:Magic.Ring.LesserMedium	SOURCEPAGE:p.176	WT:0		MOVE:Swim,30		BONUS:SKILL|Swim|8|TYPE=Racial		SPELLS:Magic Item|Dimension Door
Ring of the Sophisticate	COST:11000	TYPE:Magic.Ring.LesserMedium	SOURCEPAGE:p.176	WT:0		BONUS:SKILL|Sense Motive,Knowledge (Local)|4|TYPE=Competence		SPELLS:Magic Item|Locate Object|Locate Creature		SPROP:Wearer instantly knows direction to nearest watering hole.
Ring of the Troglodyte	COST:12000	TYPE:Magic.Ring.LesserMedium	SOURCEPAGE:p.176	WT:0		SPROP:All creatures within 10-ft radius sickened for 1 round (DC 14 Fort negates).
Scholar's Ring	COST:8700	TYPE:Magic.Ring.LesserMedium	SOURCEPAGE:p.177	WT:0		BONUS:SKILL|Knowledge (History)|5|TYPE=Competence		SPROP:Grants complete understanding as per Comprehend Languages
Spiritualist Rings	COST:70000	TYPE:Magic.Ring.GreaterMajor	SOURCEPAGE:p.177	WT:0		SPELLS:Magic Item|TIMES=3|Speak with Dead|Spectral Hand		SPROP:Wearer's weapons gain Ghost Touch ability.		SPROP:Wearer gains +4 sacred bonus against negative energy effects.|PREALIGN:LG,NG,CG		SPROP:Wearer gains +4 profane bonus against positive energy effects.|PREALIGN:LE,NE,CE		SPROP:Wearer must pick either a sacred or profane bonus against negative or positive energy effects.|PREALIGN:LN,TN,CN
Steelhand Circle	COST:12000	TYPE:Magic.Ring.LesserMedium	SOURCEPAGE:p.177	WT:0		SPROP:Wearer ignores 5 points of hardness. 1/day wearer can negate (50% chance) a critical hit or sneak attack.
