# CVS $Revision$ $Author$ -- Thu Jan 28 10:02:54 2010 -- reformated by prettylst.pl v1.39 (build 10232)
SOURCELONG:The Adventurer's Handbook	SOURCESHORT:AdHb	SOURCEWEB:http://www.nitehawk-games.biz/products/ahb.html	SOURCEDATE:06-2005
#Original Entry by: Tir Gwaith


# Spell Name				Classes of caster									Domains granting the spell	School				Sub-School			Spell Descriptors			Components			Casting Time			Range					Target Area or Effect											Duration								Save Info						Spell Resistance		Cost		XP Cost	Source Page
Aerial Battle				CLASSES:Sorcerer,Wizard=3												SCHOOL:Transmutation						DESCRIPTOR:Air			COMPS:V			CASTTIME:Free-Action		RANGE:Touch				TARGETAREA:1 creature											DURATION:(CASTERLEVEL) rounds					SAVEINFO:None					SPELLRES:No							SOURCEPAGE:96
Ancient Counsel				CLASSES:Cleric,Shaman=7													SCHOOL:Divination												COMPS:V, S, M, DF, XP	CASTTIME:10 minutes		RANGE:Personal			TARGETAREA:You												DURATION:1 hour plus see below [D]																	XPCOST:300	SOURCEPAGE:97
Argent Sword				CLASSES:Outcast,Sorcerer,Wizard=4											SCHOOL:Evocation												COMPS:V, S, M		CASTTIME:1 standard action	RANGE:(CASTERLEVEL*5+10) ft.	TARGETAREA:Creature(s) attacked									DURATION:(CASTERLEVEL*2) rounds [D]				SAVEINFO:None					SPELLRES:No			COST:20			SOURCEPAGE:98
Battlescars					CLASSES:Cleric,Shaman=0													SCHOOL:Transmutation											COMPS:V, S, M		CASTTIME:1 standard action	RANGE:Touch				TARGETAREA:One creature											DURATION:Instantaneous						SAVEINFO:Yes (harmless)				SPELLRES:Yes (harmless)					SOURCEPAGE:98
Boneshatter					CLASSES:Cleric,Shaman,Sorcerer,Wizard,Witch=6				DOMAINS:Death=6			SCHOOL:Necromancy												COMPS:V, S, M		CASTTIME:1 standard action	RANGE:Medium			TARGETAREA:One creature											DURATION:Instantaneous						SAVEINFO:Fortitude partial (See text)	SPELLRES:Yes						SOURCEPAGE:99
Calimar’s Calamitous Conflaagration	CLASSES:Sorcerer,Wizard=4												SCHOOL:Evocation							DESCRIPTOR:Fire			COMPS:V, S, M		CASTTIME:1 standard action	RANGE:20 ft.			TARGETAREA:15 ft. radius spread									DURATION:Instantaneous						SAVEINFO:None					SPELLRES:Yes						SOURCEPAGE:99
Campsite					CLASSES:Bard,Shaman,Sorcerer,Wizard=5|Druid,Outcast,Ranger=4,						SCHOOL:Conjuration		SUBSCHOOL:Creation						COMPS:V, S			CASTTIME:10 minutes		RANGE:Touch				TARGETAREA:Campsite											DURATION:(6+CASTERLEVEL) hours				SAVEINFO:None					SPELLRES:No							SOURCEPAGE:100
Charming Flare				CLASSES:Bard,Sorcerer,Wizard,Witch=0										SCHOOL:Enchantment		SUBSCHOOL:Charm							COMPS:S			CASTTIME:Free-action		RANGE:Personal			TARGETAREA:You												DURATION:(CASTERLEVEL*30+60) minutes																		SOURCEPAGE:100
Deeppack					CLASSES:Druid,Outcast,Sorcerer,Wizard=4										SCHOOL:Transmutation											COMPS:V, S, M, F		CASTTIME:30 minutes		RANGE:Touch				TARGETAREA:1 backpack											DURATION:(CASTERLEVEL*2) days					SAVEINFO:None (harmless)											SOURCEPAGE:100
Deep Sleep					CLASSES:Bard,Sorcerer,Wizard,Witch=2|Ranger=3									SCHOOL:Enchantment		SUBSCHOOL:Compulsion	DESCRIPTOR:Mind-Affecting	COMPS:V, S, M		CASTTIME:1 rMediumound		RANGE:Medium			TARGETAREA:Several creatures within a 20 ft. radius burst					DURATION:(CASTERLEVEL*2) minutes				SAVEINFO:Will negates				SPELLRES:Yes						SOURCEPAGE:101
Disperse Air				CLASSES:Cleric,Druid,Shaman=3							DOMAINS:Air=3			SCHOOL:Transmutation						DESCRIPTOR:Air			COMPS:V, S			CASTTIME:1 standard action	RANGE:Long				TARGETAREA:30 ft. radius burst									DURATION:Instantaneous						SAVEINFO:None (See text)			SPELLRES:No							SOURCEPAGE:101
Dragon’s Coat				CLASSES:Cleric=4									DOMAINS:Strength=4		SCHOOL:Transmutation											COMPS:V, S, M		CASTTIME:1 standard action	RANGE:Touch				TARGETAREA:1 living creature										DURATION:(CASTERLEVEL+2) rounds				SAVEINFO:Will negates (harmless)		SPELLRES:Yes (harmless)					SOURCEPAGE:102
Dream Trap					CLASSES:Cleric,Shaman,Sorcerer,Wizard,Witch=6				DOMAINS:Trickery=6		SCHOOL:Enchantment		SUBSCHOOL:Compulsion	DESCRIPTOR:Mind-Affecting	COMPS:V, S			CASTTIME:1 minute			RANGE:120 ft.			TARGETAREA:30 ft. radius burst									DURATION:(CASTERLEVEL*10) minutes				SAVEINFO:Will negates				SPELLRES:Yes						SOURCEPAGE:102
Dual Ray					CLASSES:Cleric,Sorcerer,Wizard=4						DOMAINS:Fire=4			SCHOOL:Evocation							DESCRIPTOR:Fire			COMPS:V, S, M		CASTTIME:1 standard action	RANGE:(CASTERLEVEL*10+20) ft.	TARGETAREA:Two creatures within 20 ft. of each other						DURATION:(CASTERLEVEL) rounds					SAVEINFO:None					SPELLRES:Yes		COST:30			SOURCEPAGE:102
Dweomer’s Brutal Beating Protection	CLASSES:Cleric,Sorcerer,Wizard=5						DOMAINS:Protection=5		SCHOOL:Abjuration							DESCRIPTOR:Force			COMPS:V, S, M		CASTTIME:1 standard action	RANGE:Touch				TARGETAREA:Creature touched										DURATION:Permanent until discharged				SAVEINFO:Will negates (harmless)		SPELLRES:Yes (harmless)					SOURCEPAGE:103
Ear of Nature				CLASSES:Druid,Shaman=0|Outcast,Ranger,Sorcerer,Wizard=1							SCHOOL:Divination												COMPS:V			CASTTIME:1 standard action	RANGE:Touch				TARGETAREA:One living creature									DURATION:1d4 hours						SAVEINFO:Will negates (harmless)		SPELLRES:Yes (harmless)					SOURCEPAGE:103
Earth Wave					CLASSES:Druid,Shaman=3|Sorcerer,Wizard=4					DOMAINS:Earth=3			SCHOOL:Conjuration						DESCRIPTOR:Earth			COMPS:V, S			CASTTIME:1 standard action	RANGE:Close				TARGETAREA:(CASTERLEVEL*10+30) ft. radius semi-circular burst				DURATION:Instantaneous						SAVEINFO:Reflex partial (See text)		SPELLRES:None						SOURCEPAGE:103
Find Hidden Doors				CLASSES:Cleric,Druid,Outcast,Ranger,Shaman=1				DOMAINS:Knowledge=1		SCHOOL:Divination												COMPS:V, S			CASTTIME:1 full round		RANGE:60 ft.			TARGETAREA:Quarter circle emanating from the caster to the extreme of the range	DURATION:Concentration, up to (CASTERLEVEL) minutes	SAVEINFO:None					SPELLRES:No							SOURCEPAGE:104
Fire Eyes					CLASSES:Sorcerer,Wizard=1												SCHOOL:Evocation							DESCRIPTOR:Fire			COMPS:V, S			CASTTIME:1 standard action	RANGE:(CASTERLEVEL*5) ft.	TARGETAREA:First creature or object in direct line of sight, within range of spell	DURATION:(CASTERLEVEL) rounds of the caster		SAVEINFO:Reflex negates				SPELLRES:Yes						SOURCEPAGE:104
Force Push					CLASSES:Cleric,Sorcerer,Wizard=3						DOMAINS:Strength=3		SCHOOL:Evocation							DESCRIPTOR:Force			COMPS:V			CASTTIME:1 standard action	RANGE:Close				TARGETAREA:One creature at least 15 ft. away							DURATION:1d4 rounds						SAVEINFO:Will negates				SPELLRES:Yes						SOURCEPAGE:105
Gluey Air					CLASSES:Cleric,Druid,Shaman=2							DOMAINS:Air=2			SCHOOL:Transmutation						DESCRIPTOR:Air			COMPS:V, S, M		CASTTIME:1 standard action	RANGE:Long				TARGETAREA:1 creature											DURATION:(CASTERLEVEL) rounds					SAVEINFO:None					SPELLRES:No							SOURCEPAGE:105
Greater  Campsite				CLASSES:Bard,Shaman,Sorcerer,Wizard=6|Druid=5									SCHOOL:Conjuration		SUBSCHOOL:Creation						COMPS:V, S			CASTTIME:10 minutes		RANGE:Touch				TARGETAREA:Campsite											DURATION:(CASTERLEVEL+8) hours				SAVEINFO:None					SPELLRES:No							SOURCEPAGE:105
Haunting					CLASSES:Cleric,Shaman=9								DOMAINS:Death=9			SCHOOL:Necromancy							DESCRIPTOR:Evil			COMPS:V, S, M, DF		CASTTIME:30 minutes		RANGE:10 ft.			TARGETAREA:(CASTERLEVEL*100)-yard radius, centered on the caster’s location		DURATION:Instantaneous						SAVEINFO:None					SPELLRES:No							SOURCEPAGE:106
Mists of Time				CLASSES:Cleric,Sorcerer,Wizard=9						DOMAINS:Knowledge=9		SCHOOL:Divination												COMPS:V, S, M		CASTTIME:8 hours			RANGE:Personal			TARGETAREA:You												DURATION:(CASTERLEVEL*10) minutes															COST:3000	XPCOST:500	SOURCEPAGE:106
Nature’s Health				CLASSES:Druid,Shaman=3|Outcast=4											SCHOOL:Conjuration		SUBSCHOOL:Healing							COMPS:V			CASTTIME:1 standard action	RANGE:Touch				TARGETAREA:Creature touched										DURATION:1d8 hours						SAVEINFO:None or Will negates (harmless)	SPELLRES:Yes (harmless)					SOURCEPAGE:107
Outcast					CLASSES:Cleric,Sorcerer,Wizard=6											SCHOOL:Abjuration												COMPS:V, S, M		CASTTIME:1 standard action	RANGE:20 ft.			TARGETAREA:One living creature									DURATION:Instantaneous						SAVEINFO:Will negates				SPELLRES:Yes		COST:100			SOURCEPAGE:107
Returned  Outcast				CLASSES:Cleric,Sorcerer,Wizard=6											SCHOOL:Conjuration											COMPS:V, S, M		CASTTIME:1 standard action	RANGE:Special			TARGETAREA:One living creature previously outcas						DURATION:Instantaneous						SAVEINFO:Will negates (harmless)		SPELLRES:Yes (harmless)					SOURCEPAGE:107
Repel Animal				CLASSES:Cleric,Druid,Shaman=5							DOMAINS:Animal=5			SCHOOL:Abjuration												COMPS:V, S, DF		CASTTIME:1 standard action	RANGE:10 ft.			TARGETAREA:10 ft. radius centered on the caster							DURATION:(10*CASTERLEVEL) minutes				SAVEINFO:None or Will negates			SPELLRES:Yes						SOURCEPAGE:107
Sleeplessness				CLASSES:Bard,Sorcerer,Wizard,Witch=2|Ranger=3									SCHOOL:Enchantment		SUBSCHOOL:Compulsion	DESCRIPTOR:Mind-Affecting	COMPS:V, S			CASTTIME:1 standard action	RANGE:Long				TARGETAREA:1 creature											DURATION:(CASTERLEVEL+1) hours				SAVEINFO:Will negates (harmless)		SPELLRES:Yes (harmless)					SOURCEPAGE:108
Spellbane’s Spell-Exchange		CLASSES:Cleric,Sorcerer,Wizard=5						DOMAINS:Protection=5		SCHOOL:Abjuration												COMPS:V, S, M		CASTTIME:1 minute			RANGE:Personal			TARGETAREA:You												DURATION:(CASTERLEVEL*5) minutes															COST:300			SOURCEPAGE:108
Spikeskin					CLASSES:Sorcerer,Wizard=1												SCHOOL:Transmutation											COMPS:V, S			CASTTIME:1 standard action	RANGE:15 ft.			TARGETAREA:1 creature											DURATION:(CASTERLEVEL) rounds					SAVEINFO:None					SPELLRES:Yes						SOURCEPAGE:108
Spin						CLASSES:Sorcerer,Wizard,Witch=4											SCHOOL:Enchantment		SUBSCHOOL:Compulsion						COMPS:V, S			CASTTIME:1 standard action	RANGE:(CASTERLEVEL*5+30) ft.	TARGETAREA:1 creature											DURATION:1 minute							SAVEINFO:Will negates				SPELLRES:Yes						SOURCEPAGE:109
Starstruck					CLASSES:Sorcerer,Wizard=5												SCHOOL:Evocation							DESCRIPTOR:Electricity		COMPS:V, S			CASTTIME:1 standard action	RANGE:Medium			TARGETAREA:Up to 10 targets no two can be more than 30 ft. apart				DURATION:Instantaneous						SAVEINFO:None					SPELLRES:Yes						SOURCEPAGE:109
Starswarm					CLASSES:Sorcerer,Wizard=7												SCHOOL:Evocation							DESCRIPTOR:Electricity		COMPS:V, S			CASTTIME:1 standard action	RANGE:Long				TARGETAREA:Up to 20 targets no two can be more than 50 ft. apart				DURATION:Instantaneous						SAVEINFO:None					SPELLRES:Yes						SOURCEPAGE:109
Synergetic Whip				CLASSES:Sorcerer,Wizard=1												SCHOOL:Evocation							DESCRIPTOR:Force			COMPS:V			CASTTIME:1 standard action	RANGE:15 ft.			TARGETAREA:A whip of light										DURATION:(CASTERLEVEL+5) rounds [D]				SAVEINFO:None					SPELLRES:Yes						SOURCEPAGE:110
Temporary Permanency			CLASSES:Sorcerer,Wizard,Witch=4											SCHOOL:Universal												COMPS:V, S			CASTTIME:2 full rounds		RANGE:See text			TARGETAREA:See text											DURATION:2d4+1 hours						SAVEINFO:None					SPELLRES:No							SOURCEPAGE:110
Tent						CLASSES:Bard,Sorcerer,Wizard=3|Druid,Outcast,Ranger,Shaman=2						SCHOOL:Conjuration		SUBSCHOOL:Creation						COMPS:V, S			CASTTIME:5 minutes		RANGE:Touch				TARGETAREA:Campsite											DURATION:(6+CASTERLEVEL) hours				SAVEINFO:None					SPELLRES:No							SOURCEPAGE:110
Tribal Mask					CLASSES:Shaman=3														SCHOOL:Transmutation											COMPS:V, S, F		CASTTIME:1 standard action	RANGE:Personal			TARGETAREA:You												DURATION:(CASTERLEVEL) hours																				SOURCEPAGE:111
Turn  Haunting				CLASSES:Cleric,Shaman=9								DOMAINS:Death=9			SCHOOL:Necromancy												COMPS:V, S, M, DF		CASTTIME:30 minutes		RANGE:Touch				TARGETAREA:(100*CASTERLEVEL) yard radius								DURATION:Instantaneous						SAVEINFO:None					SPELLRES:Yes		COST:1500			SOURCEPAGE:111
