# CVS $Revision: $ $Author: $ -- Thu Dec 30 15:56:14 2010 -- reformated by prettylst.pl v1.39 (build 11455)
SOURCELONG:Bestiary 2	SOURCESHORT:PFB2	SOURCEWEB:http://paizo.com/store/byCompany/p/paizoPublishingLLC/pathfinder/pathfinderRPG/v5748btpy8hif	SOURCEDATE:2010-12


###Block: A
# Race Name			Output Name			Starting Feats	Size		Move				Face/Space	Reach		Vision			Automatic Languages	Combat bonus							Stat bonus																							Ability									Nb Legs	Nb Hands	Natural Attacks																						Spell Res.	Monster Class Name and Starting Level	Main Race Type	Template					Challenge Rating	Source Page
Achaierai							STARTFEATS:1	SIZE:L	MOVE:Walk,50		FACE:10	REACH:10	VISION:Darkvision (60')	LANGAUTO:Infernal		BONUS:COMBAT|AC|9|TYPE=NaturalArmor	BONUS:STAT|STR|8	BONUS:STAT|DEX|2	BONUS:STAT|CON,WIS|4	BONUS:STAT|CHA|6	ABILITY:Special Ability|AUTOMATIC|Black Cloud ~ Achaierai	LEGS:4	HANDS:0	NATURALATTACKS:Bite,Weapon.Natural.Melee.Bludgeoning.Piercing.Slashing,1,2d6	NATURALATTACKS:Claw,Weapon.Natural.Melee.Piercing.Slashing,*2,1d6	SR:20		MONSTERCLASS:Outsider (Fort/Ref):7				RACETYPE:Outsider	TEMPLATE:Evil|Extraplanar|Lawful	CR:5			SOURCEPAGE:p.7
Aeon (Akhana)		OUTPUTNAME:Aeon, [NAME]	STARTFEATS:1	SIZE:M	MOVE:Walk,30,Fly,40	FACE:5	REACH:5	VISION:Darkvision (60')						BONUS:COMBAT|AC|9|TYPE=NaturalArmor	BONUS:STAT|STR,WIS|10	BONUS:STAT|DEX|12	BONUS:STAT|CON|16	BONUS:STAT|INT|6	BONUS:STAT|CHA|8	ABILITY:Special Ability|AUTOMATIC|Siphoning Soul ~ Aeon|Flight Maneuverability|Fast Healing|Grab		LEGS:2	HANDS:4		NATURALATTACKS:Claw,Weapon.Natural.Melee.Piercing.Slashing,*4,1d4		SR:23		MONSTERCLASS:Outsider (Fort/Will):11			RACETYPE:Outsider	TEMPLATE:Aeon|Extraplanar		CR:12		SOURCEPAGE:p.9		BONUS:VAR|Maneuverability|2		BONUS:VAR|FastHealingRate|5		BONUS:VAR|SLA_CL|HD
Aeon (Bethos)
Aeon (Paracletus)
Aeon (Pleroma)
Aeon (Theletos)
Agathion (Avoral)
Agathion (Cetaceal)
Agathion (Draconal)
Agathion (Leonal)
Agathion (Silvanshee)
Agathion (Vulpinal)
Akata
Amoeba (Giant)
Amoeba (Swarm)
Amphisbaena
Angel (Cassisian)
Angel (Monadic Deva)
Angel (Movanic Deva)
Animate Dream
Aranea
Archon (Shield)
Archon (Star)
Athach
Attic Whisperer
Aurumvorax
Axiomite
Azata (Brijidine)
Azata (Lyrakied)
Azer

###Block: B
# Race Name
Badger
Badger (Dire)
Banshee
Bat (Mobat)
Bat (Skaveling)
Bee (Giant)
Bee (Giant Queen)
Beetle (Goliath Stag)
Beetle (Slicer)
Belker
Blindheim
Blink Dog
Bodak
Brownie
Bunyip

###Block: C
# Race Name
Carnivorous Blob
Catoblepas
Centipede (Giant Whiptail)
Centipede (Titan)
Chaos Beast
Charda
Charybdis
Chupacabra
Cockroach (Giant)
Cockroach (Swarm)
Crawling Hand
Crawling Hand (Giant)
Crypt Thing
Crysmal

##
## EOF
##
