

#	CLASS:xxx	MAXLEVEL:20
#	CLASS:xxx	HD:		HD:1	TYPE:Base.PC	BONUS:HP|CURRENTMAX|6*EnvoyLVL	BONUS:HP|ALTHP|6
#	CLASS:xxx	FACT:Abb|	FACT:ClassType|PC
#	CLASS:xxx	DEFINE:yyyLVL|0	BONUS:VAR|yyyLVL|CL
#	CLASS:xxx	SOURCEPAGE:p.	
#	CLASS:xxx	BONUS:COMBAT|BASEAB|classlevel("APPLIEDAS=NONEPIC")|TYPE=Base.REPLACE|PREVAREQ:UseAlternateBABProgression,0		BONUS:VAR|ClassBABFull|classlevel("APPLIEDAS=NONEPIC")|PREVAREQ:UseFractionalBAB,1
#	CLASS:xxx	BONUS:COMBAT|BASEAB|classlevel("APPLIEDAS=NONEPIC")*3/4|TYPE=Base.REPLACE|PREVAREQ:UseAlternateBABProgression,0	BONUS:VAR|ClassBABModerate|classlevel("APPLIEDAS=NONEPIC")|PREVAREQ:UseFractionalBAB,1
#	CLASS:xxx	BONUS:COMBAT|BASEAB|classlevel("APPLIEDAS=NONEPIC")*1/2|TYPE=Base.REPLACE|PREVAREQ:UseAlternateBABProgression,0	BONUS:VAR|ClassBABPoor|classlevel("APPLIEDAS=NONEPIC")|PREVAREQ:UseFractionalBAB,1
#	CLASS:xxx	BONUS:SAVE|BASE.Fortitude|classlevel("APPLIEDAS=NONEPIC")/2+2|PREVAREQ:UseAlternateSaveProgression,0	BONUS:VAR|ClassSaveGood_Fortitude|classlevel()|PREVAREQ:UseFractionalSave,1
#	CLASS:xxx	BONUS:SAVE|BASE.Fortitude|classlevel("APPLIEDAS=NONEPIC")/3|PREVAREQ:UseAlternateSaveProgression,0	BONUS:VAR|ClassSavePoor_Fortitude|classlevel()|PREVAREQ:UseFractionalSave,1
#	CLASS:xxx	BONUS:SAVE|BASE.Reflex|classlevel("APPLIEDAS=NONEPIC")/2+2|PREVAREQ:UseAlternateSaveProgression,0	BONUS:VAR|ClassSaveGood_Reflex|classlevel()|PREVAREQ:UseFractionalSave,1
#	CLASS:xxx	BONUS:SAVE|BASE.Reflex|classlevel("APPLIEDAS=NONEPIC")/3|PREVAREQ:UseAlternateSaveProgression,0	BONUS:VAR|ClassSavePoor_Reflex|classlevel()|PREVAREQ:UseFractionalSave,1
#	CLASS:xxx	BONUS:SAVE|BASE.Will|classlevel("APPLIEDAS=NONEPIC")/2+2|PREVAREQ:UseAlternateSaveProgression,0	BONUS:VAR|ClassSaveGood_Will|classlevel()|PREVAREQ:UseFractionalSave,1
#	CLASS:xxx	BONUS:SAVE|BASE.Will|classlevel("APPLIEDAS=NONEPIC")/3|PREVAREQ:UseAlternateSaveProgression,0	BONUS:VAR|ClassSavePoor_Will|classlevel()|PREVAREQ:UseFractionalSave,1
#	CLASS:xxx	PRETEXT:
#	CLASS:xxx	STARTSKILLPTS:	CSKILL:
#	CLASS:xxx	FACT:SpellType|
#	CLASS:xxx	SPELLSTAT:	MEMORIZE:
#	CLASS:xxx	BONUS:CASTERLEVEL|xxx|Caster_Level_yyy	BONUS:VAR|Caster_Level_yyy|CL+Caster_Level_Bonus+CasterLevelBLyyy	DEFINE:CasterLevelBLyyy|0	BONUS:VAR|CasterLevelBL_yyy|charbonusto("PCLEVEL","xxx")	
#	CLASS:xxx	BONUS:VAR|Caster_Level_Highest__All|Caster_Level_yyy|TYPE=Base
###Block 	ABILITY:xxx Class Feature|AUTOMATIC|



# Heavy Armor
Ceremonial plate, troop				QUALITY:Level|1	COST:110	BONUS:COMBAT|AC|1|TYPE=EAC_Armor	BONUS:COMBAT|AC|3|TYPE=KAC_Armor	MAXDEX:2	ACCHECK:-3	MODIFYOTHER:MOVEMENT|Walk|SUBTRACT|10	MODIFY:UpgradeSlot|SET|3		QUALITY:BULK|3
Golemforged plating I				QUALITY:Level|1	COST:250	BONUS:COMBAT|AC|2|TYPE=EAC_Armor	BONUS:COMBAT|AC|5|TYPE=KAC_Armor	MAXDEX:0	ACCHECK:-3	MODIFYOTHER:MOVEMENT|Walk|SUBTRACT|10	MODIFY:UpgradeSlot|SET|0		QUALITY:BULK|3
Lashunta ringwear I				QUALITY:Level|1	COST:415	BONUS:COMBAT|AC|2|TYPE=EAC_Armor	BONUS:COMBAT|AC|4|TYPE=KAC_Armor	MAXDEX:2	ACCHECK:-2	MODIFYOTHER:MOVEMENT|Walk|SUBTRACT|5	MODIFY:UpgradeSlot|SET|0		QUALITY:BULK|2
Hidden soldier armor				QUALITY:Level|2	COST:465	BONUS:COMBAT|AC|3|TYPE=EAC_Armor	BONUS:COMBAT|AC|5|TYPE=KAC_Armor	MAXDEX:2	ACCHECK:-2	MODIFYOTHER:MOVEMENT|Walk|SUBTRACT|5	MODIFY:UpgradeSlot|SET|1		QUALITY:BULK|2
Iridishell, basic					QUALITY:Level|2	COST:755	BONUS:COMBAT|AC|3|TYPE=EAC_Armor	BONUS:COMBAT|AC|6|TYPE=KAC_Armor	MAXDEX:2	ACCHECK:-2	MODIFYOTHER:MOVEMENT|Walk|SUBTRACT|5	MODIFY:UpgradeSlot|SET|0		QUALITY:BULK|2
Thinplate						QUALITY:Level|2	COST:1000	BONUS:COMBAT|AC|4|TYPE=EAC_Armor	BONUS:COMBAT|AC|6|TYPE=KAC_Armor	MAXDEX:2	ACCHECK:-3	MODIFYOTHER:MOVEMENT|Walk|SUBTRACT|10	MODIFY:UpgradeSlot|SET|1		QUALITY:BULK|3
Defiance series, squad				QUALITY:Level|3	COST:1220	BONUS:COMBAT|AC|5|TYPE=EAC_Armor	BONUS:COMBAT|AC|8|TYPE=KAC_Armor	MAXDEX:1	ACCHECK:-4	MODIFYOTHER:MOVEMENT|Walk|SUBTRACT|10	MODIFY:UpgradeSlot|SET|1		QUALITY:BULK|3
Golemforged plating II				QUALITY:Level|3	COST:1610	BONUS:COMBAT|AC|5|TYPE=EAC_Armor	BONUS:COMBAT|AC|7|TYPE=KAC_Armor	MAXDEX:2	ACCHECK:-2	MODIFYOTHER:MOVEMENT|Walk|SUBTRACT|10	MODIFY:UpgradeSlot|SET|1		QUALITY:BULK|3
Ceremonial plate, officer			QUALITY:Level|4	COST:2275	BONUS:COMBAT|AC|6|TYPE=EAC_Armor	BONUS:COMBAT|AC|8|TYPE=KAC_Armor	MAXDEX:2	ACCHECK:-2	MODIFYOTHER:MOVEMENT|Walk|SUBTRACT|5	MODIFY:UpgradeSlot|SET|1		QUALITY:BULK|2

Lashunta ringwear II				QUALITY:Level|5	COST:2970	BONUS:COMBAT|AC|8|TYPE=EAC_Armor	BONUS:COMBAT|AC|10|TYPE=KAC_Armor	MAXDEX:2	ACCHECK:-2	MODIFYOTHER:MOVEMENT|Walk|SUBTRACT|5	MODIFY:UpgradeSlot|SET|1		QUALITY:BULK|2
Vesk overplate					QUALITY:Level|6	COST:3910	BONUS:COMBAT|AC|9|TYPE=EAC_Armor	BONUS:COMBAT|AC|11|TYPE=KAC_Armor	MAXDEX:3	ACCHECK:-2	MODIFYOTHER:MOVEMENT|Walk|SUBTRACT|5	MODIFY:UpgradeSlot|SET|1		QUALITY:BULK|2
Ceremonial plate, commander			QUALITY:Level|7	COST:7350	BONUS:COMBAT|AC|10|TYPE=EAC_Armor	BONUS:COMBAT|AC|12|TYPE=KAC_Armor	MAXDEX:2	ACCHECK:-3	MODIFYOTHER:MOVEMENT|Walk|SUBTRACT|10	MODIFY:UpgradeSlot|SET|5		QUALITY:BULK|3
Defiance series, elite				QUALITY:Level|7	COST:6300	BONUS:COMBAT|AC|10|TYPE=EAC_Armor	BONUS:COMBAT|AC|13|TYPE=KAC_Armor	MAXDEX:2	ACCHECK:-4	MODIFYOTHER:MOVEMENT|Walk|SUBTRACT|10	MODIFY:UpgradeSlot|SET|2		QUALITY:BULK|3
Golemforged plating III				QUALITY:Level|7	COST:5500	BONUS:COMBAT|AC|10|TYPE=EAC_Armor	BONUS:COMBAT|AC|12|TYPE=KAC_Armor	MAXDEX:3	ACCHECK:-2	MODIFYOTHER:MOVEMENT|Walk|SUBTRACT|5	MODIFY:UpgradeSlot|SET|2		QUALITY:BULK|2
Lashunta ringwear III				QUALITY:Level|8	COST:8420	BONUS:COMBAT|AC|12|TYPE=EAC_Armor	BONUS:COMBAT|AC|14|TYPE=KAC_Armor	MAXDEX:3	ACCHECK:-2	MODIFYOTHER:MOVEMENT|Walk|SUBTRACT|5	MODIFY:UpgradeSlot|SET|3		QUALITY:BULK|2
Vesk overplat II					QUALITY:Level|8	COST:10250	BONUS:COMBAT|AC|13|TYPE=EAC_Armor	BONUS:COMBAT|AC|15|TYPE=KAC_Armor	MAXDEX:2	ACCHECK:-3	MODIFYOTHER:MOVEMENT|Walk|SUBTRACT|10	MODIFY:UpgradeSlot|SET|3		QUALITY:BULK|3
Ididishell, advanced				QUALITY:Level|9	COST:13100	BONUS:COMBAT|AC|13|TYPE=EAC_Armor	BONUS:COMBAT|AC|15|TYPE=KAC_Armor	MAXDEX:3	ACCHECK:-0	MODIFYOTHER:MOVEMENT|Walk|SUBTRACT|0	MODIFY:UpgradeSlot|SET|3		QUALITY:BULK|2
Skyfire armor, pinion				QUALITY:Level|9	COST:14200	BONUS:COMBAT|AC|14|TYPE=EAC_Armor	BONUS:COMBAT|AC|16|TYPE=KAC_Armor	MAXDEX:3	ACCHECK:-2	MODIFYOTHER:MOVEMENT|Walk|SUBTRACT|5	MODIFY:UpgradeSlot|SET|4		QUALITY:BULK|2
defiance series, specialist			QUALITY:Level|10	COST:16950	BONUS:COMBAT|AC|15|TYPE=EAC_Armor	BONUS:COMBAT|AC|18|TYPE=KAC_Armor	MAXDEX:2	ACCHECK:-4	MODIFYOTHER:MOVEMENT|Walk|SUBTRACT|10	MODIFY:UpgradeSlot|SET|3		QUALITY:BULK|3
golemfored plating IV				QUALITY:Level|11	COST:27100	BONUS:COMBAT|AC|15|TYPE=EAC_Armor	BONUS:COMBAT|AC|17|TYPE=KAC_Armor	MAXDEX:3	ACCHECK:-3	MODIFYOTHER:MOVEMENT|Walk|SUBTRACT|10	MODIFY:UpgradeSlot|SET|6		QUALITY:BULK|3
lashunta ringwear IV				QUALITY:Level|11	COST:23400	BONUS:COMBAT|AC|16|TYPE=EAC_Armor	BONUS:COMBAT|AC|18|TYPE=KAC_Armor	MAXDEX:4	ACCHECK:-3	MODIFYOTHER:MOVEMENT|Walk|SUBTRACT|5	MODIFY:UpgradeSlot|SET|4		QUALITY:BULK|2
Vesk overplate III				QUALITY:Level|11	COST:000000	BONUS:COMBAT|AC|16|TYPE=EAC_Armor	BONUS:COMBAT|AC|18|TYPE=KAC_Armor	MAXDEX:3	ACCHECK:-2	MODIFYOTHER:MOVEMENT|Walk|SUBTRACT|5	MODIFY:UpgradeSlot|SET|4		QUALITY:BULK|2
aegis series, squad				QUALITY:Level|12	COST:45200	BONUS:COMBAT|AC|17|TYPE=EAC_Armor	BONUS:COMBAT|AC|19|TYPE=KAC_Armor	MAXDEX:3	ACCHECK:-5	MODIFYOTHER:MOVEMENT|Walk|SUBTRACT|10	MODIFY:UpgradeSlot|SET|5		QUALITY:BULK|3
iridishell, superior				QUALITY:Level|12	COST:42250	BONUS:COMBAT|AC|17|TYPE=EAC_Armor	BONUS:COMBAT|AC|18|TYPE=KAC_Armor	MAXDEX:4	ACCHECK:-0	MODIFYOTHER:MOVEMENT|Walk|SUBTRACT|0	MODIFY:UpgradeSlot|SET|4		QUALITY:BULK|2
vesk monolith I					QUALITY:Level|12	COST:39600	BONUS:COMBAT|AC|16|TYPE=EAC_Armor	BONUS:COMBAT|AC|18|TYPE=KAC_Armor	MAXDEX:4	ACCHECK:-2	MODIFYOTHER:MOVEMENT|Walk|SUBTRACT|5	MODIFY:UpgradeSlot|SET|5		QUALITY:BULK|2
skyfire armor, exident				QUALITY:Level|13	COST:53600	BONUS:COMBAT|AC|18|TYPE=EAC_Armor	BONUS:COMBAT|AC|20|TYPE=KAC_Armor	MAXDEX:4	ACCHECK:-2	MODIFYOTHER:MOVEMENT|Walk|SUBTRACT|5	MODIFY:UpgradeSlot|SET|5		QUALITY:BULK|2
golemforged plating V				QUALITY:Level|14	COST:63750	BONUS:COMBAT|AC|18|TYPE=EAC_Armor	BONUS:COMBAT|AC|20|TYPE=KAC_Armor	MAXDEX:4	ACCHECK:-3	MODIFYOTHER:MOVEMENT|Walk|SUBTRACT|10	MODIFY:UpgradeSlot|SET|7		QUALITY:BULK|3
vesk overplate IV					QUALITY:Level|14	COST:71850	BONUS:COMBAT|AC|19|TYPE=EAC_Armor	BONUS:COMBAT|AC|21|TYPE=KAC_Armor	MAXDEX:4	ACCHECK:-2	MODIFYOTHER:MOVEMENT|Walk|SUBTRACT|5	MODIFY:UpgradeSlot|SET|5		QUALITY:BULK|2
engine runner					QUALITY:Level|15	COST:120900	BONUS:COMBAT|AC|21|TYPE=EAC_Armor	BONUS:COMBAT|AC|22|TYPE=KAC_Armor	MAXDEX:4	ACCHECK:-0	MODIFYOTHER:MOVEMENT|Walk|SUBTRACT|0	MODIFY:UpgradeSlot|SET|5		QUALITY:BULK|2
lashunta ringwear V				QUALITY:Level|15	COST:94200	BONUS:COMBAT|AC|20|TYPE=EAC_Armor	BONUS:COMBAT|AC|22|TYPE=KAC_Armor	MAXDEX:4	ACCHECK:-2	MODIFYOTHER:MOVEMENT|Walk|SUBTRACT|5	MODIFY:UpgradeSlot|SET|5		QUALITY:BULK|2
steelbones						QUALITY:Level|16	COST:145500	BONUS:COMBAT|AC|21|TYPE=EAC_Armor	BONUS:COMBAT|AC|23|TYPE=KAC_Armor	MAXDEX:4	ACCHECK:-3	MODIFYOTHER:MOVEMENT|Walk|SUBTRACT|5	MODIFY:UpgradeSlot|SET|6		QUALITY:BULK|2
vesk monolith II					QUALITY:Level|16	COST:163400	BONUS:COMBAT|AC|22|TYPE=EAC_Armor	BONUS:COMBAT|AC|24|TYPE=KAC_Armor	MAXDEX:4	ACCHECK:-3	MODIFYOTHER:MOVEMENT|Walk|SUBTRACT|5	MODIFY:UpgradeSlot|SET|6		QUALITY:BULK|2
aegis series, elite				QUALITY:Level|17	COST:209000	BONUS:COMBAT|AC|23|TYPE=EAC_Armor	BONUS:COMBAT|AC|27|TYPE=KAC_Armor	MAXDEX:3	ACCHECK:-5	MODIFYOTHER:MOVEMENT|Walk|SUBTRACT|10	MODIFY:UpgradeSlot|SET|6		QUALITY:BULK|3
vesk overplate V					QUALITY:Level|18	COST:415800	BONUS:COMBAT|AC|24|TYPE=EAC_Armor	BONUS:COMBAT|AC|26|TYPE=KAC_Armor	MAXDEX:4	ACCHECK:-3	MODIFYOTHER:MOVEMENT|Walk|SUBTRACT|5	MODIFY:UpgradeSlot|SET|7		QUALITY:BULK|2
vitrium plate					QUALITY:Level|18	COST:365650	BONUS:COMBAT|AC|23|TYPE=EAC_Armor	BONUS:COMBAT|AC|24|TYPE=KAC_Armor	MAXDEX:5	ACCHECK:-0	MODIFYOTHER:MOVEMENT|Walk|SUBTRACT|0	MODIFY:UpgradeSlot|SET|4		QUALITY:BULK|1
voidshield armor					QUALITY:Level|19	COST:610250	BONUS:COMBAT|AC|25|TYPE=EAC_Armor	BONUS:COMBAT|AC|26|TYPE=KAC_Armor	MAXDEX:5	ACCHECK:-3	MODIFYOTHER:MOVEMENT|Walk|SUBTRACT|5	MODIFY:UpgradeSlot|SET|7		QUALITY:BULK|2
aegis series, specialist			QUALITY:Level|20	COST:932000	BONUS:COMBAT|AC|25|TYPE=EAC_Armor	BONUS:COMBAT|AC|28|TYPE=KAC_Armor	MAXDEX:4	ACCHECK:-4	MODIFYOTHER:MOVEMENT|Walk|SUBTRACT|10	MODIFY:UpgradeSlot|SET|7		QUALITY:BULK|3
vesk monolith					QUALITY:Level|20	COST:827250	BONUS:COMBAT|AC|26|TYPE=EAC_Armor	BONUS:COMBAT|AC|27|TYPE=KAC_Armor	MAXDEX:5	ACCHECK:-2	MODIFYOTHER:MOVEMENT|Walk|SUBTRACT|5	MODIFY:UpgradeSlot|SET|7		QUALITY:BULK|2
