# CVS $Revision: $ $Author: $ -- Sat Sep  6 20:15:37 2008 -- reformated by prettylst.pl v1.38 (build 7302)
###Block: eFaeries Section
#COMMENT: These kits are automatically applied
#Original Entry: Andrew Maitland

STARTPACK:The Master of the Hunt	VISIBLE:NO	EQUIPBUY:0	PREMULT:1,[!PRERACE:1,%],[PRERACE:1,The Master of the Hunt]
ALIGN:TN
RACE:The Master of the Hunt	!PRERACE:1,%
STAT:STR=11|DEX=11|CON=10|INT=10|WIS=10|CHA=11
SKILL:Climb					RANK:3
SKILL:Craft					RANK:18
SKILL:Handle Animal			RANK:15
SKILL:Intimidate				RANK:6
SKILL:Intuit Direction			RANK:8
SKILL:Jump					RANK:7
SKILL:Knowledge (Nature)		RANK:18
SKILL:Profession (Hunter/Tracker)	RANK:10
SKILL:Spot					RANK:16
SKILL:Tumble				RANK:1
SKILL:Use Rope				RANK:17
SKILL:Wilderness Lore			RANK:18
FEAT:Dodge
FEAT:Endurance
FEAT:Improved Initiative
FEAT:Iron Will
FEAT:Lightning Reflexes
FEAT:Mobility
FEAT:Power Attack
FEAT:Skill Focus (Spot)
FEAT:Track
GEAR:The Master of the Hunt Shortspear	LOCATION:Primary Hand	SIZE:PC
GEAR:The Master of the Hunt Leather Armor	LOCATION:Equipped		SIZE:PC
GEAR:The Master of the Horn			LOCATION:Carried		SIZE:PC
CLASS:Fighter	LEVEL:15
#Abilities: Str 23, Dex 21, Con 18, Int 18, Wis 18, Cha 15
#Skills: Climb +9 (+3 Rank, +6 Str); Craft +23 (+18 Rank,+4 Int); Handle Animal +17 (+15 Rank, +2 Cha);
#Hide +15* (+5 Dex, +10 magic); Intimidate +8 (+6 Rank, +2Cha); Intuit Direction +12 (+8 Rank, +4 Wis);
#Jump +13 (+7 Rank, +6 Str); Knowledge (Nature) +23 (+18 Rank, +4 Int); Listen +4 (+4 Wis); Move Silently +5 (+5 Dex);
#Profession (Hunter/Tracker) +14 (+10 Rank, +4 Wis); Spot +22 (+16 Rank, +4 Wis, +2 Focus);
#Tumble +6.5 (+1.5 Rank, +5 Dex); Use Rope +22 (+17Rank, +5 Dex); Wilderness Lore +22 (+18 Rank, +4


STARTPACK:Hound of the Wild Hunt	VISIBLE:NO
#Abilities: Str 20, Dex 17, Con 18, Int 13, Wis 17, Cha 14
STAT:STR=10|DEX=11|CON=10|INT=11|WIS=11|CHA=10
ALIGN:TN
FEAT:Alertness
FEAT:Improved Initiative
#Skills: Hide +8, Intuit Direction +5, Listen +7, Spot +11,Wilderness Lore +7*
SKILL:Hide			RANK:6
SKILL:Intuit Direction	RANK:1
SKILL:Listen		RANK:3
SKILL:Spot			RANK:6

