Bloodbrother
	SIZE:H
	RACETYPE:Magical Beast
	RACESUBTYPE:Cold
	KIT:1|Bloodbrother
	BONUS:COMBAT|AC|9|TYPE=EAC_Armor
	BONUS:COMBAT|AC|9|TYPE=KAC_Armor
	ABILITY:Race|AUTOMATIC|Bloodbrother
	MOVE:Walk,0
	BONUS:VAR|Walk|30
	BONUS:VAR|Climb|20
	FACE:15
	REACH:10
	CR:7
	XPAWARD:3200
	ROLE:Combatant
	INFO:HP_DISPLAY|107



STARTPACK:Bloodbrother
STAT:STR=20|DEX=14|CON=18|INT=10|WIS=10|CHA=10
ALIGN:NE


Bloodbrother
	CATEGORY:Race
	ABILITY:Special Ability|AUTOMATIC|TYPE=Bloodbrother


Fast Healing	ASPECT:Name|Fast Healing %1|FastHealingRate	CATEGORY:Special Ability	TYPE:Defensive Ability
Cold			KEY:Immunity ~ Cold	CATEGORY:Special Ability	TYPE:Immunity



Cold
	KEY:Bloodbrother ~ Cold
	TYPE:SA.SU.Bloodbrother
	CATEGORY:Special Ability
	DESC:A bloodbrother's body generates intense cold, dealing 1d6 cold damage to any creature that hits it with a natural attack or unarmed strike, and to any creature the bloodbrother hits with its slam attack. A creature that begins its turn grappled by a bloodbrother also takes this damage.

Rib Cage Prison
	KEY:Bloodbrother ~ Rib Cage Prison	
	TYPE:SA.SU.Bloodbrother
	CATEGORY:Special Ability
	DESC:A creature in a bloodbrother's rib cage prison has the grappled condition. As a reaction, a bloodbrother can force a creature in its rib cage prison to attempt a DC 15 Fortitude save; on a failed save, the creature takes 1 point of Constitution damage. Any round that a creature in its rib cage prison takes this Constitution damage, the bloodbrother gains fast healing 5; the above statistics assume a bloodbrother has a Small, half-drained animal with a Constitution score of 5 trapped in its rib cage prison at the beginning of combat. A bloodbrother can have only one creature in its rib cage prison at a time; if it chooses to imprison a new creature, the creature currently in its rib cage is immediately released.

Seize
	KEY:Bloodbrother ~ Seize
	TYPE:SA.EX.Bloodbrother
	CATEGORY:Special Ability
	DESC:When the damage from a bloodbrother's slam attack deals Hit Point damage to a target (not just Stamina Point damage), the bloodbrother can attempt an immediate grapple combat maneuver against that target with a +4 bonus. If a bloodbrother begins its turn grappling a Medium or smaller foe, it can attempt another grapple combat maneuver as a standard action (with a +4 bonus) to place the foe within its rib cage prison, freeing its hands to make further slam attacks.




Bloodbrother
	SIZE:H
	SOURCEPAGE:p.5	RACETYPE:Magical Beast	MONSTERCLASS:Magical Beast:1	TYPE:Magical Beast
	RACESUBTYPE:Cold
	MOVE:Walk,
	BONUS:VAR|Maneuverability|
	BONUS:VAR|AC_Natural_Armor|0|TYPE=Base
	FACE:
	REACH:
	LEGS:
	HANDS:
	STARTFEATS:1
	NATURALATTACKS:Claw,Natural.Melee.Weapon,*1,1d4
	NATURALATTACKS:Bite,Natural.Melee.Weapon,*1,1d6
	BONUS:STAT|STR|
	BONUS:STAT|DEX|
	BONUS:STAT|CON|
	BONUS:STAT|INT|
	BONUS:STAT|WIS|
	BONUS:STAT|CHA|
	ABILITY:Internal|AUTOMATIC|Race Traits ~ XXX
	CR:
	LEVELADJUSTMENT:
	KIT:1|XXX Default
Contemplative	SORTKEY:A_PlayableRace	STARTFEATS:1	SIZE:M	MOVE:Walk,5,Fly,30	LANGBONUS:TYPE=Spoken	BONUS:STAT|INT|4	BONUS:STAT|CHA|2	BONUS:STAT|STR,CON|-2	AUTO:LANG|Common	ABILITY:Race|AUTOMATIC|Contemplative			RACETYPE:Humanoid							TYPE:Monstrous Humanoid			SOURCEPAGE:p.29							KIT:1|Playable Race Defaults	MODIFY:RaceType_Humanoid|SET|True
Ellicoth
	SIZE:
	SOURCEPAGE:p.	RACETYPE:yyy	MONSTERCLASS:yyy:	TYPE:yyy
	RACESUBTYPE:
	MOVE:Walk,
	BONUS:VAR|Maneuverability|
	BONUS:VAR|AC_Natural_Armor|0|TYPE=Base
	FACE:
	REACH:
	LEGS:
	HANDS:
	STARTFEATS:1
	NATURALATTACKS:Claw,Natural.Melee.Weapon,*1,1d4
	NATURALATTACKS:Bite,Natural.Melee.Weapon,*1,1d6
	BONUS:STAT|STR|
	BONUS:STAT|DEX|
	BONUS:STAT|CON|
	BONUS:STAT|INT|
	BONUS:STAT|WIS|
	BONUS:STAT|CHA|
	ABILITY:Internal|AUTOMATIC|Race Traits ~ XXX
	CR:
	LEVELADJUSTMENT:
	KIT:1|XXX Default
Space Goblin	SORTKEY:A_PlayableRace	STARTFEATS:1	SIZE:M	MOVE:Walk,35		LANGBONUS:TYPE=Spoken	BONUS:STAT|DEX|4	BONUS:STAT|CHA|-2					AUTO:LANG|Common	ABILITY:Race|AUTOMATIC|Space Goblin				RACETYPE:Humanoid	RACESUBTYPE:Goblinoid			TYPE:Humanoid				SOURCEPAGE:p.55							KIT:1|Playable Race Defaults	MODIFY:RaceType_Humanoid|SET|True
Haan			SORTKEY:A_PlayableRace	STARTFEATS:1	SIZE:L	MOVE:Walk,40		LANGBONUS:TYPE=Spoken	BONUS:STAT|STR,DEX|2	BONUS:STAT|INT|-2				AUTO:LANG|Common	ABILITY:Race|AUTOMATIC|Haan					RACETYPE:Humanoid							TYPE:Monstrous Humanoid			SOURCEPAGE:p.59							KIT:1|Playable Race Defaults	MODIFY:Face|SET|10,10	MODIFY:Race_Reach|SET|10	MODIFY:RaceType_Humanoid|SET|True
Ksarik
	SIZE:
	SOURCEPAGE:p.	RACETYPE:yyy	MONSTERCLASS:yyy:	TYPE:yyy
	RACESUBTYPE:
	MOVE:Walk,
	BONUS:VAR|Maneuverability|
	BONUS:VAR|AC_Natural_Armor|0|TYPE=Base
	FACE:
	REACH:
	LEGS:
	HANDS:
	STARTFEATS:1
	NATURALATTACKS:Claw,Natural.Melee.Weapon,*1,1d4
	NATURALATTACKS:Bite,Natural.Melee.Weapon,*1,1d6
	BONUS:STAT|STR|
	BONUS:STAT|DEX|
	BONUS:STAT|CON|
	BONUS:STAT|INT|
	BONUS:STAT|WIS|
	BONUS:STAT|CHA|
	ABILITY:Internal|AUTOMATIC|Race Traits ~ XXX
	CR:
	LEVELADJUSTMENT:
	KIT:1|XXX Default
Necrovite
	SIZE:
	SOURCEPAGE:p.	RACETYPE:yyy	MONSTERCLASS:yyy:	TYPE:yyy
	RACESUBTYPE:
	MOVE:Walk,
	BONUS:VAR|Maneuverability|
	BONUS:VAR|AC_Natural_Armor|0|TYPE=Base
	FACE:
	REACH:
	LEGS:
	HANDS:
	STARTFEATS:1
	NATURALATTACKS:Claw,Natural.Melee.Weapon,*1,1d4
	NATURALATTACKS:Bite,Natural.Melee.Weapon,*1,1d6
	BONUS:STAT|STR|
	BONUS:STAT|DEX|
	BONUS:STAT|CON|
	BONUS:STAT|INT|
	BONUS:STAT|WIS|
	BONUS:STAT|CHA|
	ABILITY:Internal|AUTOMATIC|Race Traits ~ XXX
	CR:
	LEVELADJUSTMENT:
	KIT:1|XXX Default
Orocoran
	SIZE:
	SOURCEPAGE:p.	RACETYPE:yyy	MONSTERCLASS:yyy:	TYPE:yyy
	RACESUBTYPE:
	MOVE:Walk,
	BONUS:VAR|Maneuverability|
	BONUS:VAR|AC_Natural_Armor|0|TYPE=Base
	FACE:
	REACH:
	LEGS:
	HANDS:
	STARTFEATS:1
	NATURALATTACKS:Claw,Natural.Melee.Weapon,*1,1d4
	NATURALATTACKS:Bite,Natural.Melee.Weapon,*1,1d6
	BONUS:STAT|STR|
	BONUS:STAT|DEX|
	BONUS:STAT|CON|
	BONUS:STAT|INT|
	BONUS:STAT|WIS|
	BONUS:STAT|CHA|
	ABILITY:Internal|AUTOMATIC|Race Traits ~ XXX
	CR:
	LEVELADJUSTMENT:
	KIT:1|XXX Default
Security Robot
	SIZE:
	SOURCEPAGE:p.	RACETYPE:yyy	MONSTERCLASS:yyy:	TYPE:yyy
	RACESUBTYPE:
	MOVE:Walk,
	BONUS:VAR|Maneuverability|
	BONUS:VAR|AC_Natural_Armor|0|TYPE=Base
	FACE:
	REACH:
	LEGS:
	HANDS:
	STARTFEATS:1
	NATURALATTACKS:Claw,Natural.Melee.Weapon,*1,1d4
	NATURALATTACKS:Bite,Natural.Melee.Weapon,*1,1d6
	BONUS:STAT|STR|
	BONUS:STAT|DEX|
	BONUS:STAT|CON|
	BONUS:STAT|INT|
	BONUS:STAT|WIS|
	BONUS:STAT|CHA|
	ABILITY:Internal|AUTOMATIC|Race Traits ~ XXX
	CR:
	LEVELADJUSTMENT:
	KIT:1|XXX Default
Sarcesian		SORTKEY:A_PlayableRace	STARTFEATS:1	SIZE:L	MOVE:Walk,30,Fly,60	LANGBONUS:TYPE=Spoken	BONUS:STAT|DEX,CHA|2	BONUS:STAT|STR|-2				AUTO:LANG|Common	ABILITY:Race|AUTOMATIC|Sarcesian				RACETYPE:Humanoid	RACESUBTYPE:Sarcesian			TYPE:Humanoid				SOURCEPAGE:p.99							KIT:1|Playable Race Defaults	MODIFY:Face|SET|10,10	MODIFY:Race_Reach|SET|10	MODIFY:RaceType_Humanoid|SET|True
Space Pirate
	SIZE:
	SOURCEPAGE:p.	RACETYPE:yyy	MONSTERCLASS:yyy:	TYPE:yyy
	RACESUBTYPE:
	MOVE:Walk,
	BONUS:VAR|Maneuverability|
	BONUS:VAR|AC_Natural_Armor|0|TYPE=Base
	FACE:
	REACH:
	LEGS:
	HANDS:
	STARTFEATS:1
	NATURALATTACKS:Claw,Natural.Melee.Weapon,*1,1d4
	NATURALATTACKS:Bite,Natural.Melee.Weapon,*1,1d6
	BONUS:STAT|STR|
	BONUS:STAT|DEX|
	BONUS:STAT|CON|
	BONUS:STAT|INT|
	BONUS:STAT|WIS|
	BONUS:STAT|CHA|
	ABILITY:Internal|AUTOMATIC|Race Traits ~ XXX
	CR:
	LEVELADJUSTMENT:
	KIT:1|XXX Default



