# Age Categories
AGESET:0|Adulthood

# --- Ancestry Age, Height, and Weight Defaults ---
RACENAME:Aetheris	SEX:Male[BASEAGE:20|MAXAGE:150|BASEHT:66|HTDIEROLL:2d8|BASEWT:120|WTDIEROLL:2d10]	SEX:Female[BASEAGE:20|MAXAGE:150|BASEHT:62|HTDIEROLL:2d8|BASEWT:100|WTDIEROLL:2d10]
RACENAME:Clank	SEX:Male[BASEAGE:1|MAXAGE:500|BASEHT:60|HTDIEROLL:2d12|BASEWT:200|WTDIEROLL:4d10]	SEX:Female[BASEAGE:1|MAXAGE:500|BASEHT:60|HTDIEROLL:2d12|BASEWT:200|WTDIEROLL:4d10]
RACENAME:Drakona	SEX:Male[BASEAGE:15|MAXAGE:100|BASEHT:70|HTDIEROLL:2d10|BASEWT:180|WTDIEROLL:3d10]	SEX:Female[BASEAGE:15|MAXAGE:100|BASEHT:66|HTDIEROLL:2d10|BASEWT:150|WTDIEROLL:3d10]
RACENAME:Dwarf	SEX:Male[BASEAGE:40|MAXAGE:350|BASEHT:45|HTDIEROLL:2d4|BASEWT:140|WTDIEROLL:2d12]	SEX:Female[BASEAGE:40|MAXAGE:350|BASEHT:43|HTDIEROLL:2d4|BASEWT:110|WTDIEROLL:2d12]
RACENAME:Earthkin	SEX:Male[BASEAGE:25|MAXAGE:200|BASEHT:64|HTDIEROLL:2d8|BASEWT:170|WTDIEROLL:3d10]	SEX:Female[BASEAGE:25|MAXAGE:200|BASEHT:60|HTDIEROLL:2d8|BASEWT:140|WTDIEROLL:3d10]
RACENAME:Elf	SEX:Male[BASEAGE:100|MAXAGE:750|BASEHT:68|HTDIEROLL:2d8|BASEWT:110|WTDIEROLL:2d8]	SEX:Female[BASEAGE:100|MAXAGE:750|BASEHT:64|HTDIEROLL:2d8|BASEWT:90|WTDIEROLL:2d8]
RACENAME:Emberkin	SEX:Male[BASEAGE:20|MAXAGE:120|BASEHT:65|HTDIEROLL:2d8|BASEWT:130|WTDIEROLL:2d10]	SEX:Female[BASEAGE:20|MAXAGE:120|BASEHT:61|HTDIEROLL:2d8|BASEWT:105|WTDIEROLL:2d10]
RACENAME:Faerie	SEX:Male[BASEAGE:15|MAXAGE:100|BASEHT:24|HTDIEROLL:2d4|BASEWT:25|WTDIEROLL:1d6]	SEX:Female[BASEAGE:15|MAXAGE:100|BASEHT:22|HTDIEROLL:2d4|BASEWT:20|WTDIEROLL:1d6]
RACENAME:Faun	SEX:Male[BASEAGE:18|MAXAGE:90|BASEHT:62|HTDIEROLL:2d8|BASEWT:130|WTDIEROLL:2d10]	SEX:Female[BASEAGE:18|MAXAGE:90|BASEHT:58|HTDIEROLL:2d8|BASEWT:110|WTDIEROLL:2d10]
RACENAME:Firbolg	SEX:Male[BASEAGE:30|MAXAGE:300|BASEHT:80|HTDIEROLL:2d12|BASEWT:240|WTDIEROLL:4d10]	SEX:Female[BASEAGE:30|MAXAGE:300|BASEHT:76|HTDIEROLL:2d12|BASEWT:210|WTDIEROLL:4d10]
RACENAME:Fungril	SEX:Male[BASEAGE:10|MAXAGE:60|BASEHT:48|HTDIEROLL:2d6|BASEWT:80|WTDIEROLL:2d8]	SEX:Female[BASEAGE:10|MAXAGE:60|BASEHT:46|HTDIEROLL:2d6|BASEWT:75|WTDIEROLL:2d8]
RACENAME:Galapa	SEX:Male[BASEAGE:50|MAXAGE:400|BASEHT:58|HTDIEROLL:2d6|BASEWT:220|WTDIEROLL:4d10]	SEX:Female[BASEAGE:50|MAXAGE:400|BASEHT:55|HTDIEROLL:2d6|BASEWT:190|WTDIEROLL:4d10]
RACENAME:Giant	SEX:Male[BASEAGE:25|MAXAGE:200|BASEHT:90|HTDIEROLL:2d12|BASEWT:320|WTDIEROLL:5d10]	SEX:Female[BASEAGE:25|MAXAGE:200|BASEHT:84|HTDIEROLL:2d12|BASEWT:280|WTDIEROLL:5d10]
RACENAME:Gnome	SEX:Male[BASEAGE:35|MAXAGE:400|BASEHT:36|HTDIEROLL:2d4|BASEWT:40|WTDIEROLL:1d10]	SEX:Female[BASEAGE:35|MAXAGE:400|BASEHT:34|HTDIEROLL:2d4|BASEWT:35|WTDIEROLL:1d10]
RACENAME:Goblin	SEX:Male[BASEAGE:12|MAXAGE:50|BASEHT:38|HTDIEROLL:2d4|BASEWT:45|WTDIEROLL:1d10]	SEX:Female[BASEAGE:12|MAXAGE:50|BASEHT:36|HTDIEROLL:2d4|BASEWT:40|WTDIEROLL:1d10]
RACENAME:Halfling	SEX:Male[BASEAGE:20|MAXAGE:120|BASEHT:34|HTDIEROLL:2d4|BASEWT:35|WTDIEROLL:1d8]	SEX:Female[BASEAGE:20|MAXAGE:120|BASEHT:32|HTDIEROLL:2d4|BASEWT:30|WTDIEROLL:1d8]
RACENAME:Human	SEX:Male[BASEAGE:18|MAXAGE:90|BASEHT:65|HTDIEROLL:2d10|BASEWT:140|WTDIEROLL:3d10]	SEX:Female[BASEAGE:18|MAXAGE:90|BASEHT:60|HTDIEROLL:2d10|BASEWT:115|WTDIEROLL:3d10]
RACENAME:Infernis	SEX:Male[BASEAGE:18|MAXAGE:100|BASEHT:66|HTDIEROLL:2d8|BASEWT:145|WTDIEROLL:2d10]	SEX:Female[BASEAGE:18|MAXAGE:100|BASEHT:62|HTDIEROLL:2d8|BASEWT:120|WTDIEROLL:2d10]
RACENAME:Katari	SEX:Male[BASEAGE:16|MAXAGE:80|BASEHT:64|HTDIEROLL:2d8|BASEWT:130|WTDIEROLL:2d8]	SEX:Female[BASEAGE:16|MAXAGE:80|BASEHT:60|HTDIEROLL:2d8|BASEWT:105|WTDIEROLL:2d8]
RACENAME:Orc	SEX:Male[BASEAGE:14|MAXAGE:70|BASEHT:72|HTDIEROLL:2d10|BASEWT:200|WTDIEROLL:4d10]	SEX:Female[BASEAGE:14|MAXAGE:70|BASEHT:68|HTDIEROLL:2d10|BASEWT:170|WTDIEROLL:4d10]
RACENAME:Ribbet	SEX:Male[BASEAGE:15|MAXAGE:75|BASEHT:52|HTDIEROLL:2d6|BASEWT:90|WTDIEROLL:2d8]	SEX:Female[BASEAGE:15|MAXAGE:75|BASEHT:50|HTDIEROLL:2d6|BASEWT:85|WTDIEROLL:2d8]
RACENAME:Simiah	SEX:Male[BASEAGE:16|MAXAGE:80|BASEHT:56|HTDIEROLL:2d8|BASEWT:100|WTDIEROLL:2d8]	SEX:Female[BASEAGE:16|MAXAGE:80|BASEHT:52|HTDIEROLL:2d8|BASEWT:85|WTDIEROLL:2d8]
RACENAME:Skykin	SEX:Male[BASEAGE:20|MAXAGE:140|BASEHT:66|HTDIEROLL:2d8|BASEWT:115|WTDIEROLL:2d8]	SEX:Female[BASEAGE:20|MAXAGE:140|BASEHT:62|HTDIEROLL:2d8|BASEWT:95|WTDIEROLL:2d8]
RACENAME:Tidekin	SEX:Male[BASEAGE:20|MAXAGE:130|BASEHT:66|HTDIEROLL:2d8|BASEWT:135|WTDIEROLL:2d10]	SEX:Female[BASEAGE:20|MAXAGE:130|BASEHT:62|HTDIEROLL:2d8|BASEWT:110|WTDIEROLL:2d10]
RACENAME:Mixed Ancestry	SEX:Male[BASEAGE:18|MAXAGE:100|BASEHT:64|HTDIEROLL:2d10|BASEWT:135|WTDIEROLL:3d10]	SEX:Female[BASEAGE:18|MAXAGE:100|BASEHT:60|HTDIEROLL:2d10|BASEWT:110|WTDIEROLL:3d10]