SOURCELONG:Curse of the Crimson Throne - Chapter 4: A History of Ashes	SOURCESHORT:PF10	SOURCEWEB:http://paizo.com/pathfinder/v5748btpy82u9	SOURCEDATE:2008-7
# Original Entry by: Paul Grosse

### Non-Specific, non-unique
# Race Name	Starting Feats	Size		Move				Face/Space	Reach		Vision		Required AL	Combat bonus						Stat bonus																	Racial HD Class Skills		Nb Legs	Nb Hands	Natural Attacks																								Special ABility	Monster Class Name and Starting Level	Main Race Type	Type		Hit Dice Advancement	CR	Source Page
Bison.COPY=Auroch
Hyena.COPY=Bush Tiger
Snake (Viper/Tiny).COPY=Cindersnake
Monstrous Scorpion (Large).COPY=Ember Scorpion
Gecko (Giant).COPY=Horned Spirestalker
Giant Fire Beetle.COPY=Jewel Beetle
Blink Dog.COPY=Ko-Minka
Snake (Viper/Large).COPY=Redback Rattlesnake
Badger.COPY=Scrub Rat
Roc.COPY=Storm Roc
Monstrous Centipede (Medium).COPY=Tube Centipede

# Mod's
Cindersnake.MOD	OUTPUTNAME:[NAME]	SOURCEPAGE:p.64
Bush Tiger.MOD				SOURCEPAGE:p.64
Ember Scorpion.MOD	OUTPUTNAME:[NAME]	SOURCEPAGE:p.64	
Horned Spirestalker.MOD	OUTPUTNAME:[NAME]	SOURCEPAGE:p.64
Jewel Beetle.MOD	OUTPUTNAME:[NAME]	SAB:Fire Immunity, Glows within 1 mile of a substantial heat source		SOURCEPAGE:p.64
Ko-Minka.MOD	SOURCEPAGE:p.64
Redback Rattlesnake.MOD	OUTPUTNAME:[NAME]	SOURCEPAGE:p.64
Scrub RatMOD	SOURCEPAGE:p.64
Storm Roc.MOD	SOURCEPAGE:p.64
Tube Centipede.MOD	OUTPUTNAME:[NAME]	SOURCEPAGE:p.64
Auroch.MOD	SOURCEPAGE:p.64	TEMPLATE:Default Auroch

#
# Eof
#
