# CVS $Revision$ $Author$ -- Fri May 16 04:37:56 2008 -- reformated by prettylst.pl v1.38 (build 5869)
SOURCELONG:Forged in Magic	SOURCESHORT:FiM	SOURCEWEB:http://www.paradigmconcepts.com	SOURCEDATE:2006-06
#Original Entry:E. C. Smith (Maredudd), 2007; Andrew Maitland

#COMMENTS from Andrew Maitland:
#Just needs to add any relevant Bonus, SPROP tags. Items 95% or higher completed are marked at
# the bottom with <NAME> ~ Completed


#BONUS:ITEMCOST|TYPE.Ammunition|WT*400

#BASE MEDIUM ITEMS   COST is x*UNIT*SIZE
#BONUS:ITEMCOST|TYPE.Weapon.Light|2*unit*SIZE	BONUS:ITEMCOST|TYPE.Weapon.OneHanded|4*unit*SIZE	BONUS:ITEMCOST|TYPE.Weapon.TwoHanded|8*unit*SIZE
#BONUS:ITEMCOST|TYPE.Armor.Light|2*unit*SIZE		BONUS:ITEMCOST|TYPE.Armor.Medium|8*unit*SIZE	BONUS:ITEMCOST|TYPE.Armor.Heavy|18*unit*SIZE
#BONUS:ITEMCOST|TYPE.Shield.Light|2*unit*SIZE	BONUS:ITEMCOST|TYPE.Shield.Heavy|4*unit*SIZE	BONUS:ITEMCOST|TYPE.Shield.Tower|8*unit*SIZE

#Sarishan Steel (Med)				KEY:SARISH_MSHD		NAMEISPI:YES										TYPE:Armor.BaseMaterial				COST:0	VISIBLE:QUALIFY	ITYPE:Sarishan.Masterwork.SpecialMaterial			REPLACES:STEEL																										PRETYPE:1,Metal	PRETYPE:1,Shield						!PRETYPE:1,SpecialMaterial	!PRETYPE:1,Upgrade																			BONUS:EQMARMOR|ACCHECK|1|TYPE=Enhancement		BONUS:ITEMCOST|TYPE.Shield.Light|800	BONUS:ITEMCOST|TYPE.Shield.Heavy|1600																																								SPROP:30 hp/inch, hardness 10								ASSIGNTOALL:YES

A1-Test				KEY:FIM_TEST												TYPE:Armor.BaseMaterial		COST:0	VISIBLE:QUALIFY	ITYPE:Aerium.Masterwork							SOURCEPAGE:p.156	PRETYPE:2,Armor,Metal																									BONUS:EQM|WEIGHTDIV|2|TYPE=Enhancement.REPLACE	BONUS:EQMARMOR|SPELLFAILURE|-10|TYPE=Enhancement	BONUS:EQMARMOR|ACCHECK|3|TYPE=Enhancement.REPLACE	BONUS:EQMARMOR|MAXDEX|2	BONUS:ITEMCOST|TYPE.Armor.Light|2*600*SIZE	BONUS:ITEMCOST|TYPE.Armor.Medium|8*600*SIZE	BONUS:ITEMCOST|TYPE.Armor.Heavy|18*600*SIZE																SPROP:Sonic Resistance 2

###Aerium 600 ------------------------------------------------------------------------------------------
Aerium				KEY:FIM_AERIUM_ARMR											TYPE:Armor.BaseMaterial		COST:0	VISIBLE:QUALIFY	ITYPE:Aerium.Masterwork							SOURCEPAGE:p.156	PRETYPE:2,Armor,Metal																									BONUS:EQM|WEIGHTDIV|2|TYPE=Enhancement.REPLACE	BONUS:EQMARMOR|SPELLFAILURE|-10|TYPE=Enhancement	BONUS:EQMARMOR|ACCHECK|3|TYPE=Enhancement.REPLACE	BONUS:EQMARMOR|MAXDEX|2	BONUS:ITEMCOST|TYPE.Armor.Light|2*600*SIZE	BONUS:ITEMCOST|TYPE.Armor.Medium|8*600*SIZE	BONUS:ITEMCOST|TYPE.Armor.Heavy|18*600*SIZE																SPROP:Sonic Resistance 2
Aerium				KEY:FIM_AERIUM_SHLD											TYPE:Shield.BaseMaterial	COST:0	VISIBLE:QUALIFY	ITYPE:Aerium.Masterwork							SOURCEPAGE:p.156	PRETYPE:2,Metal,Shield																									BONUS:EQM|WEIGHTDIV|2|TYPE=Enhancement.REPLACE	BONUS:EQMARMOR|SPELLFAILURE|-10|TYPE=Enhancement	BONUS:EQMARMOR|ACCHECK|3|TYPE=Enhancement.REPLACE	BONUS:EQMARMOR|MAXDEX|2	BONUS:ITEMCOST|TYPE.Shield.Light|2*600*SIZE	BONUS:ITEMCOST|TYPE.Shield.Heavy|4*600*SIZE	BONUS:ITEMCOST|TYPE.Shield.Tower|8*600*SIZE																SPROP:Sonic Resistance 2
Aerium				KEY:FIM_AERIUM_WEAP											TYPE:Weapon.BaseMaterial	COST:0	VISIBLE:QUALIFY	ITYPE:Aerium.Masterwork							SOURCEPAGE:p.156	PRETYPE:2,Metal,Weapon																									BONUS:EQM|WEIGHTDIV|2|TYPE=Enhancement.REPLACE	BONUS:EQMARMOR|SPELLFAILURE|-10|TYPE=Enhancement	BONUS:EQMARMOR|ACCHECK|3|TYPE=Enhancement.REPLACE	BONUS:EQMARMOR|MAXDEX|2	BONUS:ITEMCOST|TYPE.Weapon.Light|2*600*SIZE	BONUS:ITEMCOST|TYPE.Weapon.OneHanded|4*600*SIZE	BONUS:ITEMCOST|TYPE.Weapon.TwoHanded|8*600*SIZE																												ASSIGNTOALL:Y

# Aetherite 500 ----------------------------------------------------------------------------------------
Aetherite				KEY:FIM_ATHRITE_ARMR											TYPE:Armor.BaseMaterial		COST:0	VISIBLE:QUALIFY	ITYPE:Aetherite.Masterwork						SOURCEPAGE:p.156	PRETYPE:2,Armor,Metal		BONUS:ITEMCOST|TYPE.Armor.Light|2*500*SIZE	BONUS:ITEMCOST|TYPE.Armor.Medium|8*500*SIZE	BONUS:ITEMCOST|TYPE.Armor.Heavy|18*500*SIZE
Aetherite				KEY:FIM_ATHRITE_SHLD											TYPE:Shield.BaseMaterial	COST:0	VISIBLE:QUALIFY	ITYPE:Aetherite.Masterwork						SOURCEPAGE:p.156	PRETYPE:2,Shield,Metal		BONUS:ITEMCOST|TYPE.Shield.Light|2*500*SIZE	BONUS:ITEMCOST|TYPE.Shield.Heavy|4*500*SIZE	BONUS:ITEMCOST|TYPE.Shield.Tower|8*500*SIZE
Aetherite				KEY:FIM_ATHRITE_WEAP											TYPE:Weapon.BaseMaterial	COST:0	VISIBLE:QUALIFY	ITYPE:Aetherite.Masterwork						SOURCEPAGE:p.156	PRETYPE:2,Weapon,Metal		BONUS:ITEMCOST|TYPE.Weapon.Light|2*500*SIZE	BONUS:ITEMCOST|TYPE.Weapon.OneHanded|4*500*SIZE	BONUS:ITEMCOST|TYPE.Weapon.TwoHanded|8*500*SIZE	

#Aperiite (Netherite) 500 ------------------------------------------------------------------------------
Aperiite (Netherite)			KEY:FIM_APERIITE_WEAP										TYPE:Weapon				COST:0	VISIBLE:QUALIFY	ITYPE:Aperiite.Masterwork									SOURCEPAGE:p.156	PRETYPE:2,Metal,Weapon		BONUS:ITEMCOST|TYPE.Weapon.Light|2*500*SIZE	BONUS:ITEMCOST|TYPE.Weapon.OneHanded|4*500*SIZE	BONUS:ITEMCOST|TYPE.Weapon.TwoHanded|8*500*SIZE				BONUS:WEAPON|WIELDCATEGORY|1
Aperiite (Netherite)			KEY:FIM_APERIITE_ARMR_LT										TYPE:Armor				COST:0	VISIBLE:QUALIFY	ITYPE:Aperiite.Masterwork									SOURCEPAGE:p.156	PRETYPE:3,Metal,Armor,Light		BONUS:ITEMCOST|TYPE.Armor.Light|2*500*SIZE	BONUS:ITEMCOST|TYPE.Armor.Medium|8*500*SIZE	BONUS:ITEMCOST|TYPE.Armor.Heavy|18*500*SIZE		ARMORTYPE:Light|Medium		SPROP:Fire and Cold Resistance 2	BONUS:EQMARMOR|ACCHECK|-2|TYPE=Enhancement.REPLACE	BONUS:EQMARMOR|MAXDEX|-1	BONUS:EQMARMOR|SPELLFAILURE|5|TYPE=Enhancement	SPROP:Turn resistance +2|PRERACE:1,RACETYPE=Undead
Aperiite (Netherite)			KEY:FIM_APERIITE_ARMR_MED										TYPE:Armor				COST:0	VISIBLE:QUALIFY	ITYPE:Aperiite.Masterwork									SOURCEPAGE:p.156	PRETYPE:3,Metal,Armor,Medium,Heavy		BONUS:ITEMCOST|TYPE.Armor.Light|2*500*SIZE	BONUS:ITEMCOST|TYPE.Armor.Medium|8*500*SIZE	BONUS:ITEMCOST|TYPE.Armor.Heavy|18*500*SIZE	ARMORTYPE:Medium|Heavy		SPROP:Fire and Cold Resistance 2	BONUS:EQMARMOR|ACCHECK|-2|TYPE=Enhancement.REPLACE	BONUS:EQMARMOR|MAXDEX|-1	BONUS:EQMARMOR|SPELLFAILURE|5|TYPE=Enhancement	SPROP:Turn resistance +2|PRERACE:1,RACETYPE=Undead
Aperiite (Netherite)			KEY:FIM_APERIITE_SHLD										TYPE:Shield				COST:0	VISIBLE:QUALIFY	ITYPE:Aperiite.Masterwork									SOURCEPAGE:p.156	PRETYPE:2,Metal,Shield		BONUS:ITEMCOST|TYPE.Shield.Light|2*500*SIZE	BONUS:ITEMCOST|TYPE.Shield.Heavy|4*500*SIZE	BONUS:ITEMCOST|TYPE.Shield.Tower|8*500*SIZE	SPROP:Turn resistance +2|PRERACE:1,RACETYPE=Undead
#Need REPLACES masterwork
#Aperiite ~ Completed

#Adamantine 800 -----------------------------------------------------------------------------------------
#WeaponEQMOD		BONUS:ITEMCOST|TYPE.Weapon.Light|2*800*SIZE	BONUS:ITEMCOST|TYPE.Weapon.OneHanded|4*800*SIZE	BONUS:ITEMCOST|TYPE.Weapon.TwoHanded|8*800*SIZE	
#ArmorEQMOD			BONUS:ITEMCOST|TYPE.Armor.Light|2*800*SIZE	BONUS:ITEMCOST|TYPE.Armor.Medium|8*800*SIZE	BONUS:ITEMCOST|TYPE.Armor.Heavy|18*800*SIZE
#ShieldEQMOD		BONUS:ITEMCOST|TYPE.Shield.Light|2*800*SIZE	BONUS:ITEMCOST|TYPE.Shield.Heavy|4*800*SIZE	BONUS:ITEMCOST|TYPE.Shield.Tower|8*800*SIZE
#Adamantine		KEY:ADAMANT_AMMO		TYPE:BaseMaterial.MasterworkQuality.Ammunition	COST:60	VISIBLE:QUALIFY	ITYPE:Metal.Adamantine.Masterwork	REPLACES:MWORKW	SOURCEPAGE:RSRD SpecialMaterials.rtf	PRETYPE:1,Metal																			SPROP:Ignore 20 hardness		ASSIGNTOALL:NO
#Adamantine		KEY:ADAMANT_ARMR_LT	TYPE:BaseMaterial.MasterworkQuality.Armor		COST:5000	VISIBLE:QUALIFY	ITYPE:Metal.Adamantine.Masterwork	REPLACES:MWORKA	SOURCEPAGE:RSRD SpecialMaterials.rtf	PRETYPE:2,Metal,Light	DR:1/-		BONUS:EQMARMOR|ACCHECK|1|TYPE=Enhancement								SPROP:40hp/inch and 20 hardness	ASSIGNTOALL:NO
#Adamantine		KEY:ADAMANT_ARMR_MED	TYPE:BaseMaterial.MasterworkQuality.Armor		COST:10000	VISIBLE:QUALIFY	ITYPE:Metal.Adamantine.Masterwork	REPLACES:MWORKA	SOURCEPAGE:RSRD SpecialMaterials.rtf	PRETYPE:2,Metal,Medium	DR:2/-		BONUS:EQMARMOR|ACCHECK|1|TYPE=Enhancement								SPROP:40hp/inch and 20 hardness	ASSIGNTOALL:NO
#Adamantine		KEY:ADAMANT_ARMR_HVY	TYPE:BaseMaterial.MasterworkQuality.Armor		COST:15000	VISIBLE:QUALIFY	ITYPE:Metal.Adamantine.Masterwork	REPLACES:MWORKA	SOURCEPAGE:RSRD SpecialMaterials.rtf	PRETYPE:2,Metal,Heavy	DR:3/-		BONUS:EQMARMOR|ACCHECK|1|TYPE=Enhancement								SPROP:40hp/inch and 20 hardness	ASSIGNTOALL:NO
#Adamantine		KEY:ADAMANT_SHLD		TYPE:BaseMaterial.MasterworkQuality.Shield	COST:0	VISIBLE:QUALIFY	ITYPE:Metal.Adamantine.Masterwork	REPLACES:MWORKA	SOURCEPAGE:RSRD SpecialMaterials.rtf	PRETYPE:1,Metal																			SPROP:40hp/inch and 20 hardness	ASSIGNTOALL:NO
#Adamantine		KEY:ADAMANT_WEAP		TYPE:BaseMaterial.MasterworkQuality.Weapon	COST:3000	VISIBLE:QUALIFY	ITYPE:Metal.Adamantine.Masterwork	REPLACES:MWORKW	SOURCEPAGE:RSRD SpecialMaterials.rtf	PRETYPE:1,Metal												BONUS:WEAPON|TOHIT|1|TYPE=Enhancement	SPROP:Ignore 20 hardness		ASSIGNTOALL:NO

# Beroku 150 --------------------------------------------------------------------------------------------
Beroku (Yarricite)		KEY:FIM_BEROKU_ARMR																COST:0	VISIBLE:QUALIFY	ITYPE:									SOURCEPAGE:p.157	PRETYPE:1,Armor	!PRETYPE:1,Breastplate																																																					BONUS:ITEMCOST|TYPE.Armor.Light|2*unit*SIZE	BONUS:ITEMCOST|TYPE.Armor.Medium|8*unit*SIZE	BONUS:ITEMCOST|TYPE.Armor.Heavy|18*unit*SIZE		BONUS:EQM|WEIGHTDIV|2|TYPE=Enhancement.REPLACE
Beroku (Yarricite)		KEY:FIM_BEROKU_ARMR_BRST																COST:0	VISIBLE:QUALIFY	ITYPE:									SOURCEPAGE:p.157	PRETYPE:2,Armor,Breastplate																																																					BONUS:ITEMCOST|TYPE.Armor.Light|2*unit*SIZE	BONUS:ITEMCOST|TYPE.Armor.Medium|8*unit*SIZE	BONUS:ITEMCOST|TYPE.Armor.Heavy|18*unit*SIZE	BONUS:COMBAT|AC|4|TYPE=Armor.STACK	ARMORTYPE:Medium|Light	BONUS:EQMARMOR|ACCHECK|-3|TYPE=Enhancement.REPLACE	BONUS:EQM|WEIGHTDIV|2|TYPE=Enhancement.REPLACE
#Need a way to select ONLY Breast Plate for ARMR_BRST as the bonus only works for breast plate.
#COMMENT: Need publisher confirmation on bonuses bestowed to BreastPlate
Beroku (Yarricite)		KEY:FIM_BEROKU_SHLD																COST:0	VISIBLE:QUALIFY	ITYPE:									SOURCEPAGE:p.157	PRETYPE:2,Shield,Metal																																																							BONUS:ITEMCOST|TYPE.Shield.Light|2*150*SIZE	BONUS:ITEMCOST|TYPE.Shield.Heavy|4*150*SIZE	BONUS:ITEMCOST|TYPE.Shield.Tower|8*150*SIZE	BONUS:EQMARMOR|ACCHECK|-2|TYPE=Enhancement.REPLACE	BONUS:EQM|WEIGHTDIV|2|TYPE=Enhancement.REPLACE
Beroku (Yarricite)		KEY:FIM_BEROKU_WEAP																COST:0	VISIBLE:QUALIFY	ITYPE:									SOURCEPAGE:p.157	PRETYPE:1,Weapon																																																								BONUS:ITEMCOST|TYPE.Weapon.Light|2*unit*SIZE	BONUS:ITEMCOST|TYPE.Weapon.OneHanded|4*unit*SIZE	BONUS:ITEMCOST|TYPE.Weapon.TwoHanded|8*unit*SIZE		BONUS:EQM|WEIGHTDIV|2|TYPE=Enhancement.REPLACE
#Beroku ~ Completed
#BONUS:EQMARMOR|ACCHECK|-2|TYPE=Enhancement.REPLACE	BONUS:EQMARMOR|MAXDEX|-1	BONUS:EQMARMOR|SPELLFAILURE|5|TYPE=Enhancement

#Crystal ------------------------------------------------------------------------------------------------
Crystal (Deep)			KEY:FIM_CRYSDEEP						OUTPUTNAME:Crystal, Deep							COST:1000	VISIBLE:QUALIFY	ITYPE:Metal									SOURCEPAGE:p.157	PRETYPE:2,
Crystal (Mundane)			KEY:FIM_CRYSMUND						OUTPUTNAME:Crystal, Mundane							COST:0	VISIBLE:QUALIFY	ITYPE:Metal									SOURCEPAGE:p.157	PRETYPE:2,

#Darkqwood 20 -------------------------------------------------------------------------------------------
#WeaponEQMOD		BONUS:ITEMCOST|TYPE.Weapon.Light|2*20*SIZE	BONUS:ITEMCOST|TYPE.Weapon.OneHanded|4*20*SIZE	BONUS:ITEMCOST|TYPE.Weapon.TwoHanded|8*20*SIZE	
#ArmorEQMOD		BONUS:ITEMCOST|TYPE.Armor.Light|2*20*SIZE		BONUS:ITEMCOST|TYPE.Armor.Medium|8*20*SIZE	BONUS:ITEMCOST|TYPE.Armor.Heavy|18*20*SIZE
#ShieldEQMOD		BONUS:ITEMCOST|TYPE.Shield.Light|2*20*SIZE	BONUS:ITEMCOST|TYPE.Shield.Heavy|4*20*SIZE	BONUS:ITEMCOST|TYPE.Shield.Tower|8*20*SIZE
Darkwood				KEY:FIM_DARKWOOD																	COST:0	VISIBLE:QUALIFY	ITYPE:									SOURCEPAGE:p.158	PRETYPE:2,
#Darkwood		KEY:DARK		TYPE:BaseMaterial.MasterworkQuality.Ammunition.Weapon.Shield	COST:WT*10		VISIBLE:QUALIFY	ITYPE:Wooden.Darkwood.Masterwork		REPLACES:MWORKA,MWORKW	SOURCEPAGE:RSRD SpecialMaterials.rtf	PRETYPE:1,Wooden																																								BONUS:EQM|WEIGHTDIV|2	BONUS:EQMARMOR|ACCHECK|2|TYPE=Enhancement|PRETYPE:1,Shield	BONUS:ITEMCOST|TYPE.Ammunition|6	BONUS:ITEMCOST|TYPE.Weapon|300	BONUS:ITEMCOST|TYPE.Shield|150															BONUS:WEAPON|TOHIT|1|TYPE=Enhancement|PRETYPE:1,Weapon													SPROP:10hp/inch and 5 hardness				ASSIGNTOALL:YES

#Dragonhide n/a -----------------------------------------------------------------------------------------
#Dragonhide
#Dragonhide		KEY:DRACO		TYPE:BaseMaterial.MasterworkQuality.Armor.Shield			COST:BASECOST+300	VISIBLE:QUALIFY	ITYPE:Dragonhide.Nonmetal.Masterwork	REPLACES:MWORKA		SOURCEPAGE:RSRD SpecialMaterials.rtf																																															BONUS:EQMARMOR|ACCHECK|1|TYPE=Enhancement																																																										SPROP:10hp/inch and 10 hardness				ASSIGNTOALL:NO

#Fervidite 750 --------------------------------------------------------------------------------------------
Fervidite				KEY:FIM_FERVIDIT_WEAP																	COST:0	VISIBLE:QUALIFY	ITYPE:Masterwork.Fervidite.Metal									SOURCEPAGE:p.158	PRETYPE:2,Weapon,Metal	BONUS:ITEMCOST|TYPE.Weapon.Light|2*750*SIZE	BONUS:ITEMCOST|TYPE.Weapon.OneHanded|4*750*SIZE	BONUS:ITEMCOST|TYPE.Weapon.TwoHanded|8*750*SIZE	BONUS:WEAPON|TOHIT,DAMAGE|1
Fervidite				KEY:FIM_FERVIDIT_ARMR																	COST:0	VISIBLE:QUALIFY	ITYPE:Masterwork.Fervidite.Metal									SOURCEPAGE:p.158	PRETYPE:2,Armor,Metal	BONUS:ITEMCOST|TYPE.Armor.Light|2*750*SIZE		BONUS:ITEMCOST|TYPE.Armor.Medium|8*750*SIZE	BONUS:ITEMCOST|TYPE.Armor.Heavy|18*750*SIZE	SPROP:Acid, Cold, Electricity and Fire Resistance 2
Fervidite				KEY:FIM_FERVIDIT_SHLD																	COST:0	VISIBLE:QUALIFY	ITYPE:Masterwork.Fervidite.Metal									SOURCEPAGE:p.158	PRETYPE:2,Shield,Metal	BONUS:ITEMCOST|TYPE.Shield.Light|2*750*SIZE	BONUS:ITEMCOST|TYPE.Shield.Heavy|4*750*SIZE	BONUS:ITEMCOST|TYPE.Shield.Tower|8*750*SIZE	SPROP:Acid, Cold, Electricity and Fire Resistance 2
#Fervidite ~ Completed

#Fluvium 500 -----------------------------------------------------------------------------------------------
Fluvium				KEY:FIM_FLUVIUM																	COST:0	VISIBLE:QUALIFY	ITYPE:Fluvium.Metal.Masterwork									SOURCEPAGE:p.158	PRETYPE:2,Weapon,Metal		BONUS:ITEMCOST|TYPE.Weapon.Light|2*500*SIZE	BONUS:ITEMCOST|TYPE.Weapon.OneHanded|4*500*SIZE	BONUS:ITEMCOST|TYPE.Weapon.TwoHanded|8*500*SIZE	SPROP:+1 cold damage	SPROP:+1 to hit and additional +1d6 cold damage against Fire subtype
Fluvium				KEY:FIM_FLUVIUM																	COST:0	VISIBLE:QUALIFY	ITYPE:Fluvium.Metal.Masterwork									SOURCEPAGE:p.158	PRETYPE:2,Armor,Metal		BONUS:ITEMCOST|TYPE.Armor.Light|2*500*SIZE	BONUS:ITEMCOST|TYPE.Armor.Medium|8*500*SIZE	BONUS:ITEMCOST|TYPE.Armor.Heavy|18*500*SIZE	SPROP:Fire Resistance 2
Fluvium				KEY:FIM_FLUVIUM																	COST:0	VISIBLE:QUALIFY	ITYPE:Fluvium.Metal.Masterwork									SOURCEPAGE:p.158	PRETYPE:2,Shield,Metal		BONUS:ITEMCOST|TYPE.Shield.Light|2*500*SIZE	BONUS:ITEMCOST|TYPE.Shield.Heavy|4*500*SIZE	BONUS:ITEMCOST|TYPE.Shield.Tower|8*500*SIZE	SPROP:Fire Resistance 2
#Fluvium ~ Completed


#Glass-Steel 500 --------------------------------------------------------------------------------------------
Glass-Steel				KEY:FIM_GLASSSTL_WEAP						OUTPUTNAME:Glass-Steel								COST:0	VISIBLE:QUALIFY	ITYPE:Glass-steel.Masterwork.Metal									SOURCEPAGE:p.158	PRETYPE:1,Weapon	BONUS:ITEMCOST|TYPE.Weapon.Light|2*500*SIZE	BONUS:ITEMCOST|TYPE.Weapon.OneHanded|4*500*SIZE	BONUS:ITEMCOST|TYPE.Weapon.TwoHanded|8*500*SIZE		BONUS:EQM|WEIGHTDIV|2|TYPE=Enhancement.REPLACE
Glass-Steel				KEY:FIM_GLASSSTL_SHLD						OUTPUTNAME:Glass-Steel								COST:0	VISIBLE:QUALIFY	ITYPE:Glass-steel.Masterwork.Metal									SOURCEPAGE:p.158	PRETYPE:1,Shield	BONUS:ITEMCOST|TYPE.Shield.Light|2*500*SIZE	BONUS:ITEMCOST|TYPE.Shield.Heavy|4*500*SIZE	BONUS:ITEMCOST|TYPE.Shield.Tower|8*500*SIZE		BONUS:EQMARMOR|SPELLFAILURE|-10|TYPE=Enhancement	BONUS:EQMARMOR|ACCHECK|-3|TYPE=Enhancement.REPLACE	BONUS:EQM|WEIGHTDIV|2|TYPE=Enhancement.REPLACE
#Glass-Steel ~ Completed

#BONUS:EQMARMOR|ACCHECK|-2|TYPE=Enhancement.REPLACE	BONUS:EQMARMOR|MAXDEX|-1	BONUS:EQMARMOR|SPELLFAILURE|5|TYPE=Enhancement
#BONUS:EQM|WEIGHTDIV|2|TYPE=Enhancement.REPLACE

#Greenglass 500 ----------------------------------------------------------------------------------------------
Greenglass				KEY:FIM_GREENGLA_WEAP																	COST:0	VISIBLE:QUALIFY	ITYPE:Masterwork,Greenglass									SOURCEPAGE:p.159	PRETYPE:1,Weapon	!PRETYPE:1,Bludgeoning		BONUS:EQM|WEIGHTDIV|2|TYPE=Enhancement.REPLACE	BONUS:WEAPON|TOHIT|1|TYPE=Greenglass|PRETYPE:1,Slashing,Piercing		BONUS:ITEMCOST|TYPE.Weapon.Light|2*500*SIZE	BONUS:ITEMCOST|TYPE.Weapon.OneHanded|4*500*SIZE	BONUS:ITEMCOST|TYPE.Weapon.TwoHanded|8*500*SIZE	
Greenglass				KEY:FIM_GREENGLA_SHLD																	COST:0	VISIBLE:QUALIFY	ITYPE:Masterwork,Greenglass									SOURCEPAGE:p.159	PRETYPE:1,Shield		BONUS:EQM|WEIGHTDIV|2|TYPE=Enhancement.REPLACE	BONUS:ITEMCOST|TYPE.Shield.Light|2*500*SIZE	BONUS:ITEMCOST|TYPE.Shield.Heavy|4*500*SIZE	BONUS:ITEMCOST|TYPE.Shield.Tower|8*500*SIZE
#Greenglass ~ Completed

#Ignium 500 ---------------------------------------------------------------------------------------------------
#WeaponEQMOD		BONUS:ITEMCOST|TYPE.Weapon.Light|2*500*SIZE	BONUS:ITEMCOST|TYPE.Weapon.OneHanded|4*500*SIZE	BONUS:ITEMCOST|TYPE.Weapon.TwoHanded|8*500*SIZE	
#ArmorEQMOD		BONUS:ITEMCOST|TYPE.Armor.Light|2*500*SIZE	BONUS:ITEMCOST|TYPE.Armor.Medium|8*500*SIZE	BONUS:ITEMCOST|TYPE.Armor.Heavy|18*500*SIZE
#ShieldEQMOD		BONUS:ITEMCOST|TYPE.Shield.Light|2*500*SIZE	BONUS:ITEMCOST|TYPE.Shield.Heavy|4*500*SIZE	BONUS:ITEMCOST|TYPE.Shield.Tower|8*500*SIZE
Ignium				KEY:FIM_IGNIUM																	COST:0	VISIBLE:QUALIFY	ITYPE:									SOURCEPAGE:p.159	PRETYPE:2,

#Iron (Black ~ Titanium) 375 ----------------------------------------------------------------------------------
Iron (Black ~ Titanium)		KEY:FIM_TITANIUM_WEAP						OUTPUTNAME:Titanium								COST:0	VISIBLE:QUALIFY	ITYPE:Titanium,Masterwok									SOURCEPAGE:p.159	PRETYPE:2,Metal,Weapon		SPROP:+1 acid damage	BONUS:ITEMCOST|TYPE.Weapon.Light|2*375*SIZE	BONUS:ITEMCOST|TYPE.Weapon.OneHanded|4*375*SIZE	BONUS:ITEMCOST|TYPE.Weapon.TwoHanded|8*375*SIZE	
Iron (Black ~ Titanium)		KEY:FIM_TITANIUM_ARMR						OUTPUTNAME:Titanium								COST:0	VISIBLE:QUALIFY	ITYPE:Titanium,Masterwok									SOURCEPAGE:p.159	PRETYPE:2,Metal,Armor		SPROP:Acid Resistance 2	BONUS:ITEMCOST|TYPE.Armor.Light|2*375*SIZE	BONUS:ITEMCOST|TYPE.Armor.Medium|8*375*SIZE	BONUS:ITEMCOST|TYPE.Armor.Heavy|18*375*SIZE
Iron (Black ~ Titanium)		KEY:FIM_TITANIUM_SHLD						OUTPUTNAME:Titanium								COST:0	VISIBLE:QUALIFY	ITYPE:Titanium,Masterwok									SOURCEPAGE:p.159	PRETYPE:2,Metal,Shield		SPROP:Acid Resistance 2	BONUS:ITEMCOST|TYPE.Shield.Light|2*375*SIZE	BONUS:ITEMCOST|TYPE.Shield.Heavy|4*375*SIZE	BONUS:ITEMCOST|TYPE.Shield.Tower|8*375*SIZE
#Iron (Black ~ Titanium) ~ Completed

#Iron, Cold ---------------------------------------------------------------------------------------------------
#Iron (Cold) NA				KEY:FIM_	OUTPUTNAME:Iron, Cold 159
#Cold Iron		KEY:C_IRON		TYPE:BaseMaterial.Ammunition.Weapon						COST:(BASECOST)	VISIBLE:QUALIFY	ITYPE:Metal.ColdIron								SOURCEPAGE:RSRD SpecialMaterials.rtf	PRETYPE:1,Weapon,Ammunition	PRETYPE:1,Metal																																																																																																							SPROP:30hp/inch and 10 hardness				ASSIGNTOALL:NO

#Iron (Green ~ Berylium) 500 ----------------------------------------------------------------------------------
#WeaponEQMOD		BONUS:ITEMCOST|TYPE.Weapon.Light|2*500*SIZE	BONUS:ITEMCOST|TYPE.Weapon.OneHanded|4*500*SIZE	BONUS:ITEMCOST|TYPE.Weapon.TwoHanded|8*500*SIZE	
#ArmorEQMOD		BONUS:ITEMCOST|TYPE.Armor.Light|2*500*SIZE	BONUS:ITEMCOST|TYPE.Armor.Medium|8*500*SIZE	BONUS:ITEMCOST|TYPE.Armor.Heavy|18*500*SIZE
#ShieldEQMOD		BONUS:ITEMCOST|TYPE.Shield.Light|2*500*SIZE	BONUS:ITEMCOST|TYPE.Shield.Heavy|4*500*SIZE	BONUS:ITEMCOST|TYPE.Shield.Tower|8*500*SIZE
Iron (Green ~ Berylium)		KEY:FIM_BERYLIUM						OUTPUTNAME:Berylium								COST:0	VISIBLE:QUALIFY	ITYPE:									SOURCEPAGE:p.160	PRETYPE:2,


#Mithral 500 ---------------------------------------------------------------------------------------------------
#WeaponEQMOD		BONUS:ITEMCOST|TYPE.Weapon.Light|2*500*SIZE	BONUS:ITEMCOST|TYPE.Weapon.OneHanded|4*500*SIZE	BONUS:ITEMCOST|TYPE.Weapon.TwoHanded|8*500*SIZE	
#ArmorEQMOD		BONUS:ITEMCOST|TYPE.Armor.Light|2*500*SIZE		BONUS:ITEMCOST|TYPE.Armor.Medium|8*500*SIZE	BONUS:ITEMCOST|TYPE.Armor.Heavy|18*500*SIZE
#ShieldEQMOD		BONUS:ITEMCOST|TYPE.Shield.Light|2*500*SIZE	BONUS:ITEMCOST|TYPE.Shield.Heavy|4*500*SIZE	BONUS:ITEMCOST|TYPE.Shield.Tower|8*500*SIZE
#Mithral		KEY:MITHRAL_ARMR_LT	TYPE:BaseMaterial.MasterworkQuality.Armor							COST:1000	VISIBLE:QUALIFY	ITYPE:Metal.Mithral.Masterwork	REPLACES:MWORKA			SOURCEPAGE:RSRD SpecialMaterials.rtf	PRETYPE:1,Light	PRETYPE:1,Metal	BONUS:EQM|WEIGHTDIV|2|TYPE=Enhancement.REPLACE	BONUS:EQMARMOR|ACCHECK|3|TYPE=Enhancement.REPLACE	BONUS:EQMARMOR|MAXDEX|2	BONUS:EQMARMOR|SPELLFAILURE|-10|TYPE=Enhancement																					SPROP:30hp/inch and 15 hardness
#Mithral		KEY:MITHRAL_ARMR_MED	TYPE:BaseMaterial.MasterworkQuality.Armor							COST:4000	VISIBLE:QUALIFY	ITYPE:Metal.Mithral.Masterwork	REPLACES:MWORKA			SOURCEPAGE:RSRD SpecialMaterials.rtf	PRETYPE:1,Medium	PRETYPE:1,Metal	BONUS:EQM|WEIGHTDIV|2|TYPE=Enhancement.REPLACE	BONUS:EQMARMOR|ACCHECK|3|TYPE=Enhancement.REPLACE	BONUS:EQMARMOR|MAXDEX|2	BONUS:EQMARMOR|SPELLFAILURE|-10|TYPE=Enhancement																					SPROP:30hp/inch and 15 hardness	ARMORTYPE:Medium|Light
#Mithral		KEY:MITHRAL_ARMR_HVY	TYPE:BaseMaterial.MasterworkQuality.Armor							COST:9000	VISIBLE:QUALIFY	ITYPE:Metal.Mithral.Masterwork	REPLACES:MWORKA			SOURCEPAGE:RSRD SpecialMaterials.rtf	PRETYPE:1,Heavy	PRETYPE:1,Metal	BONUS:EQM|WEIGHTDIV|2|TYPE=Enhancement.REPLACE	BONUS:EQMARMOR|ACCHECK|3|TYPE=Enhancement.REPLACE	BONUS:EQMARMOR|MAXDEX|2	BONUS:EQMARMOR|SPELLFAILURE|-10|TYPE=Enhancement																					SPROP:30hp/inch and 15 hardness	ARMORTYPE:Heavy|Medium
#Mithral		KEY:MITHRAL_SHLD		TYPE:BaseMaterial.MasterworkQuality.Shield						COST:1000	VISIBLE:QUALIFY	ITYPE:Metal.Mithral.Masterwork	REPLACES:MWORKA			SOURCEPAGE:RSRD SpecialMaterials.rtf	PRETYPE:1,Metal				BONUS:EQM|WEIGHTDIV|2|TYPE=Enhancement.REPLACE	BONUS:EQMARMOR|ACCHECK|3|TYPE=Enhancement.REPLACE	BONUS:EQMARMOR|MAXDEX|2	BONUS:EQMARMOR|SPELLFAILURE|-10|TYPE=Enhancement																					SPROP:30hp/inch and 15 hardness
#Mithral		KEY:MITHRAL_ITEM		TYPE:BaseMaterial.MasterworkQuality.Ammunition.Weapon.Instruments.Tools.Goods	COST:WT*500	VISIBLE:QUALIFY	ITYPE:Metal.Mithral.Masterwork	REPLACES:MWORKW,MWORKI,MWORKT	SOURCEPAGE:RSRD SpecialMaterials.rtf	PRETYPE:1,Metal				BONUS:EQM|WEIGHTDIV|2|TYPE=Enhancement.REPLACE																							BONUS:WEAPON|TOHIT|1|TYPE=Enhancement|PRETYPE:1,Weapon	BONUS:WEAPON|TOHIT|1|TYPE=Enhancement|PRETYPE:1,Ammunition	SPROP:30hp/inch and 15 hardness					ASSIGNTOALL:NO

#Orikalka 1000 --------------------------------------------------------------------------------------------------
#WeaponEQMOD		BONUS:ITEMCOST|TYPE.Weapon.Light|2*1000*SIZE	BONUS:ITEMCOST|TYPE.Weapon.OneHanded|4*1000*SIZE	BONUS:ITEMCOST|TYPE.Weapon.TwoHanded|8*1000*SIZE	
#ArmorEQMOD		BONUS:ITEMCOST|TYPE.Armor.Light|2*1000*SIZE		BONUS:ITEMCOST|TYPE.Armor.Medium|8*1000*SIZE	BONUS:ITEMCOST|TYPE.Armor.Heavy|18*1000*SIZE
#ShieldEQMOD		BONUS:ITEMCOST|TYPE.Shield.Light|2*1000*SIZE	BONUS:ITEMCOST|TYPE.Shield.Heavy|4*1000*SIZE	BONUS:ITEMCOST|TYPE.Shield.Tower|8*1000*SIZE
Orikalka				KEY:FIM_ORIKALKA																	COST:0	VISIBLE:QUALIFY	ITYPE:									SOURCEPAGE:p.	PRETYPE:2,

#Petrified Wood 200 ---------------------------------------------------------------------------------------------
#WeaponEQMOD		BONUS:ITEMCOST|TYPE.Weapon.Light|2*200*SIZE	BONUS:ITEMCOST|TYPE.Weapon.OneHanded|4*200*SIZE	BONUS:ITEMCOST|TYPE.Weapon.TwoHanded|8*200*SIZE	
#ArmorEQMOD		BONUS:ITEMCOST|TYPE.Armor.Light|2*200*SIZE		BONUS:ITEMCOST|TYPE.Armor.Medium|8*200*SIZE	BONUS:ITEMCOST|TYPE.Armor.Heavy|18*200*SIZE
#ShieldEQMOD		BONUS:ITEMCOST|TYPE.Shield.Light|2*200*SIZE	BONUS:ITEMCOST|TYPE.Shield.Heavy|4*200*SIZE	BONUS:ITEMCOST|TYPE.Shield.Tower|8*200*SIZE
Petrified Wood			KEY:FIM_PETRWOOD																	COST:0	VISIBLE:QUALIFY	ITYPE:									SOURCEPAGE:p.	PRETYPE:2,

#Silver ---------------------------------------------------------------------------------------------------------
#Silver (Alchemical)		KEY:FIM_		OUTPUTNAME:Silver, Alchemical	COST:0		VISIBLE:QUALIFY	ITYPE:			SOURCEPAGE:p.	PRETYPE:2,
#Alchemical Silver	KEY:ALCHM		TYPE:BaseMaterial.Ammunition.Weapon						COST:0		VISIBLE:QUALIFY	ITYPE:Metal.Silver								SOURCEPAGE:RSRD SpecialMaterials.rtf	PRETYPE:1,Weapon,Ammunition	PRETYPE:1,Metal	!PRETYPE:1,Mithral,Adamantine,ColdIron,Silver																																									BONUS:ITEMCOST|TYPE.Ammunition|2	BONUS:ITEMCOST|TYPE.Weapon|20|PREWIELD:1,Light	BONUS:ITEMCOST|TYPE.Weapon|90|PREWIELD:1,OneHanded	BONUS:ITEMCOST|TYPE.Weapon|180|PREWIELD:1,TwoHanded	BONUS:WEAPON|DAMAGE|-1|TYPE=Enhancement.STACK															SPROP:10hp/inch and 8 hardness				ASSIGNTOALL:NO



#Tellium 250 ----------------------------------------------------------------------------------------------------
#WeaponEQMOD		BONUS:ITEMCOST|TYPE.Weapon.Light|2*250*SIZE	BONUS:ITEMCOST|TYPE.Weapon.OneHanded|4*250*SIZE	BONUS:ITEMCOST|TYPE.Weapon.TwoHanded|8*250*SIZE	
#ArmorEQMOD		BONUS:ITEMCOST|TYPE.Armor.Light|2*250*SIZE		BONUS:ITEMCOST|TYPE.Armor.Medium|8*250*SIZE	BONUS:ITEMCOST|TYPE.Armor.Heavy|18*250*SIZE
#ShieldEQMOD		BONUS:ITEMCOST|TYPE.Shield.Light|2*250*SIZE	BONUS:ITEMCOST|TYPE.Shield.Heavy|4*250*SIZE	BONUS:ITEMCOST|TYPE.Shield.Tower|8*250*SIZE
Tellium				KEY:FIM_TELLIUM																	COST:0	VISIBLE:QUALIFY	ITYPE:									SOURCEPAGE:p.	PRETYPE:2,

#Steel (Altherian) x4 -------------------------------------------------------------------------------------------
#WeaponEQMOD		BONUS:ITEMCOST|TYPE.Weapon.Light|BASECOST*4	BONUS:ITEMCOST|TYPE.Weapon.OneHanded|BASECOST*4	BONUS:ITEMCOST|TYPE.Weapon.TwoHanded|BASECOST*4	
#ArmorEQMOD		BONUS:ITEMCOST|TYPE.Armor.Light|BASECOST*4		BONUS:ITEMCOST|TYPE.Armor.Medium|BASECOST*4	BONUS:ITEMCOST|TYPE.Armor.Heavy|BASECOST*4
#ShieldEQMOD		BONUS:ITEMCOST|TYPE.Shield.Light|BASECOST*4	BONUS:ITEMCOST|TYPE.Shield.Heavy|BASECOST*4	BONUS:ITEMCOST|TYPE.Shield.Tower|BASECOST*4
Steel (Altherian)			KEY:FIM_ALTHERIA						OUTPUTNAME:Steel, Altherian							COST:0	VISIBLE:QUALIFY	ITYPE:									SOURCEPAGE:p.	PRETYPE:2,


#Steel (Sarishan) 400 -------------------------------------------------------------------------------------------
#WeaponEQMOD		BONUS:ITEMCOST|TYPE.Weapon.Light|2*400*SIZE	BONUS:ITEMCOST|TYPE.Weapon.OneHanded|4*400*SIZE	BONUS:ITEMCOST|TYPE.Weapon.TwoHanded|8*400*SIZE	
#ArmorEQMOD		BONUS:ITEMCOST|TYPE.Armor.Light|2*400*SIZE		BONUS:ITEMCOST|TYPE.Armor.Medium|8*400*SIZE	BONUS:ITEMCOST|TYPE.Armor.Heavy|18*400*SIZE
#ShieldEQMOD		BONUS:ITEMCOST|TYPE.Shield.Light|2*400*SIZE	BONUS:ITEMCOST|TYPE.Shield.Heavy|4*400*SIZE	BONUS:ITEMCOST|TYPE.Shield.Tower|8*400*SIZE

###From PGTA_EQUIPMODS
Sarishan Steel (Sm)		KEY:SARISH_SWEAP			NAMEISPI:YES							TYPE:Weapon.BaseMaterial	COST:0	VISIBLE:QUALIFY	ITYPE:Sarishan.Masterwork.SpecialMaterial	REPLACES:STEEL				PRETYPE:1,Metal	PRETYPE:1,Weapon,Ammunition	!PRETYPE:1,Shield	!PRETYPE:1,SpecialMaterial	!PRETYPE:1,Upgrade		BONUS:COMBAT|TOHIT|1|TYPE=Enhancement																															BONUS:ITEMCOST|TYPE.Weapon.Light|400	BONUS:ITEMCOST|TYPE.Weapon.OneHanded|800	BONUS:ITEMCOST|TYPE.Weapon.Polearm|800	BONUS:ITEMCOST|TYPE.Weapon.TwoHanded|1600|!PRETYPE:1,Polearm	BONUS:ITEMCOST|TYPE.Ammunition|WT*400	SPROP:Bypasses damage reduction of Infernals, 30 hp/inch, hardness 10	ASSIGNTOALL:YES
Sarishan Steel (Med)		KEY:SARISH_MWEAP			NAMEISPI:YES							TYPE:Weapon.BaseMaterial	COST:0	VISIBLE:QUALIFY	ITYPE:Sarishan.Masterwork.SpecialMaterial	REPLACES:STEEL				PRETYPE:1,Metal	PRETYPE:1,Weapon,Ammunition	!PRETYPE:1,Shield	!PRETYPE:1,SpecialMaterial	!PRETYPE:1,Upgrade		BONUS:COMBAT|TOHIT|1|TYPE=Enhancement																															BONUS:ITEMCOST|TYPE.Weapon.Light|800	BONUS:ITEMCOST|TYPE.Weapon.OneHanded|1600	BONUS:ITEMCOST|TYPE.Weapon.Polearm|1600	BONUS:ITEMCOST|TYPE.Weapon.TwoHanded|3200|!PRETYPE:1,Polearm	BONUS:ITEMCOST|TYPE.Ammunition|WT*400	SPROP:Bypasses damage reduction of Infernals, 30 hp/inch, hardness 10	ASSIGNTOALL:YES
Sarishan Steel (Lg)		KEY:SARISH_LWEAP			NAMEISPI:YES							TYPE:Weapon.BaseMaterial	COST:0	VISIBLE:QUALIFY	ITYPE:Sarishan.Masterwork.SpecialMaterial	REPLACES:STEEL				PRETYPE:1,Metal	PRETYPE:1,Weapon,Ammunition	!PRETYPE:1,Shield	!PRETYPE:1,SpecialMaterial	!PRETYPE:1,Upgrade		BONUS:COMBAT|TOHIT|1|TYPE=Enhancement																															BONUS:ITEMCOST|TYPE.Weapon.Light|1600	BONUS:ITEMCOST|TYPE.Weapon.OneHanded|3200	BONUS:ITEMCOST|TYPE.Weapon.Polearm|3200	BONUS:ITEMCOST|TYPE.Weapon.TwoHanded|6400|!PRETYPE:1,Polearm	BONUS:ITEMCOST|TYPE.Ammunition|WT*400	SPROP:Bypasses damage reduction of Infernals, 30 hp/inch, hardness 10	ASSIGNTOALL:YES

Sarishan Steel (Sm)		KEY:SARISH_SARM			NAMEISPI:YES							TYPE:Armor.BaseMaterial		COST:0	VISIBLE:QUALIFY	ITYPE:Sarishan.Masterwork.SpecialMaterial	REPLACES:STEEL				PRETYPE:1,Metal	PRETYPE:1,Armor			!PRETYPE:1,Barding	!PRETYPE:1,SpecialMaterial,Upgrade	!PRETYPE:1,Shield																BONUS:EQMARMOR|ACCHECK|1|TYPE=Enhancement																BONUS:ITEMCOST|TYPE.Armor.Light|400	BONUS:ITEMCOST|TYPE.Armor.Medium|1600	BONUS:ITEMCOST|TYPE.Armor.Heavy|3600																				SPROP:+2 Will Saves vs. effects from Infernals, 30 hp/inch, hardness 10	ASSIGNTOALL:YES
Sarishan Steel (Med)		KEY:SARISH_MARM			NAMEISPI:YES							TYPE:Armor.BaseMaterial		COST:0	VISIBLE:QUALIFY	ITYPE:Sarishan.Masterwork.SpecialMaterial	REPLACES:STEEL				PRETYPE:1,Metal	PRETYPE:1,Armor			!PRETYPE:1,Barding	!PRETYPE:1,SpecialMaterial,Upgrade	!PRETYPE:1,Shield																BONUS:EQMARMOR|ACCHECK|1|TYPE=Enhancement																BONUS:ITEMCOST|TYPE.Armor.Light|800	BONUS:ITEMCOST|TYPE.Armor.Medium|3200	BONUS:ITEMCOST|TYPE.Armor.Heavy|7200																				SPROP:+2 Will Saves vs. effects from Infernals, 30 hp/inch, hardness 10	ASSIGNTOALL:YES
Sarishan Steel (Lg)		KEY:SARISH_LARM			NAMEISPI:YES							TYPE:Armor.BaseMaterial		COST:0	VISIBLE:QUALIFY	ITYPE:Sarishan.Masterwork.SpecialMaterial	REPLACES:STEEL				PRETYPE:1,Metal	PRETYPE:1,Armor			!PRETYPE:1,Barding	!PRETYPE:1,SpecialMaterial,Upgrade	!PRETYPE:1,Shield																BONUS:EQMARMOR|ACCHECK|1|TYPE=Enhancement																BONUS:ITEMCOST|TYPE.Armor.Light|1600	BONUS:ITEMCOST|TYPE.Armor.Medium|6400	BONUS:ITEMCOST|TYPE.Armor.Heavy|14400																			SPROP:+2 Will Saves vs. effects from Infernals, 30 hp/inch, hardness 10	ASSIGNTOALL:YES

Sarishan Steel (Sm)		KEY:SARISH_SSHD			NAMEISPI:YES							TYPE:Armor.BaseMaterial		COST:0	VISIBLE:QUALIFY	ITYPE:Sarishan.Masterwork.SpecialMaterial	REPLACES:STEEL				PRETYPE:1,Metal	PRETYPE:1,Shield			!PRETYPE:1,SpecialMaterial	!PRETYPE:1,Upgrade																				BONUS:EQMARMOR|ACCHECK|1|TYPE=Enhancement																BONUS:ITEMCOST|TYPE.Shield.Light|400	BONUS:ITEMCOST|TYPE.Shield.Heavy|800																										SPROP:30 hp/inch, hardness 10								ASSIGNTOALL:YES
Sarishan Steel (Med)		KEY:SARISH_MSHD			NAMEISPI:YES							TYPE:Armor.BaseMaterial		COST:0	VISIBLE:QUALIFY	ITYPE:Sarishan.Masterwork.SpecialMaterial	REPLACES:STEEL				PRETYPE:1,Metal	PRETYPE:1,Shield			!PRETYPE:1,SpecialMaterial	!PRETYPE:1,Upgrade																				BONUS:EQMARMOR|ACCHECK|1|TYPE=Enhancement																BONUS:ITEMCOST|TYPE.Shield.Light|800	BONUS:ITEMCOST|TYPE.Shield.Heavy|1600																										SPROP:30 hp/inch, hardness 10								ASSIGNTOALL:YES
Sarishan Steel (Lg)		KEY:SARISH_LSHD			NAMEISPI:YES							TYPE:Armor.BaseMaterial		COST:0	VISIBLE:QUALIFY	ITYPE:Sarishan.Masterwork.SpecialMaterial	REPLACES:STEEL				PRETYPE:1,Metal	PRETYPE:1,Shield			!PRETYPE:1,SpecialMaterial	!PRETYPE:1,Upgrade																				BONUS:EQMARMOR|ACCHECK|1|TYPE=Enhancement																BONUS:ITEMCOST|TYPE.Shield.Light|1600	BONUS:ITEMCOST|TYPE.Shield.Heavy|3200																										SPROP:30 hp/inch, hardness 10								ASSIGNTOALL:YES

Sarishan Steel (Med)		KEY:SARISH_MBRD			NAMEISPI:YES							TYPE:Barding.BaseMaterial	COST:0	VISIBLE:QUALIFY	ITYPE:Sarishan.Masterwork.SpecialMaterial	REPLACES:STEEL				PRETYPE:1,Metal	PRETYPE:1,Barding			!PRETYPE:1,SpecialMaterial	!PRETYPE:1,Upgrade																				BONUS:EQMARMOR|ACCHECK|1|TYPE=Enhancement																BONUS:ITEMCOST|TYPE.Barding.Light|1600	BONUS:ITEMCOST|TYPE.Barding.Medium|6400	BONUS:ITEMCOST|TYPE.Barding.Heavy|14400																			SPROP:+2 Will Saves vs. effects from Infernals, 30 hp/inch, hardness 10	ASSIGNTOALL:YES
Sarishan Steel (Lg)		KEY:SARISH_LBRD			NAMEISPI:YES							TYPE:Barding.BaseMaterial	COST:0	VISIBLE:QUALIFY	ITYPE:Sarishan.Masterwork.SpecialMaterial	REPLACES:STEEL				PRETYPE:1,Metal	PRETYPE:1,Barding			!PRETYPE:1,SpecialMaterial	!PRETYPE:1,Upgrade																				BONUS:EQMARMOR|ACCHECK|1|TYPE=Enhancement																BONUS:ITEMCOST|TYPE.Barding.Light|3200	BONUS:ITEMCOST|TYPE.Barding.Medium|12800	BONUS:ITEMCOST|TYPE.Barding.Heavy|28800																			SPROP:+2 Will Saves vs. effects from Infernals, 30 hp/inch, hardness 10	ASSIGNTOALL:YES
####

#Steel (Sarishan ~ Tempered) 1000 -----------------------------------------------------------------------------
#WeaponEQMOD		BONUS:ITEMCOST|TYPE.Weapon.Light|2*1000*SIZE	BONUS:ITEMCOST|TYPE.Weapon.OneHanded|4*1000*SIZE	BONUS:ITEMCOST|TYPE.Weapon.TwoHanded|8*1000*SIZE	
#ArmorEQMOD		BONUS:ITEMCOST|TYPE.Armor.Light|2*1000*SIZE		BONUS:ITEMCOST|TYPE.Armor.Medium|8*1000*SIZE	BONUS:ITEMCOST|TYPE.Armor.Heavy|18*1000*SIZE
#ShieldEQMOD		BONUS:ITEMCOST|TYPE.Shield.Light|2*1000*SIZE	BONUS:ITEMCOST|TYPE.Shield.Heavy|4*1000*SIZE	BONUS:ITEMCOST|TYPE.Shield.Tower|8*1000*SIZE
Steel (Sarishan ~ Tempered)	KEY:FIM_SARITEMP						OUTPUTNAME:Steel, Tempered Sarishan						COST:0	VISIBLE:QUALIFY	ITYPE:									SOURCEPAGE:p.	PRETYPE:2,

#Viridiite 500 -------------------------------------------------------------------------------------------------
#WeaponEQMOD		BONUS:ITEMCOST|TYPE.Weapon.Light|2*500*SIZE	BONUS:ITEMCOST|TYPE.Weapon.OneHanded|4*500*SIZE	BONUS:ITEMCOST|TYPE.Weapon.TwoHanded|8*500*SIZE	
#ArmorEQMOD		BONUS:ITEMCOST|TYPE.Armor.Light|2*500*SIZE		BONUS:ITEMCOST|TYPE.Armor.Medium|8*500*SIZE	BONUS:ITEMCOST|TYPE.Armor.Heavy|18*500*SIZE
#ShieldEQMOD		BONUS:ITEMCOST|TYPE.Shield.Light|2*500*SIZE	BONUS:ITEMCOST|TYPE.Shield.Heavy|4*500*SIZE	BONUS:ITEMCOST|TYPE.Shield.Tower|8*500*SIZE
Viridiite				KEY:FIM_VIRIDIIT																	COST:0	VISIBLE:QUALIFY	ITYPE:									SOURCEPAGE:p.	PRETYPE:2,

# Wolf Iron 600 -----------------------------------------------------------------------------------------------
Wolf Iron (Tungsten)		KEY:FIM_WOLFIRON_ARMR				OUTPUTNAME:Tungsten								COST:0	VISIBLE:QUALIFY	ITYPE:									SOURCEPAGE:p.	PRETYPE:2,Armor,Metal	BONUS:ITEMCOST|TYPE.Armor.Light|2*600*SIZE		BONUS:ITEMCOST|TYPE.Armor.Medium|8*600*SIZE	BONUS:ITEMCOST|TYPE.Armor.Heavy|18*600*SIZE
Wolf Iron (Tungsten)		KEY:FIM_WOLFIRON_SHLD				OUTPUTNAME:Tungsten								COST:0	VISIBLE:QUALIFY	ITYPE:									SOURCEPAGE:p.	PRETYPE:2,Shield,Metal	BONUS:ITEMCOST|TYPE.Shield.Light|2*600*SIZE	BONUS:ITEMCOST|TYPE.Shield.Heavy|4*600*SIZE	BONUS:ITEMCOST|TYPE.Shield.Tower|8*600*SIZE
Wolf Iron (Tungsten)		KEY:FIM_WOLFIRON_WEAP				OUTPUTNAME:Tungsten								COST:0	VISIBLE:QUALIFY	ITYPE:									SOURCEPAGE:p.	PRETYPE:1,Weapon		BONUS:ITEMCOST|TYPE.Weapon.Light|2*600*SIZE	BONUS:ITEMCOST|TYPE.Weapon.OneHanded|4*600*SIZE	BONUS:ITEMCOST|TYPE.Weapon.TwoHanded|8*600*SIZE	
#~ Partially complete need bonuses and sprop tags if required

### Referenced but no EQMOD found -------------------------------------------------
Copper				KEY:FIM_COPPER
