# CVS $Revision: 8900 $ $Author: eddyanthony $ -- Tue Apr  2 11:36:27 2013 -- reformated by prettylst.pl v1.50 (build 19790)
SOURCELONG:Stolen Land	SOURCESHORT:PF31	SOURCEWEB:http://paizo.com/pathfinder/adventurePath/kingmaker/v5748btpy8dhc	SOURCEDATE:2010-03
# Original Entry by: Stefan Radermacher

# Class Name		Hit Dice	Type			Class Type			Max Level		Ability																	Save checks bonus								Combat bonus
CLASS:Faerie Dragon	HD:12		TYPE:Monster	CLASSTYPE: Monster	MAXLEVEL:NOLIMIT	ABILITY:Special Ability|AUTOMATIC|Dragon Traits|PREVAREQ:NoTypeTraits,0	ABILITY:FEAT|AUTOMATIC|CMB Output	BONUS:SAVE|BASE.Fortitude,BASE.Reflex,BASE.Will|CL/2+2	BONUS:COMBAT|BASEAB|CL|TYPE=Base.REPLACE
# Class Name		Required Race			Reg. Race Type
CLASS:Faerie Dragon	PRERACE:1,Dragon (Faerie)	PRERACETYPE:Dragon
# Class Name		Skill Pts/Lvl	Add INT to Skill Points?	Class Skill
CLASS:Faerie Dragon	STARTSKILLPTS:6	MODTOSKILLS:YES			CSKILL:Appraise|Bluff|Climb|TYPE.Craft|Diplomacy|Fly|Heal|Intimidate|TYPE.Knowledge|Linguistics|Perception|Sense Motive|Spellcraft|Stealth|Survival|Swim|Use Magic Device
1						ADD:SPELLCASTER|1|Sorcerer
2	BONUS:PCLEVEL|Sorcerer|1
3	BONUS:PCLEVEL|Sorcerer|1

#
# End
#
