

CLASS:Vigilante	HD:8	TYPE:Base.PC	SOURCEPAGE:p.2	DEFINE:VigilanteLVL|0	BONUS:VAR|VigilanteLVL|classlevel("Vigilante","APPLIEDAS=NONEPIC")
CLASS:Vigilante	BONUS:COMBAT|BASEAB|VigilanteLVL*3/4|TYPE=Base.REPLACE|PREVAREQ:UseAlternateBABProgression,0	
CLASS:Vigilante	BONUS:VAR|ClassBABModerate|VigilanteLVL|PREVAREQ:UseFractionalBAB,1	
CLASS:Vigilante	BONUS:SAVE|BASE.Fortitude|VigilanteLVL/3
CLASS:Vigilante	BONUS:SAVE|BASE.Reflex|VigilanteLVL/2+2
CLASS:Vigilante	BONUS:SAVE|BASE.Will|VigilanteLVL/2+2
CLASS:Vigilante	STARTSKILLPTS:6	CSKILL:Acrobatics|Appraise|Bluff|Climb|TYPE=Craft|Diplomacy|Disable Device|Disguise|Escape Artist|Intimidate|Knowledge (dungeoneering)|Knowledge (engineering)|Knowledge (local)|Perception|TYPE=Perform|TYPE=Profession|Ride|Sense Motive|Sleight of Hand|Stealth|Survival|Swim|Use Magic Device
CLASS:Vigilante	SPELLSTAT:INT	
###Block
1	ABILITY:Vigilante Class Feature|AUTOMATIC|Vigilante ~ Weapon and Armor Proficiencies|!PREABILITY:1,CATEGORY=Archetype,TYPE.Vigilante Proficiencies	
1	ABILITY:Vigilante Class Feature|AUTOMATIC|Vigilante ~ Dual Identity|!PREABILITY:1,CATEGORY=Archetype,TYPE.Vigilante Dual Identity				
1	ABILITY:Vigilante Class Feature|AUTOMATIC|Vigilante ~ Social Grace|!PREABILITY:1,CATEGORY=Archetype,TYPE.Vigilante Social Grace				
1	ABILITY:Vigilante Class Feature|AUTOMATIC|Vigilante ~ Vigilante Specialization|!PREABILITY:1,CATEGORY=Archetype,TYPE.Vigilante Vigilante Specialization		
1	ABILITY:Vigilante Class Feature|AUTOMATIC|Vigilante ~ Seamless Guise|!PREABILITY:1,CATEGORY=Archetype,TYPE.Vigilante Seamless Guise		
1	ABILITY:Vigilante Class Feature|AUTOMATIC|Vigilante ~ Social Talent|!PREABILITY:1,CATEGORY=Archetype,TYPE.Vigilante Social Talent			
2	ABILITY:Vigilante Class Feature|AUTOMATIC|Vigilante ~ Vigilante Talent|!PREABILITY:1,CATEGORY=Archetype,TYPE.Vigilante Vigilante Talent			
3	ABILITY:Vigilante Class Feature|AUTOMATIC|Vigilante ~ Unshakable|!PREABILITY:1,CATEGORY=Archetype,TYPE.Vigilante Unshakable					
5	ABILITY:Vigilante Class Feature|AUTOMATIC|Vigilante ~ Startling Appearance|!PREABILITY:1,CATEGORY=Archetype,TYPE.Vigilante Startling Appearance		
#7	ABILITY:Vigilante Class Feature|AUTOMATIC|Vigilante ~ Loyal Aid|!PREABILITY:1,CATEGORY=Archetype,TYPE.Vigilante Loyal Aid				
#9	ABILITY:Vigilante Class Feature|AUTOMATIC|Vigilante ~ Many Guises|!PREABILITY:1,CATEGORY=Archetype,TYPE.Vigilante Many Guises				
11	ABILITY:Vigilante Class Feature|AUTOMATIC|Vigilante ~ Frightening Appearance|!PREABILITY:1,CATEGORY=Archetype,TYPE.Vigilante Frightening Appearance		
#13	ABILITY:Vigilante Class Feature|AUTOMATIC|Vigilante ~ Quick Change|!PREABILITY:1,CATEGORY=Archetype,TYPE.Vigilante Quick Change				
17	ABILITY:Vigilante Class Feature|AUTOMATIC|Vigilante ~ Stunning Appearance|!PREABILITY:1,CATEGORY=Archetype,TYPE.Vigilante Stunning Appearance			
#19	ABILITY:Vigilante Class Feature|AUTOMATIC|Vigilante ~ Everyman|!PREABILITY:1,CATEGORY=Archetype,TYPE.Vigilante Everyman				
20	ABILITY:Vigilante Class Feature|AUTOMATIC|Vigilante ~ Vengeance Strike|!PREABILITY:1,CATEGORY=Archetype,TYPE.Vigilante Vengeance Strike			
###Block
1:REPEATLEVEL:1	CAST:0	BONUS:SPELLCAST|Class=Vigilante;Level=0|-1
