#### NOT COMPLETED YET:
STARTPACK:Default Orc (Black)	VISIBLE:QUALIFY	EQUIPBUY:0	PREMULT:1,[!PRERACE:%],[PRERACE:Orc (Black)]
RACE:Orc (Black)	!PRERACE:%
ALIGN:CN
NAME:Orc (Black)
SKILL:Hide			RANK:1
SKILL:Listen		RANK:1
SKILL:Move Silently	RANK:1
SKILL:Spot			RANK:5
SKILL:Survival		RANK:4
FEAT:Diehard
FEAT:Endurance
FEAT:Power Attack
FEAT:Track
STAT:CON=10|WIS=10|CHA=11|STR=11|DEX=10|INT=11


STARTPACK:Default Orc (Blood)	VISIBLE:QUALIFY	EQUIPBUY:0	PREMULT:1,[!PRERACE:%],[PRERACE:Orc (Black)]
RACE:Orc (Black)	!PRERACE:%
ALIGN:CN
NAME:Orc (Black)
SKILL:Hide			RANK:1
SKILL:Listen		RANK:1
SKILL:Move Silently	RANK:1
SKILL:Spot			RANK:5
SKILL:Survival		RANK:4
FEAT:Diehard
FEAT:Endurance
FEAT:Power Attack
FEAT:Track
STAT:CON=10|WIS=10|CHA=11|STR=11|DEX=10|INT=11

STARTPACK:Default Orc (Ghost-Faced)	VISIBLE:QUALIFY	EQUIPBUY:0	PREMULT:1,[!PRERACE:%],[PRERACE:Orc (Black)]
RACE:Orc (Black)	!PRERACE:%
ALIGN:CN
NAME:Orc (Black)
SKILL:Hide			RANK:1
SKILL:Listen		RANK:1
SKILL:Move Silently	RANK:1
SKILL:Spot			RANK:5
SKILL:Survival		RANK:4
FEAT:Diehard
FEAT:Endurance
FEAT:Power Attack
FEAT:Track
STAT:CON=10|WIS=10|CHA=11|STR=11|DEX=10|INT=11

STARTPACK:Default Orc (Greenskin)	VISIBLE:QUALIFY	EQUIPBUY:0	PREMULT:1,[!PRERACE:%],[PRERACE:Orc (Black)]
RACE:Orc (Black)	!PRERACE:%
ALIGN:CN
NAME:Orc (Black)
SKILL:Hide			RANK:1
SKILL:Listen		RANK:1
SKILL:Move Silently	RANK:1
SKILL:Spot			RANK:5
SKILL:Survival		RANK:4
FEAT:Diehard
FEAT:Endurance
FEAT:Power Attack
FEAT:Track
STAT:CON=10|WIS=10|CHA=11|STR=11|DEX=10|INT=11


STARTPACK:Default Phasm	VISIBLE:QUALIFY	EQUIPBUY:0	PREMULT:1,[!PRERACE:%],[PRERACE:Orc (Black)]
RACE:Orc (Black)	!PRERACE:%
ALIGN:CN
NAME:Orc (Black)
SKILL:Hide			RANK:1
SKILL:Listen		RANK:1
SKILL:Move Silently	RANK:1
SKILL:Spot			RANK:5
SKILL:Survival		RANK:4
FEAT:Diehard
FEAT:Endurance
FEAT:Power Attack
FEAT:Track
STAT:CON=10|WIS=10|CHA=11|STR=11|DEX=10|INT=11

STARTPACK:Default Sepulchral Guardian	VISIBLE:QUALIFY	EQUIPBUY:0	PREMULT:1,[!PRERACE:%],[PRERACE:Orc (Black)]
RACE:Orc (Black)	!PRERACE:%
ALIGN:CN
NAME:Orc (Black)
SKILL:Hide			RANK:1
SKILL:Listen		RANK:1
SKILL:Move Silently	RANK:1
SKILL:Spot			RANK:5
SKILL:Survival		RANK:4
FEAT:Diehard
FEAT:Endurance
FEAT:Power Attack
FEAT:Track
STAT:CON=10|WIS=10|CHA=11|STR=11|DEX=10|INT=11

STARTPACK:Default Skin Sticher	VISIBLE:QUALIFY	EQUIPBUY:0	PREMULT:1,[!PRERACE:%],[PRERACE:Orc (Black)]
RACE:Orc (Black)	!PRERACE:%
ALIGN:CN
NAME:Orc (Black)
SKILL:Hide			RANK:1
SKILL:Listen		RANK:1
SKILL:Move Silently	RANK:1
SKILL:Spot			RANK:5
SKILL:Survival		RANK:4
FEAT:Diehard
FEAT:Endurance
FEAT:Power Attack
FEAT:Track
STAT:CON=10|WIS=10|CHA=11|STR=11|DEX=10|INT=11

STARTPACK:Default Swarm (Adamantine Wasp)	VISIBLE:QUALIFY	EQUIPBUY:0	PREMULT:1,[!PRERACE:%],[PRERACE:Orc (Black)]
RACE:Orc (Black)	!PRERACE:%
ALIGN:CN
NAME:Orc (Black)
SKILL:Hide			RANK:1
SKILL:Listen		RANK:1
SKILL:Move Silently	RANK:1
SKILL:Spot			RANK:5
SKILL:Survival		RANK:4
FEAT:Diehard
FEAT:Endurance
FEAT:Power Attack
FEAT:Track
STAT:CON=10|WIS=10|CHA=11|STR=11|DEX=10|INT=11

STARTPACK:Default Swarm (Heat)	VISIBLE:QUALIFY	EQUIPBUY:0	PREMULT:1,[!PRERACE:%],[PRERACE:Orc (Black)]
RACE:Orc (Black)	!PRERACE:%
ALIGN:CN
NAME:Orc (Black)
SKILL:Hide			RANK:1
SKILL:Listen		RANK:1
SKILL:Move Silently	RANK:1
SKILL:Spot			RANK:5
SKILL:Survival		RANK:4
FEAT:Diehard
FEAT:Endurance
FEAT:Power Attack
FEAT:Track
STAT:CON=10|WIS=10|CHA=11|STR=11|DEX=10|INT=11

STARTPACK:Default Swarm (Shadow Rat)	VISIBLE:QUALIFY	EQUIPBUY:0	PREMULT:1,[!PRERACE:%],[PRERACE:Orc (Black)]
RACE:Orc (Black)	!PRERACE:%
ALIGN:CN
NAME:Orc (Black)
SKILL:Hide			RANK:1
SKILL:Listen		RANK:1
SKILL:Move Silently	RANK:1
SKILL:Spot			RANK:5
SKILL:Survival		RANK:4
FEAT:Diehard
FEAT:Endurance
FEAT:Power Attack
FEAT:Track
STAT:CON=10|WIS=10|CHA=11|STR=11|DEX=10|INT=11

