# CVS $Revision$ $Author$
SOURCELONG:Ultimate Equipment	SOURCESHORT:UE	SOURCEWEB:http://paizo.com/products/btpy8tmc	SOURCEDATE:2012-08

# ORIGINAL ENTRY: James Dempsey
# ORIGINAL ENTRY DATE: 12 May 2013

###Block: Armor
#------light---------
# Equipment Name	Required Armor Proficiency		Type							Cost		Weight	AC Penalty Check	Modifier			Maximum DEX Bonus	Source Page		% of Spell Failure	Combat bonus			Automatically Added to Inventory
Padded		PROFICIENCY:ARMOR|Padded		TYPE:Armor.Light.Suit.Standard.Nonmetal	COST:5	WT:10		ACCHECK:0		EQMOD:CLOTH			MAXDEX:8		SOURCEPAGE:p.151	SOURCEPAGE:p.10	SPELLFAILURE:5		BONUS:COMBAT|AC|1|TYPE=Armor
Haramaki	PROFICIENCY:ARMOR|Haramaki	COST:3	BONUS:COMBAT|AC|+1		ACCHECK:0	SOURCEPAGE:p.11	SPELLFAILURE:0	WT:1	TYPE:Armor.Suit.Standard.Light Armor	EQMOD:Steel
Padded	PROFICIENCY:ARMOR|Padded	COST:5	BONUS:COMBAT|AC|+1	MAXDEX:8	ACCHECK:0	SOURCEPAGE:p.13	SPELLFAILURE:5	WT:10	TYPE:Armor.Suit.Standard.Light Armor	EQMOD:Cloth
Quilted Cloth	PROFICIENCY:ARMOR|Quilted Cloth	COST:100	BONUS:COMBAT|AC|+1	MAXDEX:8	ACCHECK:0	SOURCEPAGE:p.13	SPELLFAILURE:10	WT:15	TYPE:Armor.Suit.Standard.Light Armor	EQMOD:Cloth
Silken Ceremonial	PROFICIENCY:ARMOR|Silken Ceremonial	COST:30	BONUS:COMBAT|AC|+1		ACCHECK:0	SOURCEPAGE:p.14	SPELLFAILURE:0	WT:4	TYPE:Armor.Suit.Standard.Light Armor	EQMOD:Cloth
Lamellar Cuirass	PROFICIENCY:ARMOR|Lamellar Cuirass	COST:15	BONUS:COMBAT|AC|+2	MAXDEX:4	ACCHECK:0	SOURCEPAGE:p.12	SPELLFAILURE:5	WT:8	TYPE:Armor.Suit.Standard.Light Armor	EQMOD:Leather
Leather	PROFICIENCY:ARMOR|Leather	COST:10	BONUS:COMBAT|AC|+2	MAXDEX:6	ACCHECK:0	SOURCEPAGE:p.10	SPELLFAILURE:12	WT:15	TYPE:Armor.Suit.Standard.Light Armor	EQMOD:Leather
Parade	PROFICIENCY:ARMOR|Parade	COST:25	BONUS:COMBAT|AC|+3	MAXDEX:5	ACCHECK:-1	SOURCEPAGE:p.13	SPELLFAILURE:15	WT:20	TYPE:Armor.Suit.Standard.Light Armor	EQMOD:Leather
Studded Leather	PROFICIENCY:ARMOR|Studded Leather	COST:25	BONUS:COMBAT|AC|+3	MAXDEX:5	ACCHECK:-1	SOURCEPAGE:p.14	SPELLFAILURE:15	WT:20	TYPE:Armor.Suit.Standard.Light Armor	EQMOD:Leather
Wooden	PROFICIENCY:ARMOR|Wooden	COST:20	BONUS:COMBAT|AC|+3	MAXDEX:3	ACCHECK:-1	SOURCEPAGE:p.14	SPELLFAILURE:15	WT:25	TYPE:Armor.Suit.Standard.Light Armor	EQMOD:Wood
Chain Shirt	PROFICIENCY:ARMOR|Chain Shirt	COST:100	BONUS:COMBAT|AC|+4	MAXDEX:4	ACCHECK:-2	SOURCEPAGE:p.10	SPELLFAILURE:20	WT:25	TYPE:Armor.Suit.Standard.Light Armor	EQMOD:Steel
Lamellar (Leather)	PROFICIENCY:ARMOR|Lamellar (Leather)	COST:60	BONUS:COMBAT|AC|+4	MAXDEX:3	ACCHECK:-2	SOURCEPAGE:p.12	SPELLFAILURE:20	WT:25	TYPE:Armor.Suit.Standard.Light Armor	EQMOD:Leather

#------medium--------
Armored Coat	PROFICIENCY:ARMOR|Armored Coat	COST:50	BONUS:COMBAT|AC|+4	MAXDEX:3	ACCHECK:-2	SOURCEPAGE:p.10	SPELLFAILURE:20	WT:20	TYPE:Armor.Suit.Standard.Medium Armor	EQMOD:Leather
Hide	PROFICIENCY:ARMOR|Hide	COST:15	BONUS:COMBAT|AC|+4	MAXDEX:4	ACCHECK:-3	SOURCEPAGE:p.11	SPELLFAILURE:20	WT:25	TYPE:Armor.Suit.Standard.Medium Armor	
Do-Maru	PROFICIENCY:ARMOR|Do-Maru	COST:200	BONUS:COMBAT|AC|+5	MAXDEX:4	ACCHECK:-4	SOURCEPAGE:p.11	SPELLFAILURE:25	WT:30	TYPE:Armor.Suit.Standard.Medium Armor	EQMOD:Leather
Kikko	PROFICIENCY:ARMOR|Kikko	COST:30	BONUS:COMBAT|AC|+5	MAXDEX:4	ACCHECK:-3	SOURCEPAGE:p.11	SPELLFAILURE:20	WT:25	TYPE:Armor.Suit.Standard.Medium Armor	EQMOD:Steel
Lamellar (Horn)	PROFICIENCY:ARMOR|Lamellar (Horn)	COST:100	BONUS:COMBAT|AC|+5	MAXDEX:3	ACCHECK:-4	SOURCEPAGE:p.12	SPELLFAILURE:25	WT:30	TYPE:Armor.Suit.Standard.Medium Armor	
Scale Mail	PROFICIENCY:ARMOR|Scale Mail	COST:50	BONUS:COMBAT|AC|+5	MAXDEX:3	ACCHECK:-4	SOURCEPAGE:p.14	SPELLFAILURE:25	WT:30	TYPE:Armor.Suit.Standard.Medium Armor	EQMOD:Steel
Agile Breastplate	PROFICIENCY:ARMOR|Agile Breastplate	COST:400	BONUS:COMBAT|AC|+6	MAXDEX:3	ACCHECK:-4	SOURCEPAGE:p.10	SPELLFAILURE:25	WT:25	TYPE:Armor.Suit.Standard.Medium Armor	EQMOD:Steel
Breastplate	PROFICIENCY:ARMOR|Breastplate	COST:200	BONUS:COMBAT|AC|+6	MAXDEX:3	ACCHECK:-4	SOURCEPAGE:p.10	SPELLFAILURE:25	WT:30	TYPE:Armor.Suit.Standard.Medium Armor	EQMOD:Steel
Chainmail	PROFICIENCY:ARMOR|Chainmail	COST:150	BONUS:COMBAT|AC|+6	MAXDEX:2	ACCHECK:-5	SOURCEPAGE:p.10	SPELLFAILURE:30	WT:40	TYPE:Armor.Suit.Standard.Medium Armor	EQMOD:Steel
Four-Mirror	PROFICIENCY:ARMOR|Four-Mirror	COST:45	BONUS:COMBAT|AC|+6	MAXDEX:2	ACCHECK:-5	SOURCEPAGE:p.11	SPELLFAILURE:30	WT:45	TYPE:Armor.Suit.Standard.Medium Armor	EQMOD:Steel
Lamellar (Steel)	PROFICIENCY:ARMOR|Lamellar (Steel)	COST:150	BONUS:COMBAT|AC|+6	MAXDEX:3	ACCHECK:-5	SOURCEPAGE:p.12	SPELLFAILURE:25	WT:35	TYPE:Armor.Suit.Standard.Medium Armor	EQMOD:Steel
Mountain Pattern	PROFICIENCY:ARMOR|Mountain Pattern	COST:250	BONUS:COMBAT|AC|+6	MAXDEX:3	ACCHECK:-4	SOURCEPAGE:p.13	SPELLFAILURE:30	WT:40	TYPE:Armor.Suit.Standard.Medium Armor	EQMOD:Steel

#------heavy---------
Banded Mail	PROFICIENCY:ARMOR|Banded Mail	COST:250	BONUS:COMBAT|AC|+7	MAXDEX:1	ACCHECK:-6	SOURCEPAGE:p.10	SPELLFAILURE:35	WT:35	TYPE:Armor.Suit.Standard.Heavy Armor	EQMOD:Steel
Kusari Gusoku	PROFICIENCY:ARMOR|Kusari Gusoku	COST:350	BONUS:COMBAT|AC|+7	MAXDEX:1	ACCHECK:-7	SOURCEPAGE:p.12	SPELLFAILURE:35	WT:45	TYPE:Armor.Suit.Standard.Heavy Armor	EQMOD:Steel
Lamellar (Iron)	PROFICIENCY:ARMOR|Lamellar (Iron)	COST:200	BONUS:COMBAT|AC|+7	MAXDEX:0	ACCHECK:-7	SOURCEPAGE:p.12	SPELLFAILURE:40	WT:50	TYPE:Armor.Suit.Standard.Heavy Armor	EQMOD:Steel
Splint Mail	PROFICIENCY:ARMOR|Splint Mail	COST:200	BONUS:COMBAT|AC|+7	MAXDEX:0	ACCHECK:-7	SOURCEPAGE:p.14	SPELLFAILURE:40	WT:45	TYPE:Armor.Suit.Standard.Heavy Armor	EQMOD:Steel
Tatami-Do	PROFICIENCY:ARMOR|Tatami-Do	COST:1000	BONUS:COMBAT|AC|+7	MAXDEX:3	ACCHECK:-6	SOURCEPAGE:p.14	SPELLFAILURE:35	WT:45	TYPE:Armor.Suit.Standard.Heavy Armor	EQMOD:Steel
Agile Half-Plate	PROFICIENCY:ARMOR|Agile Half-Plate	COST:850	BONUS:COMBAT|AC|+8	MAXDEX:0	ACCHECK:-7	SOURCEPAGE:p.10	SPELLFAILURE:40	WT:55	TYPE:Armor.Suit.Standard.Heavy Armor	EQMOD:Steel
Half-Plate	PROFICIENCY:ARMOR|Half-Plate	COST:600	BONUS:COMBAT|AC|+8	MAXDEX:0	ACCHECK:-7	SOURCEPAGE:p.11	SPELLFAILURE:40	WT:50	TYPE:Armor.Suit.Standard.Heavy Armor	EQMOD:Steel
Lamellar (Stone)	PROFICIENCY:ARMOR|Lamellar (Stone)	COST:500	BONUS:COMBAT|AC|+8	MAXDEX:0	ACCHECK:-7	SOURCEPAGE:p.12	SPELLFAILURE:40	WT:45	TYPE:Armor.Suit.Standard.Heavy Armor	
O-Yoroi	PROFICIENCY:ARMOR|O-Yoroi	COST:1700	BONUS:COMBAT|AC|+8	MAXDEX:2	ACCHECK:-6	SOURCEPAGE:p.13	SPELLFAILURE:35	WT:45	TYPE:Armor.Suit.Standard.Heavy Armor	EQMOD:Steel
Full Plate	PROFICIENCY:ARMOR|Full Plate	COST:1500	BONUS:COMBAT|AC|+9	MAXDEX:1	ACCHECK:-6	SOURCEPAGE:p.11	SPELLFAILURE:35	WT:50	TYPE:Armor.Suit.Standard.Heavy Armor	EQMOD:Steel
Stoneplate	PROFICIENCY:ARMOR|Stoneplate	COST:1800	BONUS:COMBAT|AC|+9	MAXDEX:1	ACCHECK:-6	SOURCEPAGE:p.14	SPELLFAILURE:35	WT:75	TYPE:Armor.Suit.Standard.Heavy Armor	


###Block: Shields
# Equipment Name		Output Name					Required Shield Proficiency		Type							Cost		Weight	Slot Needed	AC Penalty Check	Critical Hit Multiplier	Critical Hit Range	Damage	Modifier	Wield Category	Maximum DEX Bonus	Size		Source Page		% of Spell Failure	Combat bonus																									Special Property
Buckler	PROFICIENCY:SHIELD|Buckler	COST:5	BONUS:COMBAT|AC|+1			ACCHECK:-1	SOURCEPAGE:p.10	SPELLFAILURE:5	WT:5	TYPE:Shield.Buckler.Standard	EQMOD:Steel
Klar	PROFICIENCY:SHIELD|Shield (Light)	COST:12	BONUS:COMBAT|AC|+1			ACCHECK:-1	SOURCEPAGE:p.12	SPELLFAILURE:5	WT:6	TYPE:Shield.Light.Standard.Close	
Shield (Light/Steel/Quickdraw)	OUTPUTNAME:Shield, Light Steel Quickdraw	PROFICIENCY:SHIELD|Shield (Light)	COST:59	BONUS:COMBAT|AC|+1			ACCHECK:-2	SOURCEPAGE:p.12	SPELLFAILURE:5	WT:7	TYPE:Shield.Light.Standard.Close	EQMOD:Steel
Shield (Light/Steel)	OUTPUTNAME:Shield, Light Steel	PROFICIENCY:SHIELD|Shield (Light)	COST:9	BONUS:COMBAT|AC|+1			ACCHECK:-1	SOURCEPAGE:p.12	SPELLFAILURE:5	WT:6	TYPE:Shield.Light.Standard.Close	EQMOD:Steel
Shield (Light/Wooden/Quickdraw)	OUTPUTNAME:Shield, Light Wooden Quickdraw	PROFICIENCY:SHIELD|Shield (Light)	COST:53	BONUS:COMBAT|AC|+1			ACCHECK:-2	SOURCEPAGE:p.12	SPELLFAILURE:5	WT:6	TYPE:Shield.Light.Standard.Close	EQMOD:Wood
Shield (Light/Wooden)	OUTPUTNAME:Shield, Light Wooden	PROFICIENCY:SHIELD|Shield (Light)	COST:3	BONUS:COMBAT|AC|+1			ACCHECK:-1	SOURCEPAGE:p.12	SPELLFAILURE:5	WT:5	TYPE:Shield.Light.Standard.Close	EQMOD:Wood
Madu (Leather)	PROFICIENCY:SHIELD|Shield (Light)	COST:40	BONUS:COMBAT|AC|+1			ACCHECK:-2	SOURCEPAGE:p.13	SPELLFAILURE:5	WT:5	TYPE:Shield.Light.Standard.Close	EQMOD:Leather
Madu (Steel)	PROFICIENCY:SHIELD|Shield (Light)	COST:50	BONUS:COMBAT|AC|+1			ACCHECK:-2	SOURCEPAGE:p.13	SPELLFAILURE:5	WT:6	TYPE:Shield.Light.Standard.Close	EQMOD:Steel
Shield (Heavy/Steel)	OUTPUTNAME:Shield, Heavy Steel	PROFICIENCY:SHIELD|Shield (Heavy)	COST:20	BONUS:COMBAT|AC|+2			ACCHECK:-2	SOURCEPAGE:p.11	SPELLFAILURE:15	WT:15	TYPE:Shield.Heavy.Standard.Close	EQMOD:Steel
Shield (Heavy/Wooden)	OUTPUTNAME:Shield, Heavy Wooden	PROFICIENCY:SHIELD|Shield (Heavy)	COST:7	BONUS:COMBAT|AC|+2			ACCHECK:-2	SOURCEPAGE:p.11	SPELLFAILURE:15	WT:10	TYPE:Shield.Heavy.Standard.Close	EQMOD:Wood
Shield (Tower)		OUTPUTNAME:Shield, Tower		PROFICIENCY:SHIELD|Tower Shield	COST:30	BONUS:COMBAT|AC|+4		MAXDEX:2	ACCHECK:-10	SOURCEPAGE:p.14	SPELLFAILURE:50	WT:45	TYPE:Shield.Tower.Standard.Close.Nonmetal	EQMOD:Wood
