# CVS $Revision: 1.6 $ $Author: sstephen

# Race Name
Dwarf.MOD 								BONUS:STAT|CON|2	BONUS:STAT|CHA|-2		LANGAUTO:.CLEAR	LANGAUTO:Low Coryani,Dwarven	LANGBONUS:.CLEAR				SAB:Weight of the Curse (Ex)	SOURCEPAGE:p.161	TEMPLATE:Arcanis Regions|Dwarven Subraces
Gnome.MOD		FAVCLASS:Wizard.Illusionist		BONUS:STAT|STR|-2	BONUS:STAT|CON|2		LANGAUTO:.CLEAR	LANGBONUS:.CLEAR														SOURCEPAGE:p.161	TEMPLATE:Arcanis Regions
Half-Orc.MOD							BONUS:STAT|STR|2	BONUS:STAT|INT,CHA|-2	LANGAUTO:.CLEAR	LANGAUTO:Low Coryani		LANGBONUS:.CLEAR	LANGBONUS:Orc						SOURCEPAGE:p.18	TEMPLATE:Arcanis Regions
Human.MOD															LANGAUTO:.CLEAR	LANGAUTO:Low Coryani		LANGBONUS:.CLEAR	LANGBONUS:ALL						SOURCEPAGE:p.12	TEMPLATE:Arcanis Regions


Elf.FORGET
Half-Elf.FORGET
Halfling.FORGET
Elf (Wood).FORGET
Elf (Aquatic).FORGET
Elf (Grey).FORGET
Elf (Drow).FORGET
Elf (Wild).FORGET

Cerebremancer.FORGET
Elocator.FORGET
Psion Uncarnate.FORGET
Thallherd.FORGET

Dinosaur (Deinonychus).FORGET
Dinosaur (Elasmosaurus).FORGET
Dinosaur (Megaraptor).FORGET
Dinosaur (Triceratops).FORGET
Dinosaur (Tyrannosaurus).FORGET

Maenad.FORGET	LANGBONUS:.CLEAR.Draconic,Elven
Xeph.FORGET		LANGBONUS:.CLEAR.Draconic,Elven
Blue.FORGET		LANGBONUS:.CLEAR.Draconic,Elven
Dragon (Black Wyrmling).MOD		LANGAUTO:.CLEAR
Dragon (Black Very Young).MOD		LANGAUTO:.CLEAR
Dragon (Black Young).MOD		LANGAUTO:.CLEAR
Dragon (Black Juvenile).MOD		LANGAUTO:.CLEAR
Dragon (Black Young Adult).MOD	LANGAUTO:.CLEAR
Dragon (Black Adult).MOD		LANGAUTO:.CLEAR
Dragon (Black Mature Adult).MOD	LANGAUTO:.CLEAR
Dragon (Black Old).MOD			LANGAUTO:.CLEAR
Dragon (Black Very Old).MOD		LANGAUTO:.CLEAR
Dragon (Black Ancient).MOD		LANGAUTO:.CLEAR
Dragon (Black Wyrm).MOD			LANGAUTO:.CLEAR
Dragon (Black Great Wyrm).MOD		LANGAUTO:.CLEAR
Dragon (Blue Wyrmling).MOD		LANGAUTO:.CLEAR
Dragon (Blue Very Young).MOD		LANGAUTO:.CLEAR
Dragon (Blue Young).MOD			LANGAUTO:.CLEAR
Dragon (Blue Juvenile).MOD		LANGAUTO:.CLEAR
Dragon (Blue Young Adult).MOD		LANGAUTO:.CLEAR
Dragon (Blue Adult).MOD			LANGAUTO:.CLEAR
Dragon (Blue Mature Adult).MOD	LANGAUTO:.CLEAR
Dragon (Blue Old).MOD			LANGAUTO:.CLEAR
Dragon (Blue Very Old).MOD		LANGAUTO:.CLEAR
Dragon (Blue Ancient).MOD		LANGAUTO:.CLEAR
Dragon (Blue Wyrm).MOD			LANGAUTO:.CLEAR
Dragon (Blue Great Wyrm).MOD		LANGAUTO:.CLEAR
Dragon (Green Wyrmling).MOD		LANGAUTO:.CLEAR
Dragon (Green Very Young).MOD		LANGAUTO:.CLEAR
Dragon (Green Young).MOD		LANGAUTO:.CLEAR
Dragon (Green Juvenile).MOD		LANGAUTO:.CLEAR
Dragon (Green Young Adult).MOD	LANGAUTO:.CLEAR
Dragon (Green Adult).MOD		LANGAUTO:.CLEAR
Dragon (Green Mature Adult).MOD	LANGAUTO:.CLEAR
Dragon (Green Old).MOD			LANGAUTO:.CLEAR
Dragon (Green Very Old).MOD		LANGAUTO:.CLEAR
Dragon (Green Ancient).MOD		LANGAUTO:.CLEAR
Dragon (Green Wyrm).MOD			LANGAUTO:.CLEAR
Dragon (Green Great Wyrm).MOD		LANGAUTO:.CLEAR
Dragon (Red Wyrmling).MOD		LANGAUTO:.CLEAR
Dragon (Red Very Young).MOD		LANGAUTO:.CLEAR
Dragon (Red Young).MOD			LANGAUTO:.CLEAR
Dragon (Red Juvenile).MOD		LANGAUTO:.CLEAR
Dragon (Red Young Adult).MOD		LANGAUTO:.CLEAR
Dragon (Red Adult).MOD			LANGAUTO:.CLEAR
Dragon (Red Mature Adult).MOD		LANGAUTO:.CLEAR
Dragon (Red Old).MOD			LANGAUTO:.CLEAR
Dragon (Red Very Old).MOD		LANGAUTO:.CLEAR
Dragon (Red Ancient).MOD		LANGAUTO:.CLEAR
Dragon (Red Wyrm).MOD			LANGAUTO:.CLEAR
Dragon (Red Great Wyrm).MOD		LANGAUTO:.CLEAR
Dragon (White Wyrmling).MOD		LANGAUTO:.CLEAR
Dragon (White Very Young).MOD		LANGAUTO:.CLEAR
Dragon (White Young).MOD		LANGAUTO:.CLEAR
Dragon (White Juvenile).MOD		LANGAUTO:.CLEAR
Dragon (White Young Adult).MOD	LANGAUTO:.CLEAR
Dragon (White Adult).MOD		LANGAUTO:.CLEAR
Dragon (White Mature Adult).MOD	LANGAUTO:.CLEAR
Dragon (White Old).MOD			LANGAUTO:.CLEAR
Dragon (White Very Old).MOD		LANGAUTO:.CLEAR
Dragon (White Ancient).MOD		LANGAUTO:.CLEAR
Dragon (White Wyrm).MOD			LANGAUTO:.CLEAR
Dragon (White Great Wyrm).MOD		LANGAUTO:.CLEAR
Dragon (Brass Wyrmling).MOD		LANGAUTO:.CLEAR
Dragon (Brass Very Young).MOD		LANGAUTO:.CLEAR
Dragon (Brass Young).MOD		LANGAUTO:.CLEAR
Dragon (Brass Juvenile).MOD		LANGAUTO:.CLEAR
Dragon (Brass Young Adult).MOD	LANGAUTO:.CLEAR
Dragon (Brass Adult).MOD		LANGAUTO:.CLEAR
Dragon (Brass Mature Adult).MOD	LANGAUTO:.CLEAR
Dragon (Brass Old).MOD			LANGAUTO:.CLEAR
Dragon (Brass Very Old).MOD		LANGAUTO:.CLEAR
Dragon (Brass Ancient).MOD		LANGAUTO:.CLEAR
Dragon (Brass Wyrm).MOD			LANGAUTO:.CLEAR
Dragon (Brass Great Wyrm).MOD		LANGAUTO:.CLEAR
Dragon (Bronze Wyrmling).MOD		LANGAUTO:.CLEAR
Dragon (Bronze Very Young).MOD	LANGAUTO:.CLEAR
Dragon (Bronze Young).MOD		LANGAUTO:.CLEAR
Dragon (Bronze Juvenile).MOD		LANGAUTO:.CLEAR
Dragon (Bronze Young Adult).MOD	LANGAUTO:.CLEAR
Dragon (Bronze Adult).MOD		LANGAUTO:.CLEAR
Dragon (Bronze Mature Adult).MOD	LANGAUTO:.CLEAR
Dragon (Bronze Old).MOD			LANGAUTO:.CLEAR
Dragon (Bronze Very Old).MOD		LANGAUTO:.CLEAR
Dragon (Bronze Ancient).MOD		LANGAUTO:.CLEAR
Dragon (Bronze Wyrm).MOD		LANGAUTO:.CLEAR
Dragon (Bronze Great Wyrm).MOD	LANGAUTO:.CLEAR
Dragon (Copper Wyrmling).MOD		LANGAUTO:.CLEAR
Dragon (Copper Very Young).MOD	LANGAUTO:.CLEAR
Dragon (Copper Young).MOD		LANGAUTO:.CLEAR
Dragon (Copper Juvenile).MOD		LANGAUTO:.CLEAR
Dragon (Copper Young Adult).MOD	LANGAUTO:.CLEAR
Dragon (Copper Adult).MOD		LANGAUTO:.CLEAR
Dragon (Copper Mature Adult).MOD	LANGAUTO:.CLEAR
Dragon (Copper Old).MOD			LANGAUTO:.CLEAR
Dragon (Copper Very Old).MOD		LANGAUTO:.CLEAR
Dragon (Copper Ancient).MOD		LANGAUTO:.CLEAR
Dragon (Copper Wyrm).MOD		LANGAUTO:.CLEAR
Dragon (Copper Great Wyrm).MOD	LANGAUTO:.CLEAR
Dragon (Gold Wyrmling).MOD		LANGAUTO:.CLEAR
Dragon (Gold Very Young).MOD		LANGAUTO:.CLEAR
Dragon (Gold Young).MOD			LANGAUTO:.CLEAR
Dragon (Gold Juvenile).MOD		LANGAUTO:.CLEAR
Dragon (Gold Young Adult).MOD		LANGAUTO:.CLEAR
Dragon (Gold Adult).MOD			LANGAUTO:.CLEAR
Dragon (Gold Mature Adult).MOD	LANGAUTO:.CLEAR
Dragon (Gold Old).MOD			LANGAUTO:.CLEAR
Dragon (Gold Very Old).MOD		LANGAUTO:.CLEAR
Dragon (Gold Ancient).MOD		LANGAUTO:.CLEAR
Dragon (Gold Wyrm).MOD			LANGAUTO:.CLEAR
Dragon (Gold Great Wyrm).MOD		LANGAUTO:.CLEAR
Dragon (Silver Wyrmling).MOD		LANGAUTO:.CLEAR
Dragon (Silver Very Young).MOD	LANGAUTO:.CLEAR
Dragon (Silver Young).MOD		LANGAUTO:.CLEAR
Dragon (Silver Juvenile).MOD		LANGAUTO:.CLEAR
Dragon (Silver Young Adult).MOD	LANGAUTO:.CLEAR
Dragon (Silver Adult).MOD		LANGAUTO:.CLEAR
Dragon (Silver Mature Adult).MOD	LANGAUTO:.CLEAR
Dragon (Silver Old).MOD			LANGAUTO:.CLEAR
Dragon (Silver Very Old).MOD		LANGAUTO:.CLEAR
Dragon (Silver Ancient).MOD		LANGAUTO:.CLEAR
Dragon (Silver Wyrm).MOD		LANGAUTO:.CLEAR
Dragon (Silver Great Wyrm).MOD	LANGAUTO:.CLEAR
Angel (Astral Deva)			LANGAUTO:.CLEAR	LANGAUTO:Celestial,Infernal
Angel (Planetar)				LANGAUTO:.CLEAR	LANGAUTO:Celestial,Infernal
Angel (Solar)				LANGAUTO:.CLEAR	LANGAUTO:Celestial,Infernal
Archon (Hound)				LANGAUTO:.CLEAR	LANGAUTO:Celestial,Infernal
Archon (Lantern)				LANGAUTO:.CLEAR	LANGAUTO:Celestial,Infernal
Archon (Trumpet)				LANGAUTO:.CLEAR	LANGAUTO:Celestial,Infernal
Avoral					LANGAUTO:.CLEAR	LANGAUTO:Celestial,Infernal
Bralani					LANGAUTO:.CLEAR	LANGAUTO:Celestial,Infernal
Bugbear					LANGAUTO:Common,Goblin				LANGBONUS:Draconic,Elven,Giant,Gnoll,Orc					LANGBONUS:.CLEAR.Draconic
Chimera					LANGAUTO:.CLEAR.Draconic
Couatl					LANGAUTO:.CLEAR.Draconic
Demon (Babau)				LANGAUTO:.CLEAR.Draconic
Demon (Balor)				LANGAUTO:.CLEAR.Draconic
Demon (Glabrezu)				LANGAUTO:.CLEAR.Draconic
Demon (Hezrou)				LANGAUTO:.CLEAR.Draconic
Demon (Marilith)				LANGAUTO:.CLEAR.Draconic
Demon (Nalfeshnee)			LANGAUTO:.CLEAR.Draconic
Demon (Retriever)				LANGAUTO:.CLEAR.Draconic
Demon (Succubus)				LANGAUTO:.CLEAR.Draconic
Demon (Vrock)				LANGAUTO:.CLEAR.Draconic
Devil (Barbed (Hamatula))		LANGAUTO:.CLEAR.Draconic
Devil (Bearded (Barbazu))		LANGAUTO:.CLEAR.Draconic
Devil (Bone (Osyluth))			LANGAUTO:.CLEAR.Draconic
Devil (Erinyes)				LANGAUTO:.CLEAR.Draconic
Devil (Horned (Cornugon))		LANGAUTO:.CLEAR.Draconic
Devil (Ice (Gelugon))			LANGAUTO:.CLEAR.Draconic
Devil (Imp)					LANGAUTO:.CLEAR.Draconic
Devil (Pit Fiend)				LANGAUTO:.CLEAR.Draconic
Dragon Turtle				LANGAUTO:.CLEAR.Draconic
Dragonne					LANGAUTO:.CLEAR.Draconic
Dwarf (Duergar)									LANGBONUS:.CLEAR.Draconic
Ghaele					LANGAUTO:.CLEAR.Draconic
Giant (Hill)									LANGBONUS:.CLEAR.Draconic
Giant (Stone)									LANGBONUS:.CLEAR.Draconic
Gnoll											LANGBONUS:.CLEAR.Draconic
Grimlock										LANGBONUS:.CLEAR.Draconic
Gnome (Forest)									LANGBONUS:.CLEAR.Draconic
Goblin										LANGBONUS:.CLEAR.Draconic
Hobgoblin										LANGBONUS:.CLEAR.Draconic
Kobold					LANGAUTO:.CLEAR.Draconic
Leonal					LANGAUTO:.CLEAR.Draconic
Lizardfolk					LANGAUTO:.CLEAR.Draconic
Planetouched (Aasimar)								LANGBONUS:.CLEAR.Draconic
Planetouched (Tiefling)								LANGBONUS:.CLEAR.Draconic
Sphinx (Androsphinx)			LANGAUTO:.CLEAR.Draconic
Sphinx (Criosphinx)			LANGAUTO:.CLEAR.Draconic
Sphinx (Gynosphinx)			LANGAUTO:.CLEAR.Draconic
Sphinx (Hieracosphinx)			LANGAUTO:.CLEAR.Draconic
Titan						LANGAUTO:.CLEAR.Draconic
Troglodyte					LANGAUTO:.CLEAR.Draconic
Wyvern					LANGAUTO:.CLEAR.Draconic