# CVS $Revision$ $Author$ -- Thu Apr  8 08:48:12 2010 -- reformated by prettylst.pl v1.39 (build 10232)
SOURCELONG:Eclipse - The Codex Persona	SOURCESHORT:Eclipse	SOURCEWEB:http://www.lulu.com/content/435647
#Original Entry: Andrew Maitland

#COMMENT: Added a method to increase Familiar HP, as per The Practical Enchanter and other custom sources allows.

###Block: Familiar Progression
# Class of the Master	Type			Ability																							Copy Masters BAB		Copy Masters Checks	HP formula based on Master					Use Masters skills?	Define											Combat bonus						Modify VAR											Main Race Type
FOLLOWER:FamiliarLvl=1	TYPE:Familiar	ABILITY:Special Ability|AUTOMATIC|Improved Fortune ~ Evasion|Link ~ Companion|Character Points For Companions	ABILITY:Internal|AUTOMATIC|Intelligence Lock Tracker	COPYMASTERBAB:MASTER	COPYMASTERCHECK:MASTER	COPYMASTERHP:max(1,(MASTER/2)+var("FamiliarBonusHP"))	USEMASTERSKILL:YES	BONUS:VAR|IntelligenceLockNumber|6	DEFINE:FamiliarLevel|0	DEFINE:FamiliarBonusHP|0	BONUS:COMBAT|AC|1|TYPE=NaturalArmor.STACK	BONUS:VAR|FamiliarLevel|1								RACETYPE:Magical Beast
FOLLOWER:FamiliarLvl=2	TYPE:Familiar																																																																		BONUS:VAR|FamiliarLevel|1
FOLLOWER:FamiliarLvl=3	TYPE:Familiar	ABILITY:Special Ability|AUTOMATIC|Location and Emotion Sharing																																			BONUS:VAR|IntelligenceLockNumber|1										BONUS:COMBAT|AC|1|TYPE=NaturalArmor.STACK	BONUS:VAR|FamiliarLevel|1
FOLLOWER:FamiliarLvl=4	TYPE:Familiar																																																																		BONUS:VAR|FamiliarLevel|1
FOLLOWER:FamiliarLvl=5	TYPE:Familiar	ABILITY:Special Ability|AUTOMATIC|Telepathic Speech																																					BONUS:VAR|IntelligenceLockNumber|1										BONUS:COMBAT|AC|1|TYPE=NaturalArmor.STACK	BONUS:VAR|FamiliarLevel|1
FOLLOWER:FamiliarLvl=6	TYPE:Familiar																																																																		BONUS:VAR|FamiliarLevel|1
FOLLOWER:FamiliarLvl=7	TYPE:Familiar	ABILITY:Special Ability|AUTOMATIC|Speak with other Animals																																				BONUS:VAR|IntelligenceLockNumber|1										BONUS:COMBAT|AC|1|TYPE=NaturalArmor.STACK	BONUS:VAR|FamiliarLevel|1
FOLLOWER:FamiliarLvl=8	TYPE:Familiar																																																																		BONUS:VAR|FamiliarLevel|1
FOLLOWER:FamiliarLvl=9	TYPE:Familiar	ABILITY:Special Ability|AUTOMATIC|Speak normally																																					BONUS:VAR|IntelligenceLockNumber|1									BONUS:COMBAT|AC|1|TYPE=NaturalArmor.STACK	BONUS:VAR|FamiliarLevel|1
FOLLOWER:FamiliarLvl=10	TYPE:Familiar																																																																		BONUS:VAR|FamiliarLevel|1
FOLLOWER:FamiliarLvl=11	TYPE:Familiar	ABILITY:Special Ability|AUTOMATIC|Spell or Power Resistance																																				BONUS:VAR|IntelligenceLockNumber|1	DEFINE:CompanionResistanceBonus|0			BONUS:COMBAT|AC|1|TYPE=NaturalArmor.STACK	BONUS:VAR|CompanionResistanceBonus|16	BONUS:VAR|FamiliarLevel|1
FOLLOWER:FamiliarLvl=12	TYPE:Familiar																																																																		BONUS:VAR|CompanionResistanceBonus|1	BONUS:VAR|FamiliarLevel|1
FOLLOWER:FamiliarLvl=13	TYPE:Familiar	ABILITY:Special Ability|AUTOMATIC|Link ~ Sense Sharing																																				BONUS:VAR|IntelligenceLockNumber|1									BONUS:COMBAT|AC|1|TYPE=NaturalArmor.STACK	BONUS:VAR|CompanionResistanceBonus|1	BONUS:VAR|FamiliarLevel|1
FOLLOWER:FamiliarLvl=14	TYPE:Familiar																																																																		BONUS:VAR|CompanionResistanceBonus|1	BONUS:VAR|FamiliarLevel|1
FOLLOWER:FamiliarLvl=15	TYPE:Familiar	ABILITY:Special Ability|AUTOMATIC|Channel spells and powers																																				BONUS:VAR|IntelligenceLockNumber|1									BONUS:COMBAT|AC|1|TYPE=NaturalArmor.STACK	BONUS:VAR|CompanionResistanceBonus|1	BONUS:VAR|FamiliarLevel|1
FOLLOWER:FamiliarLvl=16	TYPE:Familiar																																																																		BONUS:VAR|CompanionResistanceBonus|1	BONUS:VAR|FamiliarLevel|1
FOLLOWER:FamiliarLvl=17	TYPE:Familiar	ABILITY:Special Ability|AUTOMATIC|Link ~ Planetary Range																																				BONUS:VAR|IntelligenceLockNumber|1									BONUS:COMBAT|AC|1|TYPE=NaturalArmor.STACK	BONUS:VAR|CompanionResistanceBonus|1	BONUS:VAR|FamiliarLevel|1
FOLLOWER:FamiliarLvl=18	TYPE:Familiar																																																																		BONUS:VAR|CompanionResistanceBonus|1	BONUS:VAR|FamiliarLevel|1
FOLLOWER:FamiliarLvl=19	TYPE:Familiar	ABILITY:Special Ability|AUTOMATIC|Link ~ Transdimensional Range																																			BONUS:VAR|IntelligenceLockNumber|1									BONUS:COMBAT|AC|1|TYPE=NaturalArmor.STACK	BONUS:VAR|CompanionResistanceBonus|1	BONUS:VAR|FamiliarLevel|1
FOLLOWER:FamiliarLvl=20	TYPE:Familiar																																																																		BONUS:VAR|CompanionResistanceBonus|1	BONUS:VAR|FamiliarLevel|1


###Block: Psi-Crystal Progression
# Class of the Master		Type			Spell Res.	Ability								Copy Masters BAB		Copy Masters Checks	HP formula based on Master	Use Masters skills?	Combat bonus
FOLLOWER:PsiCrystalLvl=1	TYPE:Psicrystal			ABILITY:Special Ability|AUTOMATIC|Empathic Link		COPYMASTERBAB:MASTER	COPYMASTERCHECK:MASTER	COPYMASTERHP:MASTER/2		USEMASTERSKILL:YES
FOLLOWER:PsiCrystalLvl=1	TYPE:Psicrystal																													BONUS:COMBAT|AC|1|TYPE=NaturalArmor.STACK
FOLLOWER:PsiCrystalLvl=3	TYPE:Psicrystal																													BONUS:COMBAT|AC|1|TYPE=NaturalArmor.STACK
FOLLOWER:PsiCrystalLvl=5	TYPE:Psicrystal			ABILITY:Special Ability|AUTOMATIC|Telepathic Speech																		BONUS:COMBAT|AC|1|TYPE=NaturalArmor.STACK
FOLLOWER:PsiCrystalLvl=7	TYPE:Psicrystal			ABILITY:Special Ability|AUTOMATIC|Speak with Animals																		BONUS:COMBAT|AC|1|TYPE=NaturalArmor.STACK
FOLLOWER:PsiCrystalLvl=9	TYPE:Psicrystal			ABILITY:Special Ability|AUTOMATIC|Psicrystal Move																		BONUS:COMBAT|AC|1|TYPE=NaturalArmor.STACK
FOLLOWER:PsiCrystalLvl=11	TYPE:Psicrystal	SR:16																												BONUS:COMBAT|AC|1|TYPE=NaturalArmor.STACK
FOLLOWER:PsiCrystalLvl=12	TYPE:Psicrystal	SR:17
FOLLOWER:PsiCrystalLvl=13	TYPE:Psicrystal	SR:18																												BONUS:COMBAT|AC|1|TYPE=NaturalArmor.STACK
FOLLOWER:PsiCrystalLvl=14	TYPE:Psicrystal	SR:19
FOLLOWER:PsiCrystalLvl=15	TYPE:Psicrystal	SR:20																												BONUS:COMBAT|AC|1|TYPE=NaturalArmor.STACK
FOLLOWER:PsiCrystalLvl=16	TYPE:Psicrystal	SR:21
FOLLOWER:PsiCrystalLvl=17	TYPE:Psicrystal	SR:22																												BONUS:COMBAT|AC|1|TYPE=NaturalArmor.STACK
FOLLOWER:PsiCrystalLvl=18	TYPE:Psicrystal	SR:23
FOLLOWER:PsiCrystalLvl=19	TYPE:Psicrystal	SR:24																												BONUS:COMBAT|AC|1|TYPE=NaturalArmor.STACK
FOLLOWER:PsiCrystalLvl=20	TYPE:Psicrystal	SR:25



###Block: Special Mount Progression
# Class of the Master		Type				Hit Dice	Get Master's Saves					Ability										Define						Combat bonus													Stat bonus							Modify VAR				Main Race Type
FOLLOWER:SpecialMountLvl=1	TYPE:Special Mount			COPYMASTERCHECK:MASTER		ABILITY:Special Ability|AUTOMATIC|Character Points For Companions|Improved Fortune ~ Evasion|Improved Evasion|Share Saving Throws|Share Spells ~ Companion Creature|Communicate with Master ~ Companion Creature	ABILITY:Internal|AUTOMATIC|Intelligence Lock Tracker	BONUS:VAR|IntelligenceLockNumber|8	DEFINE:CompanionCPLvl|0	BONUS:ABILITYPOOL|Mystic Companion Stat Choice|1	BONUS:VAR|CompanionCPLvl|3	RACETYPE:Magical Beast
FOLLOWER:SpecialMountLvl=2	TYPE:Special Mount	HD:1																				BONUS:COMBAT|BAB|1|TYPE=CompanionBonus.STACK	BONUS:COMBAT|AC|1|TYPE=NaturalArmor.STACK									BONUS:VAR|CompanionCPLvl|3
FOLLOWER:SpecialMountLvl=3	TYPE:Special Mount																																												BONUS:VAR|CompanionCPLvl|3
FOLLOWER:SpecialMountLvl=4	TYPE:Special Mount	HD:1																				BONUS:COMBAT|BAB|1|TYPE=CompanionBonus.STACK	BONUS:COMBAT|AC|1|TYPE=NaturalArmor.STACK									BONUS:VAR|CompanionCPLvl|3
FOLLOWER:SpecialMountLvl=5	TYPE:Special Mount																																												BONUS:VAR|CompanionCPLvl|3
FOLLOWER:SpecialMountLvl=6	TYPE:Special Mount	HD:1																				BONUS:COMBAT|BAB|1|TYPE=CompanionBonus.STACK	BONUS:COMBAT|AC|1|TYPE=NaturalArmor.STACK	BONUS:ABILITYPOOL|Mystic Companion Stat Choice|1	BONUS:VAR|CompanionCPLvl|3
FOLLOWER:SpecialMountLvl=7	TYPE:Special Mount																																												BONUS:VAR|CompanionCPLvl|3
FOLLOWER:SpecialMountLvl=8	TYPE:Special Mount	HD:1																				BONUS:COMBAT|BAB|1|TYPE=CompanionBonus.STACK	BONUS:COMBAT|AC|1|TYPE=NaturalArmor.STACK									BONUS:VAR|CompanionCPLvl|3
FOLLOWER:SpecialMountLvl=9	TYPE:Special Mount																																												BONUS:VAR|CompanionCPLvl|3
FOLLOWER:SpecialMountLvl=10	TYPE:Special Mount	HD:1																				BONUS:COMBAT|BAB|1|TYPE=CompanionBonus.STACK	BONUS:COMBAT|AC|1|TYPE=NaturalArmor.STACK									BONUS:VAR|CompanionCPLvl|3
FOLLOWER:SpecialMountLvl=11	TYPE:Special Mount																																				BONUS:ABILITYPOOL|Mystic Companion Stat Choice|1	BONUS:VAR|CompanionCPLvl|3
FOLLOWER:SpecialMountLvl=12	TYPE:Special Mount	HD:1																				BONUS:COMBAT|BAB|1|TYPE=CompanionBonus.STACK	BONUS:COMBAT|AC|1|TYPE=NaturalArmor.STACK									BONUS:VAR|CompanionCPLvl|3
FOLLOWER:SpecialMountLvl=13	TYPE:Special Mount																																												BONUS:VAR|CompanionCPLvl|3
FOLLOWER:SpecialMountLvl=14	TYPE:Special Mount	HD:1																				BONUS:COMBAT|BAB|1|TYPE=CompanionBonus.STACK	BONUS:COMBAT|AC|1|TYPE=NaturalArmor.STACK									BONUS:VAR|CompanionCPLvl|3
FOLLOWER:SpecialMountLvl=15	TYPE:Special Mount																																												BONUS:VAR|CompanionCPLvl|3
FOLLOWER:SpecialMountLvl=16	TYPE:Special Mount	HD:1																				BONUS:COMBAT|BAB|1|TYPE=CompanionBonus.STACK	BONUS:COMBAT|AC|1|TYPE=NaturalArmor.STACK	BONUS:ABILITYPOOL|Mystic Companion Stat Choice|1	BONUS:VAR|CompanionCPLvl|3
FOLLOWER:SpecialMountLvl=17	TYPE:Special Mount																																												BONUS:VAR|CompanionCPLvl|3
FOLLOWER:SpecialMountLvl=18	TYPE:Special Mount	HD:1																				BONUS:COMBAT|BAB|1|TYPE=CompanionBonus.STACK	BONUS:COMBAT|AC|1|TYPE=NaturalArmor.STACK									BONUS:VAR|CompanionCPLvl|3
FOLLOWER:SpecialMountLvl=19	TYPE:Special Mount																																												BONUS:VAR|CompanionCPLvl|3
FOLLOWER:SpecialMountLvl=20	TYPE:Special Mount	HD:1																				BONUS:COMBAT|BAB|1|TYPE=CompanionBonus.STACK	BONUS:COMBAT|AC|1|TYPE=NaturalArmor.STACK									BONUS:VAR|CompanionCPLvl|3


###Block: Animal Progression
# Class of the Master		Type				Hit Dice	Ability																	Define			Save checks bonus																Combat bonus													Stat bonus							Modify VAR								Main Race Type
FOLLOWER:CompanionLvl=1		TYPE:Animal Companion			ABILITY:Special Ability|AUTOMATIC|Character Points For Companions|Animal Tricks and Training|Bonus Tricks	DEFINE:CompanionCPLvl|0																																										BONUS:VAR|CompanionCPLvl|3					RACETYPE:Magical Beast
FOLLOWER:CompanionLvl=2		TYPE:Animal Companion																																																																		BONUS:VAR|CompanionCPLvl|3
FOLLOWER:CompanionLvl=3		TYPE:Animal Companion	HD:2																				DEFINE:BonusTricks|0	BONUS:CHECKS|Fortitude,Reflex|2|TYPE=CompanionBonus.STACK	BONUS:CHECKS|Will|1|TYPE=CompanionBonus.STACK	BONUS:COMBAT|BAB|2|TYPE=CompanionBonus.STACK	BONUS:COMBAT|AC|2|TYPE=NaturalArmor.STACK	BONUS:STAT|STR,DEX|1|TYPE=CompanionBonus.STACK	BONUS:VAR|CompanionCPLvl|3	BONUS:VAR|BonusTricks|1
FOLLOWER:CompanionLvl=4		TYPE:Animal Companion																																																																		BONUS:VAR|CompanionCPLvl|3
FOLLOWER:CompanionLvl=5		TYPE:Animal Companion																																																																		BONUS:VAR|CompanionCPLvl|3
FOLLOWER:CompanionLvl=6		TYPE:Animal Companion	HD:2																								BONUS:CHECKS|Fortitude,Reflex|2|TYPE=CompanionBonus.STACK	BONUS:CHECKS|Will|1|TYPE=CompanionBonus.STACK	BONUS:COMBAT|BAB|2|TYPE=CompanionBonus.STACK	BONUS:COMBAT|AC|2|TYPE=NaturalArmor.STACK	BONUS:STAT|STR,DEX|1|TYPE=CompanionBonus.STACK	BONUS:VAR|CompanionCPLvl|3	BONUS:VAR|BonusTricks|1
FOLLOWER:CompanionLvl=7		TYPE:Animal Companion																																																																		BONUS:VAR|CompanionCPLvl|3
FOLLOWER:CompanionLvl=8		TYPE:Animal Companion																																																																		BONUS:VAR|CompanionCPLvl|3
FOLLOWER:CompanionLvl=9		TYPE:Animal Companion	HD:2																								BONUS:CHECKS|Fortitude,Reflex|2|TYPE=CompanionBonus.STACK	BONUS:CHECKS|Will|1|TYPE=CompanionBonus.STACK	BONUS:COMBAT|BAB|2|TYPE=CompanionBonus.STACK	BONUS:COMBAT|AC|2|TYPE=NaturalArmor.STACK	BONUS:STAT|STR,DEX|1|TYPE=CompanionBonus.STACK	BONUS:VAR|CompanionCPLvl|3	BONUS:VAR|BonusTricks|1
FOLLOWER:CompanionLvl=10	TYPE:Animal Companion																																																																		BONUS:VAR|CompanionCPLvl|3
FOLLOWER:CompanionLvl=11	TYPE:Animal Companion																																																																		BONUS:VAR|CompanionCPLvl|3
FOLLOWER:CompanionLvl=12	TYPE:Animal Companion	HD:2																								BONUS:CHECKS|Fortitude,Reflex|2|TYPE=CompanionBonus.STACK	BONUS:CHECKS|Will|1|TYPE=CompanionBonus.STACK	BONUS:COMBAT|BAB|2|TYPE=CompanionBonus.STACK	BONUS:COMBAT|AC|2|TYPE=NaturalArmor.STACK	BONUS:STAT|STR,DEX|1|TYPE=CompanionBonus.STACK	BONUS:VAR|CompanionCPLvl|3	BONUS:VAR|BonusTricks|1
FOLLOWER:CompanionLvl=13	TYPE:Animal Companion																																																																		BONUS:VAR|CompanionCPLvl|3
FOLLOWER:CompanionLvl=14	TYPE:Animal Companion																																																																		BONUS:VAR|CompanionCPLvl|3
FOLLOWER:CompanionLvl=15	TYPE:Animal Companion	HD:2																								BONUS:CHECKS|Fortitude,Reflex|2|TYPE=CompanionBonus.STACK	BONUS:CHECKS|Will|1|TYPE=CompanionBonus.STACK	BONUS:COMBAT|BAB|2|TYPE=CompanionBonus.STACK	BONUS:COMBAT|AC|2|TYPE=NaturalArmor.STACK	BONUS:STAT|STR,DEX|1|TYPE=CompanionBonus.STACK	BONUS:VAR|CompanionCPLvl|3	BONUS:VAR|BonusTricks|1
FOLLOWER:CompanionLvl=16	TYPE:Animal Companion																																																																		BONUS:VAR|CompanionCPLvl|3
FOLLOWER:CompanionLvl=17	TYPE:Animal Companion																																																																		BONUS:VAR|CompanionCPLvl|3
FOLLOWER:CompanionLvl=18	TYPE:Animal Companion	HD:2																								BONUS:CHECKS|Fortitude,Reflex|2|TYPE=CompanionBonus.STACK	BONUS:CHECKS|Will|1|TYPE=CompanionBonus.STACK	BONUS:COMBAT|BAB|2|TYPE=CompanionBonus.STACK	BONUS:COMBAT|AC|2|TYPE=NaturalArmor.STACK	BONUS:STAT|STR,DEX|1|TYPE=CompanionBonus.STACK	BONUS:VAR|CompanionCPLvl|3	BONUS:VAR|BonusTricks|1
FOLLOWER:CompanionLvl=19	TYPE:Animal Companion																																																																		BONUS:VAR|CompanionCPLvl|3
FOLLOWER:CompanionLvl=20	TYPE:Animal Companion																																																																		BONUS:VAR|CompanionCPLvl|3

###Block: For Homebrews or different creatures - Currently testing Master > Follower Issues.
# Class of the Master		Type
FOLLOWER:OtherCompanionLvl=1	TYPE:Other Companion				ABILITY:Special Ability|AUTOMATIC|Character Points For Companions|Animal Tricks and Training|Bonus Tricks			BONUS:VAR|CompanionCPLvl|CompanionTransferenceValue	BONUS:VAR|BonusTricks|20	DEFINE:CompanionTransferenceValue|0																																BONUS:COMBAT|AC|CompanionCPLvl
FOLLOWER:OtherCompanionLvl=2	TYPE:Other Companion																								BONUS:VAR|CompanionCPLvl|2*var("OtherCompanionLvl")	DEFINE:OtherCompanionLvl|0