
# Stats - Measured in d12s
Body	ASPECT:NAME|Body %1d12|BodyDice	CATEGORY:Special Ability	TYPE:StatDisplay	DEFINE:BodyDice|0		BONUS:VAR|BodyDice|BOD
Sense	ASPECT:NAME|Sense %1d12|SenseDice	CATEGORY:Special Ability	TYPE:StatDisplay	DEFINE:SenseDice|0	BONUS:VAR|SenseDice|SEN
Mind	ASPECT:NAME|Mind %1d12|MindDice	CATEGORY:Special Ability	TYPE:StatDisplay	DEFINE:MindDice|0		BONUS:VAR|MindDice|MND
#
Body +1	BONUS:LOCKEDSTAT|BOD|1		CATEGORY:Special Ability	TYPE:STATPurchase	MULT:YES	CHOOSE:NOCHOICE	STACK:YES
Sense +1	BONUS:LOCKEDSTAT|SEN|1		CATEGORY:Special Ability	TYPE:STATPurchase	MULT:YES	CHOOSE:NOCHOICE	STACK:YES
Mind +1	BONUS:LOCKEDSTAT|MND|1		CATEGORY:Special Ability	TYPE:STATPurchase	MULT:YES	CHOOSE:NOCHOICE	STACK:YES	
###Block:
Mission Reward		CATEGORY:Special Ability	TYPE:Mission	MULT:YES	STACK:YES	CHOOSE:STRING|1|2|3|4|5|6|7|8|9|10	BONUS:VAR|TrainingPool|%LIST
Achievement Award		CATEGORY:Special Ability	TYPE:Mission	MULT:YES	STACK:YES	CHOOSE:STRING|1|2|3|4|5|6|7|8|9|10	BONUS:VAR|TrainingPool|%LIST

# COMMENT: Defines the Focus Additional Cost Increase, and separately handles the Pool Deduction - Had to be different otherwise we would be paying before we should.
Default	CATEGORY:Internal	VISIBLE:NO	TYPE:AutoGranted	DEFINE:AdditionalFocusTrainingCost|0	BONUS:VAR|AdditionalFocusTrainingCost|2|PREABILITY:1,CATEGORY=Special Ability,TYPE.Focus	BONUS:VAR|AdditionalFocusTrainingCost|4|PREABILITY:2,CATEGORY=Special Ability,TYPE.Focus		BONUS:VAR|AdditionalFocusTrainingCost|8|PREABILITY:3,CATEGORY=Special Ability,TYPE.Focus	BONUS:VAR|TrainingPool|-FocusTrainingCostIncrease	DEFINE:FocusTrainingCostIncrease|0	BONUS:VAR|FocusTrainingCostIncrease|2|PREABILITY:2,CATEGORY=Special Ability,TYPE.Focus	BONUS:VAR|FocusTrainingCostIncrease|4|PREABILITY:3,CATEGORY=Special Ability,TYPE.Focus		BONUS:VAR|FocusTrainingCostIncrease|8|PREABILITY:4,CATEGORY=Special Ability,TYPE.Focus	ABILITY:Special Ability|AUTOMATIC|TYPE=AutoReaction	
	BONUS:ABILITYPOOL|Stat Purchase|2


