#SOURCELONG:Occult Adventures	SOURCESHORT:OA	SOURCEWEB:http://paizo.com/products/btpy9a0h

###
#	Mesmerist
###
#Mesmerist	CATEGORY:Class
#CATEGORY=Class|Mesmerist.MOD	DEFINE:Mesmerist_CF_ClassSkills|0		BONUS:VAR|Mesmerist_CF_ClassSkills|1|TYPE=Boolean|PREFACT:1,ABILITIES,Mesmerist_CF_ClassSkills=True
#CATEGORY=Class|Mesmerist.MOD	DEFINE:Mesmerist_CF_Proficiencies|0		BONUS:VAR|Mesmerist_CF_Proficiencies|1|TYPE=Boolean|PREFACT:1,ABILITIES,Mesmerist_CF_Proficiencies=True
#CATEGORY=Class|Mesmerist.MOD	DEFINE:Mesmerist_CF_ConsummateLiar|0	BONUS:VAR|Mesmerist_CF_ConsummateLiar|1|TYPE=Boolean|PREFACT:1,ABILITIES,Mesmerist_CF_ConsummateLiar=True
#CATEGORY=Class|Mesmerist.MOD	DEFINE:Mesmerist_CF_HypnoticStare|0		BONUS:VAR|Mesmerist_CF_HypnoticStare|1|TYPE=Boolean|PREFACT:1,ABILITIES,Mesmerist_CF_HypnoticStare=True
#CATEGORY=Class|Mesmerist.MOD	DEFINE:Mesmerist_CF_Knacks|0			BONUS:VAR|Mesmerist_CF_Knacks|1|TYPE=Boolean|PREFACT:1,ABILITIES,Mesmerist_CF_Knacks=True
#CATEGORY=Class|Mesmerist.MOD	DEFINE:Mesmerist_CF_MesmeristTrick|0	BONUS:VAR|Mesmerist_CF_MesmeristTrick|1|TYPE=Boolean|PREFACT:1,ABILITIES,Mesmerist_CF_MesmeristTrick=True
#CATEGORY=Class|Mesmerist.MOD	DEFINE:Mesmerist_CF_PainfulStare|0		BONUS:VAR|Mesmerist_CF_PainfulStare|1|TYPE=Boolean|PREFACT:1,ABILITIES,Mesmerist_CF_PainfulStare=True
#CATEGORY=Class|Mesmerist.MOD	DEFINE:Mesmerist_CF_ToweringEgo|0		BONUS:VAR|Mesmerist_CF_ToweringEgo|1|TYPE=Boolean|PREFACT:1,ABILITIES,Mesmerist_CF_ToweringEgo=True
#CATEGORY=Class|Mesmerist.MOD	DEFINE:Mesmerist_CF_BoldStare|0		BONUS:VAR|Mesmerist_CF_BoldStare|1|TYPE=Boolean|PREFACT:1,ABILITIES,Mesmerist_CF_BoldStare=True
#CATEGORY=Class|Mesmerist.MOD	DEFINE:Mesmerist_CF_TouchTreatment|0	BONUS:VAR|Mesmerist_CF_TouchTreatment|1|TYPE=Boolean|PREFACT:1,ABILITIES,Mesmerist_CF_TouchTreatment=True
#CATEGORY=Class|Mesmerist.MOD	DEFINE:Mesmerist_CF_ManifoldTricks|0	BONUS:VAR|Mesmerist_CF_ManifoldTricks|1|TYPE=Boolean|PREFACT:1,ABILITIES,Mesmerist_CF_ManifoldTricks=True
#CATEGORY=Class|Mesmerist.MOD	DEFINE:Mesmerist_CF_MentalPotency|0		BONUS:VAR|Mesmerist_CF_MentalPotency|1|TYPE=Boolean|PREFACT:1,ABILITIES,Mesmerist_CF_MentalPotency=True
#CATEGORY=Class|Mesmerist.MOD	DEFINE:Mesmerist_CF_GlibLie|0			BONUS:VAR|Mesmerist_CF_GlibLie|1|TYPE=Boolean|PREFACT:1,ABILITIES,Mesmerist_CF_GlibLie=True
#CATEGORY=Class|Mesmerist.MOD	DEFINE:Mesmerist_CF_MasterfulTricks|0	BONUS:VAR|Mesmerist_CF_MasterfulTricks|1|TYPE=Boolean|PREFACT:1,ABILITIES,Mesmerist_CF_MasterfulTricks=True
#CATEGORY=Class|Mesmerist.MOD	DEFINE:Mesmerist_CF_RuleMinds|0		BONUS:VAR|Mesmerist_CF_RuleMinds|1|TYPE=Boolean|PREFACT:1,ABILITIES,Mesmerist_CF_RuleMinds=True

# Bard Archetype Section
FACTDEF:ABILITY|Mesmerist_Archetype_ClassSkills		DATAFORMAT:BOOLEAN	VISIBLE:YES	SELECTABLE:NO	REQUIRED:NO	DISPLAYNAME:Class Skills	EXPLANATION:Determines whether the archetype affects Class Skills
FACTDEF:ABILITY|Mesmerist_Archetype_Proficiencies	DATAFORMAT:BOOLEAN	VISIBLE:YES	SELECTABLE:NO	REQUIRED:NO	DISPLAYNAME:Proficiencies	EXPLANATION:Determines whether the archetype affects Proficiencies
FACTDEF:ABILITY|Mesmerist_Archetype_ConsummateLiar	DATAFORMAT:BOOLEAN	VISIBLE:YES	SELECTABLE:NO	REQUIRED:NO	DISPLAYNAME:Consummate Liar	EXPLANATION:Determines whether the archetype affects Consummate Liar
FACTDEF:ABILITY|Mesmerist_Archetype_HypnoticStare	DATAFORMAT:BOOLEAN	VISIBLE:YES	SELECTABLE:NO	REQUIRED:NO	DISPLAYNAME:Hypnotic Stare	EXPLANATION:Determines whether the archetype affects Hypnotic Stare
FACTDEF:ABILITY|Mesmerist_Archetype_Knacks		DATAFORMAT:BOOLEAN	VISIBLE:YES	SELECTABLE:NO	REQUIRED:NO	DISPLAYNAME:Knacks		EXPLANATION:Determines whether the archetype affects Knacks
FACTDEF:ABILITY|Mesmerist_Archetype_MesmeristTricks	DATAFORMAT:BOOLEAN	VISIBLE:YES	SELECTABLE:NO	REQUIRED:NO	DISPLAYNAME:Mesmerist Tricks	EXPLANATION:Determines whether the archetype affects Mesmerist Tricks
FACTDEF:ABILITY|Mesmerist_Archetype_PainfulStare	DATAFORMAT:BOOLEAN	VISIBLE:YES	SELECTABLE:NO	REQUIRED:NO	DISPLAYNAME:Painful Stare	EXPLANATION:Determines whether the archetype affects Painful Stare
FACTDEF:ABILITY|Mesmerist_Archetype_ToweringEgo		DATAFORMAT:BOOLEAN	VISIBLE:YES	SELECTABLE:NO	REQUIRED:NO	DISPLAYNAME:Towering Ego	EXPLANATION:Determines whether the archetype affects Towering Ego
FACTDEF:ABILITY|Mesmerist_Archetype_BoldStare		DATAFORMAT:BOOLEAN	VISIBLE:YES	SELECTABLE:NO	REQUIRED:NO	DISPLAYNAME:Bold Stare		EXPLANATION:Determines whether the archetype affects Bold Stare
FACTDEF:ABILITY|Mesmerist_Archetype_TouchTreatment	DATAFORMAT:BOOLEAN	VISIBLE:YES	SELECTABLE:NO	REQUIRED:NO	DISPLAYNAME:Touch Treatment	EXPLANATION:Determines whether the archetype affects Touch Treatment
FACTDEF:ABILITY|Mesmerist_Archetype_ManifoldTricks	DATAFORMAT:BOOLEAN	VISIBLE:YES	SELECTABLE:NO	REQUIRED:NO	DISPLAYNAME:Manifold Tricks	EXPLANATION:Determines whether the archetype affects Manifold Tricks
FACTDEF:ABILITY|Mesmerist_Archetype_MentalPotency	DATAFORMAT:BOOLEAN	VISIBLE:YES	SELECTABLE:NO	REQUIRED:NO	DISPLAYNAME:Mental Potency	EXPLANATION:Determines whether the archetype affects Mental Potency
FACTDEF:ABILITY|Mesmerist_Archetype_GlibLie		DATAFORMAT:BOOLEAN	VISIBLE:YES	SELECTABLE:NO	REQUIRED:NO	DISPLAYNAME:Glib Lie		EXPLANATION:Determines whether the archetype affects Glib Lie
FACTDEF:ABILITY|Mesmerist_Archetype_MasterfulTricks	DATAFORMAT:BOOLEAN	VISIBLE:YES	SELECTABLE:NO	REQUIRED:NO	DISPLAYNAME:Masterful Tricks	EXPLANATION:Determines whether the archetype affects Masterful Tricks
FACTDEF:ABILITY|Mesmerist_Archetype_RuleMinds		DATAFORMAT:BOOLEAN	VISIBLE:YES	SELECTABLE:NO	REQUIRED:NO	DISPLAYNAME:Rule Minds		EXPLANATION:Determines whether the archetype affects Rule Minds

FACTDEF:ABILITY|Mesmerist_Archetype_MesmeristTrick1	DATAFORMAT:BOOLEAN	VISIBLE:YES	SELECTABLE:NO	REQUIRED:NO	DISPLAYNAME:Mesmerist Trick 1	EXPLANATION:Determines whether the archetype affects Mesmerist Trick 1

FACTDEF:ABILITY|Mesmerist_CF_ClassSkills			DATAFORMAT:BOOLEAN	VISIBLE:YES	SELECTABLE:NO	REQUIRED:NO	DISPLAYNAME:Class Skills	EXPLANATION:Mesmerist Class Skills removed
FACTDEF:ABILITY|Mesmerist_CF_Proficiencies		DATAFORMAT:BOOLEAN	VISIBLE:YES	SELECTABLE:NO	REQUIRED:NO	DISPLAYNAME:Proficiencies	EXPLANATION:Mesmerist Proficiencies removed
FACTDEF:ABILITY|Mesmerist_CF_ConsummateLiar		DATAFORMAT:BOOLEAN	VISIBLE:YES	SELECTABLE:NO	REQUIRED:NO	DISPLAYNAME:Consummate Liar	EXPLANATION:Mesmerist Consummate Liar removed
FACTDEF:ABILITY|Mesmerist_CF_HypnoticStare		DATAFORMAT:BOOLEAN	VISIBLE:YES	SELECTABLE:NO	REQUIRED:NO	DISPLAYNAME:Hypnotic Stare	EXPLANATION:Mesmerist Hypnotic Stare removed
FACTDEF:ABILITY|Mesmerist_CF_Knacks				DATAFORMAT:BOOLEAN	VISIBLE:YES	SELECTABLE:NO	REQUIRED:NO	DISPLAYNAME:Knacks		EXPLANATION:Mesmerist Knacks removed
FACTDEF:ABILITY|Mesmerist_CF_MesmeristTricks		DATAFORMAT:BOOLEAN	VISIBLE:YES	SELECTABLE:NO	REQUIRED:NO	DISPLAYNAME:Mesmerist Tricks	EXPLANATION:Mesmerist Tricks removed
FACTDEF:ABILITY|Mesmerist_CF_PainfulStare			DATAFORMAT:BOOLEAN	VISIBLE:YES	SELECTABLE:NO	REQUIRED:NO	DISPLAYNAME:Painful Stare	EXPLANATION:Mesmerist Painful Stare removed
FACTDEF:ABILITY|Mesmerist_CF_ToweringEgo			DATAFORMAT:BOOLEAN	VISIBLE:YES	SELECTABLE:NO	REQUIRED:NO	DISPLAYNAME:Towering Ego	EXPLANATION:Mesmerist Towering Ego removed
FACTDEF:ABILITY|Mesmerist_CF_BoldStare			DATAFORMAT:BOOLEAN	VISIBLE:YES	SELECTABLE:NO	REQUIRED:NO	DISPLAYNAME:Bold Stare		EXPLANATION:Mesmerist Bold Stare removed
FACTDEF:ABILITY|Mesmerist_CF_TouchTreatment		DATAFORMAT:BOOLEAN	VISIBLE:YES	SELECTABLE:NO	REQUIRED:NO	DISPLAYNAME:Touch Treatment	EXPLANATION:Mesmerist Touch Treatment removed
FACTDEF:ABILITY|Mesmerist_CF_ManifoldTricks		DATAFORMAT:BOOLEAN	VISIBLE:YES	SELECTABLE:NO	REQUIRED:NO	DISPLAYNAME:Manifold Tricks	EXPLANATION:Mesmerist Manifold Tricks removed
FACTDEF:ABILITY|Mesmerist_CF_MentalPotency		DATAFORMAT:BOOLEAN	VISIBLE:YES	SELECTABLE:NO	REQUIRED:NO	DISPLAYNAME:Mental Potency	EXPLANATION:Mesmerist Mental Potency removed
FACTDEF:ABILITY|Mesmerist_CF_GlibLie			DATAFORMAT:BOOLEAN	VISIBLE:YES	SELECTABLE:NO	REQUIRED:NO	DISPLAYNAME:Glib Lie		EXPLANATION:Mesmerist Glib Lie removed
FACTDEF:ABILITY|Mesmerist_CF_MasterfulTricks		DATAFORMAT:BOOLEAN	VISIBLE:YES	SELECTABLE:NO	REQUIRED:NO	DISPLAYNAME:Masterful Tricks	EXPLANATION:Mesmerist Masterful Tricks removed
FACTDEF:ABILITY|Mesmerist_CF_RuleMinds			DATAFORMAT:BOOLEAN	VISIBLE:YES	SELECTABLE:NO	REQUIRED:NO	DISPLAYNAME:Rule Minds		EXPLANATION:Mesmerist Rule Minds removed

FACTDEF:ABILITY|Mesmerist_CF_MesmeristTrick1		DATAFORMAT:BOOLEAN	VISIBLE:YES	SELECTABLE:NO	REQUIRED:NO	DISPLAYNAME:Mesmerist Trick 1	EXPLANATION:Mesmerist Trick 1 removed
