# CVS $Revision: $ $Author: $ -- Fri Jan 29 20:50:52 2016 -- reformated by PCGen PrettyLST v6.06.00
SOURCELONG:Blood of the Elements	SOURCESHORT:BOTE	SOURCEWEB:http://paizo.com/products/btpy978p?Pathfinder-Player-Companion-Blood-of-the-Elements	SOURCEDATE:2014-06
# ORIGINAL ENTRY: Gwen T. (evilpixie87)
# ORIGINAL ENTRY DATE: 4 April 2016

# ==============================
# New Regional Affinity
# ==============================

Regional Affinity (City of Brass)										VISIBLE:NO		LANGBONUS:Ignan			REGION:City of Brass		SOURCEPAGE:p.27
Regional Affinity (Eye of Abendego)				NAMEISPI:YES			VISIBLE:NO								REGION:Eye of Abendego		SOURCEPAGE:p.13
Regional Affinity (Plane of Air)										VISIBLE:NO		LANGBONUS:Auran			REGION:Plane of Air			SOURCEPAGE:p.19
Regional Affinity (Plane of Earth)										VISIBLE:NO		LANGBONUS:Terran		REGION:Plane of Earth		SOURCEPAGE:p.21
Regional Affinity (Plane of Fire)										VISIBLE:NO		LANGBONUS:Ignan			REGION:Plane of Fire		SOURCEPAGE:p.23
Regional Affinity (Plane of Water)										VISIBLE:NO		LANGBONUS:Aquan			REGION:Plane of Water		SOURCEPAGE:p.25

# ==============================
# Trait support
# ==============================

Armun Kelisk Language			VISIBLE:NO			LANGBONUS:Auran
