# CVS $Revision: $ $Author: $ -- Sat Jun 12 08:52:41 2004 -- reformated by prettylst.pl v1.32 (build 353)
SOURCELONG:Codex of Erde|SOURCESHORT:CodexErde|SOURCEWEB:http://www.trolllord.com
# Original Entry by: Tir Gwaith

# PI? Not specifically mentioned on p.5 PI declaration (Acknowledgements page)

# Domain Name	Spell						Source Page		Description							List of Domain Spells by Level
Command		SPELL:Command|1|Domain			SOURCEPAGE:p.207	DESC:Can cast Command once per day.			SPELLLEVEL:DOMAIN|Command=1|Charm Person|Command=2|Enthrall|Command=3|Suggestion|Command=4|Emotion|Command=5|Dominate Person|Command=6|Mass Suggestion|Command=7|Power Word (Stun)|Command=8|Trap the Soul|Command=9|Imprisonment
Confession		SPELL:Zone of Truth|1|Domain		SOURCEPAGE:p.207	DESC:Can cast Zone of Truth once per day.		SPELLLEVEL:DOMAIN|Confession=1|Divine Power|Confession=2|Augury|Confession=3|Prayer|Confession=4|Holy Sword|Confession=5|Atonement|Confession=6|Gaes/Quest|Confession=7|Holy Word|Confession=8|Holy Aura|Confession=9|Miracle
Dream			SPELL:Obscurring Mist|1|Domain	SOURCEPAGE:p.207	DESC:Can cast Obscurring Mist once per day.	SPELLLEVEL:DOMAIN|Dream=1|Evan's Minor Guardianship|Dream=2|Sleep|Dream=3|Clairaudience/Clairvoyance|Dream=4|Dimensional Anchor|Dream=5|Dream|Dream=6|Legend Lore|Dream=7|Limited Wish|Dream=8|Maze|Dream=9|Timestop
